Component: ARM Compiler 5.06 update 6 (build 750) Tool: armlink [4d35ed]

==============================================================================

Section Cross References

    startup_stm32l475xx.o(RESET) refers to startup_stm32l475xx.o(STACK) for __initial_sp
    startup_stm32l475xx.o(RESET) refers to startup_stm32l475xx.o(.text) for Reset_Handler
    startup_stm32l475xx.o(RESET) refers to stm32l4xx_it.o(i.NMI_Handler) for NMI_Handler
    startup_stm32l475xx.o(RESET) refers to stm32l4xx_it.o(i.HardFault_Handler) for HardFault_Handler
    startup_stm32l475xx.o(RESET) refers to stm32l4xx_it.o(i.MemManage_Handler) for MemManage_Handler
    startup_stm32l475xx.o(RESET) refers to stm32l4xx_it.o(i.BusFault_Handler) for BusFault_Handler
    startup_stm32l475xx.o(RESET) refers to stm32l4xx_it.o(i.UsageFault_Handler) for UsageFault_Handler
    startup_stm32l475xx.o(RESET) refers to stm32l4xx_it.o(i.SVC_Handler) for SVC_Handler
    startup_stm32l475xx.o(RESET) refers to stm32l4xx_it.o(i.DebugMon_Handler) for DebugMon_Handler
    startup_stm32l475xx.o(RESET) refers to stm32l4xx_it.o(i.PendSV_Handler) for PendSV_Handler
    startup_stm32l475xx.o(RESET) refers to stm32l4xx_it.o(i.SysTick_Handler) for SysTick_Handler
    startup_stm32l475xx.o(RESET) refers to stm32l4xx_it.o(i.DMA1_Channel3_IRQHandler) for DMA1_Channel3_IRQHandler
    startup_stm32l475xx.o(RESET) refers to stm32l4xx_it.o(i.DMA1_Channel4_IRQHandler) for DMA1_Channel4_IRQHandler
    startup_stm32l475xx.o(RESET) refers to stm32l4xx_it.o(i.DMA1_Channel5_IRQHandler) for DMA1_Channel5_IRQHandler
    startup_stm32l475xx.o(RESET) refers to stm32l4xx_it.o(i.TIM6_DAC_IRQHandler) for TIM6_DAC_IRQHandler
    startup_stm32l475xx.o(RESET) refers to stm32l4xx_it.o(i.QUADSPI_IRQHandler) for QUADSPI_IRQHandler
    startup_stm32l475xx.o(.text) refers to system_stm32l4xx.o(i.SystemInit) for SystemInit
    startup_stm32l475xx.o(.text) refers to entry.o(.ARM.Collect$$$$00000000) for __main
    stm32l475e_iot01_qspi.o(i.BSP_QSPI_DeInit) refers to stm32l4xx_hal_qspi.o(i.HAL_QSPI_DeInit) for HAL_QSPI_DeInit
    stm32l475e_iot01_qspi.o(i.BSP_QSPI_DeInit) refers to stm32l475e_iot01_qspi.o(i.BSP_QSPI_MspDeInit) for BSP_QSPI_MspDeInit
    stm32l475e_iot01_qspi.o(i.BSP_QSPI_DeInit) refers to stm32l475e_iot01_qspi.o(.bss) for QSPIHandle
    stm32l475e_iot01_qspi.o(i.BSP_QSPI_EnableMemoryMappedMode) refers to stm32l4xx_hal_qspi.o(i.HAL_QSPI_MemoryMapped) for HAL_QSPI_MemoryMapped
    stm32l475e_iot01_qspi.o(i.BSP_QSPI_EnableMemoryMappedMode) refers to stm32l475e_iot01_qspi.o(.bss) for QSPIHandle
    stm32l475e_iot01_qspi.o(i.BSP_QSPI_EnterDeepPowerDown) refers to stm32l4xx_hal_qspi.o(i.HAL_QSPI_Command) for HAL_QSPI_Command
    stm32l475e_iot01_qspi.o(i.BSP_QSPI_EnterDeepPowerDown) refers to stm32l475e_iot01_qspi.o(.bss) for QSPIHandle
    stm32l475e_iot01_qspi.o(i.BSP_QSPI_Erase_Block) refers to stm32l475e_iot01_qspi.o(i.QSPI_WriteEnable) for QSPI_WriteEnable
    stm32l475e_iot01_qspi.o(i.BSP_QSPI_Erase_Block) refers to stm32l4xx_hal_qspi.o(i.HAL_QSPI_Command) for HAL_QSPI_Command
    stm32l475e_iot01_qspi.o(i.BSP_QSPI_Erase_Block) refers to stm32l475e_iot01_qspi.o(i.QSPI_AutoPollingMemReady) for QSPI_AutoPollingMemReady
    stm32l475e_iot01_qspi.o(i.BSP_QSPI_Erase_Block) refers to stm32l475e_iot01_qspi.o(.bss) for QSPIHandle
    stm32l475e_iot01_qspi.o(i.BSP_QSPI_Erase_Chip) refers to stm32l475e_iot01_qspi.o(i.QSPI_WriteEnable) for QSPI_WriteEnable
    stm32l475e_iot01_qspi.o(i.BSP_QSPI_Erase_Chip) refers to stm32l4xx_hal_qspi.o(i.HAL_QSPI_Command) for HAL_QSPI_Command
    stm32l475e_iot01_qspi.o(i.BSP_QSPI_Erase_Chip) refers to stm32l475e_iot01_qspi.o(i.QSPI_AutoPollingMemReady) for QSPI_AutoPollingMemReady
    stm32l475e_iot01_qspi.o(i.BSP_QSPI_Erase_Chip) refers to stm32l475e_iot01_qspi.o(.bss) for QSPIHandle
    stm32l475e_iot01_qspi.o(i.BSP_QSPI_Erase_Sector) refers to stm32l475e_iot01_qspi.o(i.QSPI_WriteEnable) for QSPI_WriteEnable
    stm32l475e_iot01_qspi.o(i.BSP_QSPI_Erase_Sector) refers to stm32l4xx_hal_qspi.o(i.HAL_QSPI_Command) for HAL_QSPI_Command
    stm32l475e_iot01_qspi.o(i.BSP_QSPI_Erase_Sector) refers to stm32l475e_iot01_qspi.o(.bss) for QSPIHandle
    stm32l475e_iot01_qspi.o(i.BSP_QSPI_GetStatus) refers to stm32l4xx_hal_qspi.o(i.HAL_QSPI_Command) for HAL_QSPI_Command
    stm32l475e_iot01_qspi.o(i.BSP_QSPI_GetStatus) refers to stm32l4xx_hal_qspi.o(i.HAL_QSPI_Receive) for HAL_QSPI_Receive
    stm32l475e_iot01_qspi.o(i.BSP_QSPI_GetStatus) refers to stm32l475e_iot01_qspi.o(.bss) for QSPIHandle
    stm32l475e_iot01_qspi.o(i.BSP_QSPI_Init) refers to stm32l4xx_hal_qspi.o(i.HAL_QSPI_DeInit) for HAL_QSPI_DeInit
    stm32l475e_iot01_qspi.o(i.BSP_QSPI_Init) refers to stm32l475e_iot01_qspi.o(i.BSP_QSPI_MspInit) for BSP_QSPI_MspInit
    stm32l475e_iot01_qspi.o(i.BSP_QSPI_Init) refers to stm32l4xx_hal_qspi.o(i.HAL_QSPI_Init) for HAL_QSPI_Init
    stm32l475e_iot01_qspi.o(i.BSP_QSPI_Init) refers to stm32l475e_iot01_qspi.o(i.QSPI_ResetMemory) for QSPI_ResetMemory
[...]
    Removing stm32l4xx_hal_rcc.o(i.HAL_RCC_MCOConfig), (92 bytes).
    Removing stm32l4xx_hal_rcc.o(i.HAL_RCC_NMI_IRQHandler), (36 bytes).
    Removing stm32l4xx_hal_rcc_ex.o(.rev16_text), (4 bytes).
    Removing stm32l4xx_hal_rcc_ex.o(.revsh_text), (4 bytes).
    Removing stm32l4xx_hal_rcc_ex.o(.rrx_text), (6 bytes).
    Removing stm32l4xx_hal_rcc_ex.o(i.HAL_RCCEx_DisableLSCO), (112 bytes).
    Removing stm32l4xx_hal_rcc_ex.o(i.HAL_RCCEx_DisableLSECSS), (32 bytes).
    Removing stm32l4xx_hal_rcc_ex.o(i.HAL_RCCEx_DisableMSIPLLMode), (20 bytes).
    Removing stm32l4xx_hal_rcc_ex.o(i.HAL_RCCEx_DisablePLLSAI1), (96 bytes).
    Removing stm32l4xx_hal_rcc_ex.o(i.HAL_RCCEx_DisablePLLSAI2), (96 bytes).
    Removing stm32l4xx_hal_rcc_ex.o(i.HAL_RCCEx_EnableLSCO), (180 bytes).
    Removing stm32l4xx_hal_rcc_ex.o(i.HAL_RCCEx_EnableLSECSS), (24 bytes).
    Removing stm32l4xx_hal_rcc_ex.o(i.HAL_RCCEx_EnableLSECSS_IT), (64 bytes).
    Removing stm32l4xx_hal_rcc_ex.o(i.HAL_RCCEx_EnableMSIPLLMode), (20 bytes).
    Removing stm32l4xx_hal_rcc_ex.o(i.HAL_RCCEx_EnablePLLSAI1), (160 bytes).
    Removing stm32l4xx_hal_rcc_ex.o(i.HAL_RCCEx_EnablePLLSAI2), (152 bytes).
    Removing stm32l4xx_hal_rcc_ex.o(i.HAL_RCCEx_GetPeriphCLKConfig), (384 bytes).
    Removing stm32l4xx_hal_rcc_ex.o(i.HAL_RCCEx_GetPeriphCLKFreq), (1940 bytes).
    Removing stm32l4xx_hal_rcc_ex.o(i.HAL_RCCEx_LSECSS_Callback), (2 bytes).
    Removing stm32l4xx_hal_rcc_ex.o(i.HAL_RCCEx_LSECSS_IRQHandler), (36 bytes).
    Removing stm32l4xx_hal_rcc_ex.o(i.HAL_RCCEx_PeriphCLKConfig), (1236 bytes).
    Removing stm32l4xx_hal_rcc_ex.o(i.HAL_RCCEx_StandbyMSIRangeConfig), (28 bytes).
    Removing stm32l4xx_hal_rcc_ex.o(i.HAL_RCCEx_WakeUpStopCLKConfig), (20 bytes).
    Removing stm32l4xx_hal_rcc_ex.o(i.RCCEx_GetSAIxPeriphCLKFreq), (308 bytes).
    Removing stm32l4xx_hal_rcc_ex.o(i.RCCEx_PLLSAI1_Config), (396 bytes).
    Removing stm32l4xx_hal_rcc_ex.o(i.RCCEx_PLLSAI2_Config), (356 bytes).
    Removing stm32l4xx_hal_flash.o(.rev16_text), (4 bytes).
    Removing stm32l4xx_hal_flash.o(.revsh_text), (4 bytes).
    Removing stm32l4xx_hal_flash.o(.rrx_text), (6 bytes).
    Removing stm32l4xx_hal_flash.o(i.FLASH_Program_DoubleWord), (24 bytes).
    Removing stm32l4xx_hal_flash.o(i.FLASH_Program_Fast), (48 bytes).
    Removing stm32l4xx_hal_flash.o(i.FLASH_WaitForLastOperation), (152 bytes).
    Removing stm32l4xx_hal_flash.o(i.HAL_FLASH_EndOfOperationCallback), (2 bytes).
    Removing stm32l4xx_hal_flash.o(i.HAL_FLASH_GetError), (12 bytes).
    Removing stm32l4xx_hal_flash.o(i.HAL_FLASH_IRQHandler), (372 bytes).
    Removing stm32l4xx_hal_flash.o(i.HAL_FLASH_Lock), (20 bytes).
    Removing stm32l4xx_hal_flash.o(i.HAL_FLASH_OB_Launch), (28 bytes).
    Removing stm32l4xx_hal_flash.o(i.HAL_FLASH_OB_Lock), (20 bytes).
    Removing stm32l4xx_hal_flash.o(i.HAL_FLASH_OB_Unlock), (44 bytes).
    Removing stm32l4xx_hal_flash.o(i.HAL_FLASH_OperationErrorCallback), (2 bytes).
    Removing stm32l4xx_hal_flash.o(i.HAL_FLASH_Program), (192 bytes).
    Removing stm32l4xx_hal_flash.o(i.HAL_FLASH_Program_IT), (160 bytes).
    Removing stm32l4xx_hal_flash.o(i.HAL_FLASH_Unlock), (48 bytes).
    Removing stm32l4xx_hal_flash.o(.data), (32 bytes).
    Removing stm32l4xx_hal_flash_ex.o(.rev16_text), (4 bytes).
    Removing stm32l4xx_hal_flash_ex.o(.revsh_text), (4 bytes).
    Removing stm32l4xx_hal_flash_ex.o(.rrx_text), (6 bytes).
    Removing stm32l4xx_hal_flash_ex.o(i.FLASH_FlushCaches), (108 bytes).
    Removing stm32l4xx_hal_flash_ex.o(i.FLASH_MassErase), (56 bytes).
    Removing stm32l4xx_hal_flash_ex.o(i.FLASH_OB_GetPCROP), (188 bytes).
    Removing stm32l4xx_hal_flash_ex.o(i.FLASH_OB_GetRDP), (32 bytes).
    Removing stm32l4xx_hal_flash_ex.o(i.FLASH_OB_GetUser), (16 bytes).
    Removing stm32l4xx_hal_flash_ex.o(i.FLASH_OB_GetWRP), (100 bytes).
    Removing stm32l4xx_hal_flash_ex.o(i.FLASH_OB_PCROPConfig), (268 bytes).
    Removing stm32l4xx_hal_flash_ex.o(i.FLASH_OB_RDPConfig), (72 bytes).
    Removing stm32l4xx_hal_flash_ex.o(i.FLASH_OB_UserConfig), (296 bytes).
    Removing stm32l4xx_hal_flash_ex.o(i.FLASH_OB_WRPConfig), (164 bytes).
    Removing stm32l4xx_hal_flash_ex.o(i.FLASH_PageErase), (72 bytes).
    Removing stm32l4xx_hal_flash_ex.o(i.HAL_FLASHEx_Erase), (272 bytes).
    Removing stm32l4xx_hal_flash_ex.o(i.HAL_FLASHEx_Erase_IT), (200 bytes).
    Removing stm32l4xx_hal_flash_ex.o(i.HAL_FLASHEx_OBGetConfig), (96 bytes).
    Removing stm32l4xx_hal_flash_ex.o(i.HAL_FLASHEx_OBProgram), (140 bytes).
    Removing stm32l4xx_hal_flash_ramfunc.o(.rev16_text), (4 bytes).
    Removing stm32l4xx_hal_flash_ramfunc.o(.revsh_text), (4 bytes).
    Removing stm32l4xx_hal_flash_ramfunc.o(.rrx_text), (6 bytes).
    Removing stm32l4xx_hal_flash_ramfunc.o(i.HAL_FLASHEx_DisableRunPowerDown), (40 bytes).
    Removing stm32l4xx_hal_flash_ramfunc.o(i.HAL_FLASHEx_EnableRunPowerDown), (40 bytes).
    Removing stm32l4xx_hal_gpio.o(.rev16_text), (4 bytes).
    Removing stm32l4xx_hal_gpio.o(.revsh_text), (4 bytes).
    Removing stm32l4xx_hal_gpio.o(.rrx_text), (6 bytes).
    Removing stm32l4xx_hal_gpio.o(i.HAL_GPIO_EXTI_Callback), (2 bytes).
    Removing stm32l4xx_hal_gpio.o(i.HAL_GPIO_EXTI_IRQHandler), (28 bytes).
    Removing stm32l4xx_hal_gpio.o(i.HAL_GPIO_LockPin), (46 bytes).
    Removing stm32l4xx_hal_gpio.o(i.HAL_GPIO_ReadPin), (16 bytes).
    Removing stm32l4xx_hal_gpio.o(i.HAL_GPIO_TogglePin), (8 bytes).
    Removing stm32l4xx_hal_gpio.o(i.HAL_GPIO_WritePin), (10 bytes).
    Removing stm32l4xx_hal_dma.o(.rev16_text), (4 bytes).
    Removing stm32l4xx_hal_dma.o(.revsh_text), (4 bytes).
    Removing stm32l4xx_hal_dma.o(.rrx_text), (6 bytes).
    Removing stm32l4xx_hal_dma.o(i.HAL_DMA_GetError), (6 bytes).
    Removing stm32l4xx_hal_dma.o(i.HAL_DMA_GetState), (8 bytes).
    Removing stm32l4xx_hal_dma.o(i.HAL_DMA_PollForTransfer), (264 bytes).
    Removing stm32l4xx_hal_dma.o(i.HAL_DMA_RegisterCallback), (90 bytes).
    Removing stm32l4xx_hal_dma.o(i.HAL_DMA_Start), (114 bytes).
    Removing stm32l4xx_hal_dma.o(i.HAL_DMA_UnRegisterCallback), (106 bytes).
    Removing stm32l4xx_hal_dma_ex.o(.rev16_text), (4 bytes).
    Removing stm32l4xx_hal_dma_ex.o(.revsh_text), (4 bytes).
    Removing stm32l4xx_hal_dma_ex.o(.rrx_text), (6 bytes).
    Removing stm32l4xx_hal_pwr.o(.rev16_text), (4 bytes).
    Removing stm32l4xx_hal_pwr.o(.revsh_text), (4 bytes).
    Removing stm32l4xx_hal_pwr.o(.rrx_text), (6 bytes).
    Removing stm32l4xx_hal_pwr.o(i.HAL_PWR_ConfigPVD), (184 bytes).
    Removing stm32l4xx_hal_pwr.o(i.HAL_PWR_DeInit), (28 bytes).
    Removing stm32l4xx_hal_pwr.o(i.HAL_PWR_DisableBkUpAccess), (20 bytes).
    Removing stm32l4xx_hal_pwr.o(i.HAL_PWR_DisablePVD), (20 bytes).
    Removing stm32l4xx_hal_pwr.o(i.HAL_PWR_DisableSEVOnPend), (20 bytes).
    Removing stm32l4xx_hal_pwr.o(i.HAL_PWR_DisableSleepOnExit), (20 bytes).
    Removing stm32l4xx_hal_pwr.o(i.HAL_PWR_DisableWakeUpPin), (20 bytes).
    Removing stm32l4xx_hal_pwr.o(i.HAL_PWR_EnableBkUpAccess), (20 bytes).
    Removing stm32l4xx_hal_pwr.o(i.HAL_PWR_EnablePVD), (20 bytes).
    Removing stm32l4xx_hal_pwr.o(i.HAL_PWR_EnableSEVOnPend), (20 bytes).
    Removing stm32l4xx_hal_pwr.o(i.HAL_PWR_EnableSleepOnExit), (20 bytes).
    Removing stm32l4xx_hal_pwr.o(i.HAL_PWR_EnableWakeUpPin), (40 bytes).
    Removing stm32l4xx_hal_pwr.o(i.HAL_PWR_EnterSLEEPMode), (84 bytes).
    Removing stm32l4xx_hal_pwr.o(i.HAL_PWR_EnterSTANDBYMode), (44 bytes).
    Removing stm32l4xx_hal_pwr.o(i.HAL_PWR_EnterSTOPMode), (28 bytes).
    Removing stm32l4xx_hal_pwr.o(i.HAL_PWR_PVDCallback), (2 bytes).
    Removing stm32l4xx_hal_pwr_ex.o(.rev16_text), (4 bytes).
    Removing stm32l4xx_hal_pwr_ex.o(.revsh_text), (4 bytes).
    Removing stm32l4xx_hal_pwr_ex.o(.rrx_text), (6 bytes).
    Removing stm32l4xx_hal_pwr_ex.o(i.HAL_PWREx_ConfigPVM), (668 bytes).
    Removing stm32l4xx_hal_pwr_ex.o(i.HAL_PWREx_DisableBatteryCharging), (20 bytes).
    Removing stm32l4xx_hal_pwr_ex.o(i.HAL_PWREx_DisableGPIOPullDown), (144 bytes).
    Removing stm32l4xx_hal_pwr_ex.o(i.HAL_PWREx_DisableGPIOPullUp), (140 bytes).
    Removing stm32l4xx_hal_pwr_ex.o(i.HAL_PWREx_DisableInternalWakeUpLine), (20 bytes).
    Removing stm32l4xx_hal_pwr_ex.o(i.HAL_PWREx_DisableLowPowerRunMode), (84 bytes).
    Removing stm32l4xx_hal_pwr_ex.o(i.HAL_PWREx_DisablePVM1), (20 bytes).
    Removing stm32l4xx_hal_pwr_ex.o(i.HAL_PWREx_DisablePVM2), (20 bytes).
    Removing stm32l4xx_hal_pwr_ex.o(i.HAL_PWREx_DisablePVM3), (20 bytes).
    Removing stm32l4xx_hal_pwr_ex.o(i.HAL_PWREx_DisablePVM4), (20 bytes).
    Removing stm32l4xx_hal_pwr_ex.o(i.HAL_PWREx_DisablePullUpPullDownConfig), (20 bytes).
    Removing stm32l4xx_hal_pwr_ex.o(i.HAL_PWREx_DisableSRAM2ContentRetention), (20 bytes).
    Removing stm32l4xx_hal_pwr_ex.o(i.HAL_PWREx_DisableVddIO2), (20 bytes).
    Removing stm32l4xx_hal_pwr_ex.o(i.HAL_PWREx_DisableVddUSB), (20 bytes).
    Removing stm32l4xx_hal_pwr_ex.o(i.HAL_PWREx_EnableBatteryCharging), (32 bytes).
    Removing stm32l4xx_hal_pwr_ex.o(i.HAL_PWREx_EnableGPIOPullDown), (220 bytes).
    Removing stm32l4xx_hal_pwr_ex.o(i.HAL_PWREx_EnableGPIOPullUp), (220 bytes).
    Removing stm32l4xx_hal_pwr_ex.o(i.HAL_PWREx_EnableInternalWakeUpLine), (20 bytes).
    Removing stm32l4xx_hal_pwr_ex.o(i.HAL_PWREx_EnableLowPowerRunMode), (20 bytes).
    Removing stm32l4xx_hal_pwr_ex.o(i.HAL_PWREx_EnablePVM1), (20 bytes).
    Removing stm32l4xx_hal_pwr_ex.o(i.HAL_PWREx_EnablePVM2), (20 bytes).
    Removing stm32l4xx_hal_pwr_ex.o(i.HAL_PWREx_EnablePVM3), (20 bytes).
    Removing stm32l4xx_hal_pwr_ex.o(i.HAL_PWREx_EnablePVM4), (20 bytes).
    Removing stm32l4xx_hal_pwr_ex.o(i.HAL_PWREx_EnablePullUpPullDownConfig), (20 bytes).
    Removing stm32l4xx_hal_pwr_ex.o(i.HAL_PWREx_EnableSRAM2ContentRetention), (20 bytes).
    Removing stm32l4xx_hal_pwr_ex.o(i.HAL_PWREx_EnableVddIO2), (20 bytes).
    Removing stm32l4xx_hal_pwr_ex.o(i.HAL_PWREx_EnableVddUSB), (20 bytes).
    Removing stm32l4xx_hal_pwr_ex.o(i.HAL_PWREx_EnterSHUTDOWNMode), (44 bytes).
    Removing stm32l4xx_hal_pwr_ex.o(i.HAL_PWREx_EnterSTOP0Mode), (60 bytes).
    Removing stm32l4xx_hal_pwr_ex.o(i.HAL_PWREx_EnterSTOP1Mode), (64 bytes).
    Removing stm32l4xx_hal_pwr_ex.o(i.HAL_PWREx_EnterSTOP2Mode), (64 bytes).
    Removing stm32l4xx_hal_pwr_ex.o(i.HAL_PWREx_PVD_PVM_IRQHandler), (128 bytes).
    Removing stm32l4xx_hal_pwr_ex.o(i.HAL_PWREx_PVM1Callback), (2 bytes).
    Removing stm32l4xx_hal_pwr_ex.o(i.HAL_PWREx_PVM2Callback), (2 bytes).
    Removing stm32l4xx_hal_pwr_ex.o(i.HAL_PWREx_PVM3Callback), (2 bytes).
    Removing stm32l4xx_hal_pwr_ex.o(i.HAL_PWREx_PVM4Callback), (2 bytes).
    Removing stm32l4xx_hal_cortex.o(.rev16_text), (4 bytes).
    Removing stm32l4xx_hal_cortex.o(.revsh_text), (4 bytes).
    Removing stm32l4xx_hal_cortex.o(.rrx_text), (6 bytes).
    Removing stm32l4xx_hal_cortex.o(i.HAL_MPU_ConfigRegion), (92 bytes).
    Removing stm32l4xx_hal_cortex.o(i.HAL_MPU_Disable), (44 bytes).
    Removing stm32l4xx_hal_cortex.o(i.HAL_MPU_Enable), (64 bytes).
    Removing stm32l4xx_hal_cortex.o(i.HAL_NVIC_ClearPendingIRQ), (28 bytes).
    Removing stm32l4xx_hal_cortex.o(i.HAL_NVIC_GetActive), (40 bytes).
    Removing stm32l4xx_hal_cortex.o(i.HAL_NVIC_GetPendingIRQ), (40 bytes).
    Removing stm32l4xx_hal_cortex.o(i.HAL_NVIC_GetPriority), (148 bytes).
    Removing stm32l4xx_hal_cortex.o(i.HAL_NVIC_GetPriorityGrouping), (8 bytes).
    Removing stm32l4xx_hal_cortex.o(i.HAL_NVIC_SetPendingIRQ), (28 bytes).
    Removing stm32l4xx_hal_cortex.o(i.HAL_NVIC_SystemReset), (68 bytes).
    Removing stm32l4xx_hal_cortex.o(i.HAL_SYSTICK_CLKSourceConfig), (40 bytes).
    Removing stm32l4xx_hal_cortex.o(i.HAL_SYSTICK_Callback), (2 bytes).
    Removing stm32l4xx_hal_cortex.o(i.HAL_SYSTICK_IRQHandler), (8 bytes).
    Removing stm32l4xx_hal_exti.o(.rev16_text), (4 bytes).
    Removing stm32l4xx_hal_exti.o(.revsh_text), (4 bytes).
    Removing stm32l4xx_hal_exti.o(.rrx_text), (6 bytes).
    Removing stm32l4xx_hal_exti.o(i.HAL_EXTI_ClearConfigLine), (148 bytes).
    Removing stm32l4xx_hal_exti.o(i.HAL_EXTI_ClearPending), (36 bytes).
    Removing stm32l4xx_hal_exti.o(i.HAL_EXTI_GenerateSWI), (36 bytes).
    Removing stm32l4xx_hal_exti.o(i.HAL_EXTI_GetConfigLine), (212 bytes).
    Removing stm32l4xx_hal_exti.o(i.HAL_EXTI_GetHandle), (14 bytes).
    Removing stm32l4xx_hal_exti.o(i.HAL_EXTI_GetPending), (44 bytes).
    Removing stm32l4xx_hal_exti.o(i.HAL_EXTI_IRQHandler), (56 bytes).
    Removing stm32l4xx_hal_exti.o(i.HAL_EXTI_RegisterCallback), (20 bytes).
    Removing stm32l4xx_hal_exti.o(i.HAL_EXTI_SetConfigLine), (228 bytes).
    Removing system_stm32l4xx.o(.rev16_text), (4 bytes).
    Removing system_stm32l4xx.o(.revsh_text), (4 bytes).
    Removing system_stm32l4xx.o(.rrx_text), (6 bytes).
    Removing system_stm32l4xx.o(i.SystemCoreClockUpdate), (236 bytes).
    Removing arm_sin_f32.o(.rev16_text), (4 bytes).
    Removing arm_sin_f32.o(.revsh_text), (4 bytes).
    Removing arm_sin_f32.o(.rrx_text), (6 bytes).
    Removing arm_common_tables.o(.rev16_text), (4 bytes).
    Removing arm_common_tables.o(.revsh_text), (4 bytes).
    Removing arm_common_tables.o(.rrx_text), (6 bytes).
    Removing arm_common_tables.o(.constdata), (2048 bytes).
    Removing arm_common_tables.o(.constdata), (128 bytes).
    Removing arm_common_tables.o(.constdata), (256 bytes).
    Removing arm_common_tables.o(.constdata), (512 bytes).
    Removing arm_common_tables.o(.constdata), (1024 bytes).
    Removing arm_common_tables.o(.constdata), (2048 bytes).
    Removing arm_common_tables.o(.constdata), (4096 bytes).
    Removing arm_common_tables.o(.constdata), (8192 bytes).
    Removing arm_common_tables.o(.constdata), (16384 bytes).
    Removing arm_common_tables.o(.constdata), (32768 bytes).
    Removing arm_common_tables.o(.constdata), (96 bytes).
    Removing arm_common_tables.o(.constdata), (192 bytes).
    Removing arm_common_tables.o(.constdata), (384 bytes).
    Removing arm_common_tables.o(.constdata), (768 bytes).
    Removing arm_common_tables.o(.constdata), (1536 bytes).
    Removing arm_common_tables.o(.constdata), (3072 bytes).
    Removing arm_common_tables.o(.constdata), (6144 bytes).
    Removing arm_common_tables.o(.constdata), (12288 bytes).
    Removing arm_common_tables.o(.constdata), (24576 bytes).
    Removing arm_common_tables.o(.constdata), (48 bytes).
    Removing arm_common_tables.o(.constdata), (96 bytes).
    Removing arm_common_tables.o(.constdata), (192 bytes).
    Removing arm_common_tables.o(.constdata), (384 bytes).
    Removing arm_common_tables.o(.constdata), (768 bytes).
    Removing arm_common_tables.o(.constdata), (1536 bytes).
    Removing arm_common_tables.o(.constdata), (3072 bytes).
    Removing arm_common_tables.o(.constdata), (6144 bytes).
    Removing arm_common_tables.o(.constdata), (12288 bytes).
    Removing arm_common_tables.o(.constdata), (128 bytes).
    Removing arm_common_tables.o(.constdata), (256 bytes).
    Removing arm_common_tables.o(.constdata), (40 bytes).
    Removing arm_common_tables.o(.constdata), (96 bytes).
    Removing arm_common_tables.o(.constdata), (112 bytes).
    Removing arm_common_tables.o(.constdata), (416 bytes).
    Removing arm_common_tables.o(.constdata), (880 bytes).
    Removing arm_common_tables.o(.constdata), (896 bytes).
    Removing arm_common_tables.o(.constdata), (3600 bytes).
    Removing arm_common_tables.o(.constdata), (7616 bytes).
    Removing arm_common_tables.o(.constdata), (8064 bytes).
    Removing arm_common_tables.o(.constdata), (24 bytes).
    Removing arm_common_tables.o(.constdata), (48 bytes).
    Removing arm_common_tables.o(.constdata), (112 bytes).
    Removing arm_common_tables.o(.constdata), (224 bytes).
    Removing arm_common_tables.o(.constdata), (480 bytes).
    Removing arm_common_tables.o(.constdata), (960 bytes).
    Removing arm_common_tables.o(.constdata), (1984 bytes).
    Removing arm_common_tables.o(.constdata), (3968 bytes).
    Removing arm_common_tables.o(.constdata), (8064 bytes).
    Removing arm_common_tables.o(.constdata), (128 bytes).
    Removing arm_common_tables.o(.constdata), (256 bytes).
    Removing arm_common_tables.o(.constdata), (512 bytes).
    Removing arm_common_tables.o(.constdata), (1024 bytes).
    Removing arm_common_tables.o(.constdata), (2048 bytes).
    Removing arm_common_tables.o(.constdata), (4096 bytes).
    Removing arm_common_tables.o(.constdata), (8192 bytes).
    Removing arm_common_tables.o(.constdata), (16384 bytes).
    Removing arm_common_tables.o(.constdata), (2052 bytes).
    Removing arm_common_tables.o(.constdata), (1026 bytes).

593 unused section(s) (total 264682 bytes) removed from the image.

==============================================================================

Image Symbol Table

    Local Symbols

    Symbol Name                              Value     Ov Type        Size  Object(Section)

    ../Drivers/STM32L4xx_HAL_Driver/Src/stm32l4xx_hal.c 0x00000000   Number         0  stm32l4xx_hal.o ABSOLUTE
    ../Drivers/STM32L4xx_HAL_Driver/Src/stm32l4xx_hal_cortex.c 0x00000000   Number         0  stm32l4xx_hal_cortex.o ABSOLUTE
    ../Drivers/STM32L4xx_HAL_Driver/Src/stm32l4xx_hal_dac.c 0x00000000   Number         0  stm32l4xx_hal_dac.o ABSOLUTE
    ../Drivers/STM32L4xx_HAL_Driver/Src/stm32l4xx_hal_dac_ex.c 0x00000000   Number         0  stm32l4xx_hal_dac_ex.o ABSOLUTE
    ../Drivers/STM32L4xx_HAL_Driver/Src/stm32l4xx_hal_dma.c 0x00000000   Number         0  stm32l4xx_hal_dma.o ABSOLUTE
    ../Drivers/STM32L4xx_HAL_Driver/Src/stm32l4xx_hal_dma_ex.c 0x00000000   Number         0  stm32l4xx_hal_dma_ex.o ABSOLUTE
    ../Drivers/STM32L4xx_HAL_Driver/Src/stm32l4xx_hal_exti.c 0x00000000   Number         0  stm32l4xx_hal_exti.o ABSOLUTE
    ../Drivers/STM32L4xx_HAL_Driver/Src/stm32l4xx_hal_flash.c 0x00000000   Number         0  stm32l4xx_hal_flash.o ABSOLUTE
    ../Drivers/STM32L4xx_HAL_Driver/Src/stm32l4xx_hal_flash_ex.c 0x00000000   Number         0  stm32l4xx_hal_flash_ex.o ABSOLUTE
    ../Drivers/STM32L4xx_HAL_Driver/Src/stm32l4xx_hal_flash_ramfunc.c 0x00000000   Number         0  stm32l4xx_hal_flash_ramfunc.o ABSOLUTE
    ../Drivers/STM32L4xx_HAL_Driver/Src/stm32l4xx_hal_gpio.c 0x00000000   Number         0  stm32l4xx_hal_gpio.o ABSOLUTE
    ../Drivers/STM32L4xx_HAL_Driver/Src/stm32l4xx_hal_i2c.c 0x00000000   Number         0  stm32l4xx_hal_i2c.o ABSOLUTE
    ../Drivers/STM32L4xx_HAL_Driver/Src/stm32l4xx_hal_i2c_ex.c 0x00000000   Number         0  stm32l4xx_hal_i2c_ex.o ABSOLUTE
    ../Drivers/STM32L4xx_HAL_Driver/Src/stm32l4xx_hal_pwr.c 0x00000000   Number         0  stm32l4xx_hal_pwr.o ABSOLUTE
    ../Drivers/STM32L4xx_HAL_Driver/Src/stm32l4xx_hal_pwr_ex.c 0x00000000   Number         0  stm32l4xx_hal_pwr_ex.o ABSOLUTE
    ../Drivers/STM32L4xx_HAL_Driver/Src/stm32l4xx_hal_qspi.c 0x00000000   Number         0  stm32l4xx_hal_qspi.o ABSOLUTE
    ../Drivers/STM32L4xx_HAL_Driver/Src/stm32l4xx_hal_rcc.c 0x00000000   Number         0  stm32l4xx_hal_rcc.o ABSOLUTE
    ../Drivers/STM32L4xx_HAL_Driver/Src/stm32l4xx_hal_rcc_ex.c 0x00000000   Number         0  stm32l4xx_hal_rcc_ex.o ABSOLUTE
    ../Drivers/STM32L4xx_HAL_Driver/Src/stm32l4xx_hal_tim.c 0x00000000   Number         0  stm32l4xx_hal_tim.o ABSOLUTE
    ../Drivers/STM32L4xx_HAL_Driver/Src/stm32l4xx_hal_tim_ex.c 0x00000000   Number         0  stm32l4xx_hal_tim_ex.o ABSOLUTE
    ../Src/main.c                            0x00000000   Number         0  main.o ABSOLUTE
    ../Src/stm32l4xx_hal_msp.c               0x00000000   Number         0  stm32l4xx_hal_msp.o ABSOLUTE
    ../Src/stm32l4xx_it.c                    0x00000000   Number         0  stm32l4xx_it.o ABSOLUTE
    ../Src/system_stm32l4xx.c                0x00000000   Number         0  system_stm32l4xx.o ABSOLUTE
    ../clib/microlib/init/entry.s            0x00000000   Number         0  entry11b.o ABSOLUTE
    ../clib/microlib/init/entry.s            0x00000000   Number         0  entry11a.o ABSOLUTE
    ../clib/microlib/init/entry.s            0x00000000   Number         0  entry10b.o ABSOLUTE
    ../clib/microlib/init/entry.s            0x00000000   Number         0  entry10a.o ABSOLUTE
    ../clib/microlib/init/entry.s            0x00000000   Number         0  entry9b.o ABSOLUTE
    ../clib/microlib/init/entry.s            0x00000000   Number         0  entry9a.o ABSOLUTE
    ../clib/microlib/init/entry.s            0x00000000   Number         0  entry2.o ABSOLUTE
    ../clib/microlib/init/entry.s            0x00000000   Number         0  entry.o ABSOLUTE
    ../clib/microlib/init/entry.s            0x00000000   Number         0  entry8b.o ABSOLUTE
    ../clib/microlib/init/entry.s            0x00000000   Number         0  entry7a.o ABSOLUTE
    ../clib/microlib/init/entry.s            0x00000000   Number         0  entry7b.o ABSOLUTE
    ../clib/microlib/init/entry.s            0x00000000   Number         0  entry8a.o ABSOLUTE
    ../clib/microlib/init/entry.s            0x00000000   Number         0  entry5.o ABSOLUTE
    ../clib/microlib/longlong.c              0x00000000   Number         0  llshl.o ABSOLUTE
    ../clib/microlib/longlong.c              0x00000000   Number         0  llushr.o ABSOLUTE
    ../clib/microlib/string/memset.c         0x00000000   Number         0  memseta.o ABSOLUTE
    ../clib/microlib/stubs.s                 0x00000000   Number         0  iusefp.o ABSOLUTE
    ../fplib/microlib/fpepilogue.c           0x00000000   Number         0  depilogue.o ABSOLUTE
    ../fplib/microlib/fpfix.c                0x00000000   Number         0  dfixi.o ABSOLUTE
    ../fplib/microlib/fpflt.c                0x00000000   Number         0  dflti.o ABSOLUTE
    ../fplib/microlib/fpmul.c                0x00000000   Number         0  dmul.o ABSOLUTE
    ..\..\Source\CommonTables\arm_common_tables.c 0x00000000   Number         0  arm_common_tables.o ABSOLUTE
    ..\..\Source\FastMathFunctions\arm_sin_f32.c 0x00000000   Number         0  arm_sin_f32.o ABSOLUTE
    ..\Drivers\B-L475E-IOT01\Src\stm32l475e_iot01_qspi.c 0x00000000   Number         0  stm32l475e_iot01_qspi.o ABSOLUTE
    ..\Drivers\STM32L4xx_HAL_Driver\Src\stm32l4xx_hal.c 0x00000000   Number         0  stm32l4xx_hal.o ABSOLUTE
    ..\Drivers\STM32L4xx_HAL_Driver\Src\stm32l4xx_hal_cortex.c 0x00000000   Number         0  stm32l4xx_hal_cortex.o ABSOLUTE
    ..\Drivers\STM32L4xx_HAL_Driver\Src\stm32l4xx_hal_dac.c 0x00000000   Number         0  stm32l4xx_hal_dac.o ABSOLUTE
    ..\Drivers\STM32L4xx_HAL_Driver\Src\stm32l4xx_hal_dac_ex.c 0x00000000   Number         0  stm32l4xx_hal_dac_ex.o ABSOLUTE
    ..\Drivers\STM32L4xx_HAL_Driver\Src\stm32l4xx_hal_dma.c 0x00000000   Number         0  stm32l4xx_hal_dma.o ABSOLUTE
    ..\Drivers\STM32L4xx_HAL_Driver\Src\stm32l4xx_hal_dma_ex.c 0x00000000   Number         0  stm32l4xx_hal_dma_ex.o ABSOLUTE
    ..\Drivers\STM32L4xx_HAL_Driver\Src\stm32l4xx_hal_exti.c 0x00000000   Number         0  stm32l4xx_hal_exti.o ABSOLUTE
    ..\Drivers\STM32L4xx_HAL_Driver\Src\stm32l4xx_hal_flash.c 0x00000000   Number         0  stm32l4xx_hal_flash.o ABSOLUTE
    ..\Drivers\STM32L4xx_HAL_Driver\Src\stm32l4xx_hal_flash_ex.c 0x00000000   Number         0  stm32l4xx_hal_flash_ex.o ABSOLUTE
    ..\Drivers\STM32L4xx_HAL_Driver\Src\stm32l4xx_hal_flash_ramfunc.c 0x00000000   Number         0  stm32l4xx_hal_flash_ramfunc.o ABSOLUTE
    ..\Drivers\STM32L4xx_HAL_Driver\Src\stm32l4xx_hal_gpio.c 0x00000000   Number         0  stm32l4xx_hal_gpio.o ABSOLUTE
    ..\Drivers\STM32L4xx_HAL_Driver\Src\stm32l4xx_hal_i2c.c 0x00000000   Number         0  stm32l4xx_hal_i2c.o ABSOLUTE
    ..\Drivers\STM32L4xx_HAL_Driver\Src\stm32l4xx_hal_i2c_ex.c 0x00000000   Number         0  stm32l4xx_hal_i2c_ex.o ABSOLUTE
    ..\Drivers\STM32L4xx_HAL_Driver\Src\stm32l4xx_hal_pwr.c 0x00000000   Number         0  stm32l4xx_hal_pwr.o ABSOLUTE
    ..\Drivers\STM32L4xx_HAL_Driver\Src\stm32l4xx_hal_pwr_ex.c 0x00000000   Number         0  stm32l4xx_hal_pwr_ex.o ABSOLUTE
    ..\Drivers\STM32L4xx_HAL_Driver\Src\stm32l4xx_hal_qspi.c 0x00000000   Number         0  stm32l4xx_hal_qspi.o ABSOLUTE
    ..\Drivers\STM32L4xx_HAL_Driver\Src\stm32l4xx_hal_rcc.c 0x00000000   Number         0  stm32l4xx_hal_rcc.o ABSOLUTE
    ..\Drivers\STM32L4xx_HAL_Driver\Src\stm32l4xx_hal_rcc_ex.c 0x00000000   Number         0  stm32l4xx_hal_rcc_ex.o ABSOLUTE
    ..\Drivers\STM32L4xx_HAL_Driver\Src\stm32l4xx_hal_tim.c 0x00000000   Number         0  stm32l4xx_hal_tim.o ABSOLUTE
    ..\Drivers\STM32L4xx_HAL_Driver\Src\stm32l4xx_hal_tim_ex.c 0x00000000   Number         0  stm32l4xx_hal_tim_ex.o ABSOLUTE
    ..\Src\main.c                            0x00000000   Number         0  main.o ABSOLUTE
    ..\Src\stm32l4xx_hal_msp.c               0x00000000   Number         0  stm32l4xx_hal_msp.o ABSOLUTE
    ..\Src\stm32l4xx_it.c                    0x00000000   Number         0  stm32l4xx_it.o ABSOLUTE
    ..\Src\system_stm32l4xx.c                0x00000000   Number         0  system_stm32l4xx.o ABSOLUTE
    ..\\..\\Source\\CommonTables\\arm_common_tables.c 0x00000000   Number         0  arm_common_tables.o ABSOLUTE
    ..\\..\\Source\\FastMathFunctions\\arm_sin_f32.c 0x00000000   Number         0  arm_sin_f32.o ABSOLUTE
    ..\\Drivers\\B-L475E-IOT01\\Src\\stm32l475e_iot01_qspi.c 0x00000000   Number         0  stm32l475e_iot01_qspi.o ABSOLUTE
    dc.s                                     0x00000000   Number         0  dc.o ABSOLUTE
    handlers.s                               0x00000000   Number         0  handlers.o ABSOLUTE
    init.s                                   0x00000000   Number         0  init.o ABSOLUTE
    startup_stm32l475xx.s                    0x00000000   Number         0  startup_stm32l475xx.o ABSOLUTE
    RESET                                    0x08000000   Section      392  startup_stm32l475xx.o(RESET)
    .ARM.Collect$$$$00000000                 0x08000188   Section        0  entry.o(.ARM.Collect$$$$00000000)
    .ARM.Collect$$$$00000001                 0x08000188   Section        4  entry2.o(.ARM.Collect$$$$00000001)
    .ARM.Collect$$$$00000004                 0x0800018c   Section        4  entry5.o(.ARM.Collect$$$$00000004)
    .ARM.Collect$$$$00000008                 0x08000190   Section        0  entry7b.o(.ARM.Collect$$$$00000008)
    .ARM.Collect$$$$0000000A                 0x08000190   Section        0  entry8b.o(.ARM.Collect$$$$0000000A)
    .ARM.Collect$$$$0000000B                 0x08000190   Section        8  entry9a.o(.ARM.Collect$$$$0000000B)
    .ARM.Collect$$$$0000000D                 0x08000198   Section        0  entry10a.o(.ARM.Collect$$$$0000000D)
    .ARM.Collect$$$$0000000F                 0x08000198   Section        0  entry11a.o(.ARM.Collect$$$$0000000F)
    .ARM.Collect$$$$00002712                 0x08000198   Section        4  entry2.o(.ARM.Collect$$$$00002712)
    __lit__00000000                          0x08000198   Data           4  entry2.o(.ARM.Collect$$$$00002712)
    .text                                    0x0800019c   Section       36  startup_stm32l475xx.o(.text)
    $v0                                      0x0800019c   Number         0  startup_stm32l475xx.o(.text)
    .text                                    0x080001c0   Section        0  arm_sin_f32.o(.text)
    .text                                    0x08000254   Section        0  memseta.o(.text)
    .text                                    0x08000278   Section        0  dmul.o(.text)
    .text                                    0x08000362   Section        0  dflti.o(.text)
    .text                                    0x08000384   Section        0  dfixi.o(.text)
    .text                                    0x080003c2   Section        0  llushr.o(.text)
    .text                                    0x080003e2   Section        0  iusefp.o(.text)
    .text                                    0x080003e2   Section        0  depilogue.o(.text)
    .text                                    0x0800049c   Section       36  init.o(.text)
    .text                                    0x080004c0   Section        0  llshl.o(.text)
    i.BSP_QSPI_Erase_Chip                    0x080004e0   Section        0  stm32l475e_iot01_qspi.o(i.BSP_QSPI_Erase_Chip)
    i.BSP_QSPI_Init                          0x08000538   Section        0  stm32l475e_iot01_qspi.o(i.BSP_QSPI_Init)
    i.BSP_QSPI_MspInit                       0x080005cc   Section        0  stm32l475e_iot01_qspi.o(i.BSP_QSPI_MspInit)
    i.BSP_QSPI_Read                          0x08000644   Section        0  stm32l475e_iot01_qspi.o(i.BSP_QSPI_Read)
    i.BSP_QSPI_Write                         0x080006b8   Section        0  stm32l475e_iot01_qspi.o(i.BSP_QSPI_Write)
    i.BusFault_Handler                       0x0800076c   Section        0  stm32l4xx_it.o(i.BusFault_Handler)
    i.DAC_DMAConvCpltCh1                     0x08000770   Section        0  stm32l4xx_hal_dac.o(i.DAC_DMAConvCpltCh1)
    DAC_DMAConvCpltCh1                       0x08000771   Thumb Code    18  stm32l4xx_hal_dac.o(i.DAC_DMAConvCpltCh1)
    i.DAC_DMAConvCpltCh2                     0x08000782   Section        0  stm32l4xx_hal_dac_ex.o(i.DAC_DMAConvCpltCh2)
    i.DAC_DMAErrorCh1                        0x08000794   Section        0  stm32l4xx_hal_dac.o(i.DAC_DMAErrorCh1)
    DAC_DMAErrorCh1                          0x08000795   Thumb Code    26  stm32l4xx_hal_dac.o(i.DAC_DMAErrorCh1)
    i.DAC_DMAErrorCh2                        0x080007ae   Section        0  stm32l4xx_hal_dac_ex.o(i.DAC_DMAErrorCh2)
    i.DAC_DMAHalfConvCpltCh1                 0x080007c8   Section        0  stm32l4xx_hal_dac.o(i.DAC_DMAHalfConvCpltCh1)
    DAC_DMAHalfConvCpltCh1                   0x080007c9   Thumb Code    14  stm32l4xx_hal_dac.o(i.DAC_DMAHalfConvCpltCh1)
    i.DAC_DMAHalfConvCpltCh2                 0x080007d6   Section        0  stm32l4xx_hal_dac_ex.o(i.DAC_DMAHalfConvCpltCh2)
    i.DMA1_Channel3_IRQHandler               0x080007e4   Section        0  stm32l4xx_it.o(i.DMA1_Channel3_IRQHandler)
    i.DMA1_Channel4_IRQHandler               0x080007f4   Section        0  stm32l4xx_it.o(i.DMA1_Channel4_IRQHandler)
    i.DMA1_Channel5_IRQHandler               0x08000804   Section        0  stm32l4xx_it.o(i.DMA1_Channel5_IRQHandler)
    i.DMA_SetConfig                          0x08000814   Section        0  stm32l4xx_hal_dma.o(i.DMA_SetConfig)
    DMA_SetConfig                            0x08000815   Thumb Code    48  stm32l4xx_hal_dma.o(i.DMA_SetConfig)
    i.DebugMon_Handler                       0x08000844   Section        0  stm32l4xx_it.o(i.DebugMon_Handler)
    i.Error_Handler                          0x08000846   Section        0  main.o(i.Error_Handler)
    i.HAL_DACEx_ConvCpltCallbackCh2          0x0800084a   Section        0  stm32l4xx_hal_dac_ex.o(i.HAL_DACEx_ConvCpltCallbackCh2)
    i.HAL_DACEx_ConvHalfCpltCallbackCh2      0x0800084c   Section        0  stm32l4xx_hal_dac_ex.o(i.HAL_DACEx_ConvHalfCpltCallbackCh2)
    i.HAL_DACEx_DMAUnderrunCallbackCh2       0x0800084e   Section        0  stm32l4xx_hal_dac_ex.o(i.HAL_DACEx_DMAUnderrunCallbackCh2)
    i.HAL_DACEx_ErrorCallbackCh2             0x08000850   Section        0  stm32l4xx_hal_dac_ex.o(i.HAL_DACEx_ErrorCallbackCh2)
    i.HAL_DAC_ConfigChannel                  0x08000852   Section        0  stm32l4xx_hal_dac.o(i.HAL_DAC_ConfigChannel)
    i.HAL_DAC_ConvCpltCallbackCh1            0x080009e0   Section        0  stm32l4xx_it.o(i.HAL_DAC_ConvCpltCallbackCh1)
    i.HAL_DAC_ConvHalfCpltCallbackCh1        0x08000a0c   Section        0  stm32l4xx_it.o(i.HAL_DAC_ConvHalfCpltCallbackCh1)
    i.HAL_DAC_DMAUnderrunCallbackCh1         0x08000a38   Section        0  stm32l4xx_hal_dac.o(i.HAL_DAC_DMAUnderrunCallbackCh1)
    i.HAL_DAC_ErrorCallbackCh1               0x08000a3a   Section        0  stm32l4xx_hal_dac.o(i.HAL_DAC_ErrorCallbackCh1)
    i.HAL_DAC_IRQHandler                     0x08000a3c   Section        0  stm32l4xx_hal_dac.o(i.HAL_DAC_IRQHandler)
    i.HAL_DAC_Init                           0x08000ac6   Section        0  stm32l4xx_hal_dac.o(i.HAL_DAC_Init)
    i.HAL_DAC_MspInit                        0x08000af0   Section        0  stm32l4xx_hal_msp.o(i.HAL_DAC_MspInit)
    i.HAL_DAC_Start_DMA                      0x08000bf4   Section        0  stm32l4xx_hal_dac.o(i.HAL_DAC_Start_DMA)
    i.HAL_DMA_Abort                          0x08000d38   Section        0  stm32l4xx_hal_dma.o(i.HAL_DMA_Abort)
    i.HAL_DMA_Abort_IT                       0x08000d7e   Section        0  stm32l4xx_hal_dma.o(i.HAL_DMA_Abort_IT)
    i.HAL_DMA_DeInit                         0x08000ddc   Section        0  stm32l4xx_hal_dma.o(i.HAL_DMA_DeInit)
    i.HAL_DMA_IRQHandler                     0x08000ea0   Section        0  stm32l4xx_hal_dma.o(i.HAL_DMA_IRQHandler)
    i.HAL_DMA_Init                           0x08000fa0   Section        0  stm32l4xx_hal_dma.o(i.HAL_DMA_Init)
    i.HAL_DMA_Start_IT                       0x080010ac   Section        0  stm32l4xx_hal_dma.o(i.HAL_DMA_Start_IT)
    i.HAL_Delay                              0x08001148   Section        0  stm32l4xx_hal.o(i.HAL_Delay)
    i.HAL_GPIO_DeInit                        0x08001168   Section        0  stm32l4xx_hal_gpio.o(i.HAL_GPIO_DeInit)
    i.HAL_GPIO_Init                          0x080012ac   Section        0  stm32l4xx_hal_gpio.o(i.HAL_GPIO_Init)
    i.HAL_GetTick                            0x080014b0   Section        0  stm32l4xx_hal.o(i.HAL_GetTick)
    i.HAL_IncTick                            0x080014bc   Section        0  stm32l4xx_hal.o(i.HAL_IncTick)
    i.HAL_Init                               0x080014cc   Section        0  stm32l4xx_hal.o(i.HAL_Init)
    i.HAL_InitTick                           0x080014ec   Section        0  stm32l4xx_hal.o(i.HAL_InitTick)
    i.HAL_MspInit                            0x0800151c   Section        0  stm32l4xx_hal_msp.o(i.HAL_MspInit)
    i.HAL_NVIC_DisableIRQ                    0x0800155c   Section        0  stm32l4xx_hal_cortex.o(i.HAL_NVIC_DisableIRQ)
    i.HAL_NVIC_EnableIRQ                     0x08001578   Section        0  stm32l4xx_hal_cortex.o(i.HAL_NVIC_EnableIRQ)
    i.HAL_NVIC_SetPriority                   0x08001592   Section        0  stm32l4xx_hal_cortex.o(i.HAL_NVIC_SetPriority)
    i.HAL_NVIC_SetPriorityGrouping           0x08001614   Section        0  stm32l4xx_hal_cortex.o(i.HAL_NVIC_SetPriorityGrouping)
    i.HAL_PWREx_ControlVoltageScaling        0x0800163c   Section        0  stm32l4xx_hal_pwr_ex.o(i.HAL_PWREx_ControlVoltageScaling)
    i.HAL_PWREx_GetVoltageRange              0x080016c8   Section        0  stm32l4xx_hal_pwr_ex.o(i.HAL_PWREx_GetVoltageRange)
    i.HAL_QSPI_Abort                         0x080016d8   Section        0  stm32l4xx_hal_qspi.o(i.HAL_QSPI_Abort)
    i.HAL_QSPI_AbortCpltCallback             0x08001772   Section        0  stm32l4xx_hal_qspi.o(i.HAL_QSPI_AbortCpltCallback)
    i.HAL_QSPI_Abort_IT                      0x08001774   Section        0  stm32l4xx_hal_qspi.o(i.HAL_QSPI_Abort_IT)
    i.HAL_QSPI_AutoPolling                   0x080017f8   Section        0  stm32l4xx_hal_qspi.o(i.HAL_QSPI_AutoPolling)
    i.HAL_QSPI_CmdCpltCallback               0x080018c2   Section        0  stm32l4xx_hal_qspi.o(i.HAL_QSPI_CmdCpltCallback)
    i.HAL_QSPI_Command                       0x080018c4   Section        0  stm32l4xx_hal_qspi.o(i.HAL_QSPI_Command)
    i.HAL_QSPI_DeInit                        0x08001968   Section        0  stm32l4xx_hal_qspi.o(i.HAL_QSPI_DeInit)
    i.HAL_QSPI_ErrorCallback                 0x080019ae   Section        0  stm32l4xx_hal_qspi.o(i.HAL_QSPI_ErrorCallback)
    i.HAL_QSPI_FifoThresholdCallback         0x080019b0   Section        0  stm32l4xx_hal_qspi.o(i.HAL_QSPI_FifoThresholdCallback)
    i.HAL_QSPI_IRQHandler                    0x080019b4   Section        0  stm32l4xx_hal_qspi.o(i.HAL_QSPI_IRQHandler)
    i.HAL_QSPI_Init                          0x08001c40   Section        0  stm32l4xx_hal_qspi.o(i.HAL_QSPI_Init)
    i.HAL_QSPI_MspDeInit                     0x08001d08   Section        0  stm32l4xx_hal_msp.o(i.HAL_QSPI_MspDeInit)
    i.HAL_QSPI_MspInit                       0x08001d50   Section        0  stm32l4xx_hal_msp.o(i.HAL_QSPI_MspInit)
    i.HAL_QSPI_Receive                       0x08001e54   Section        0  stm32l4xx_hal_qspi.o(i.HAL_QSPI_Receive)
    i.HAL_QSPI_RxCpltCallback                0x08001f46   Section        0  stm32l4xx_hal_qspi.o(i.HAL_QSPI_RxCpltCallback)
    i.HAL_QSPI_SetTimeout                    0x08001f48   Section        0  stm32l4xx_hal_qspi.o(i.HAL_QSPI_SetTimeout)
    i.HAL_QSPI_StatusMatchCallback           0x08001f4c   Section        0  stm32l4xx_hal_qspi.o(i.HAL_QSPI_StatusMatchCallback)
    i.HAL_QSPI_TimeOutCallback               0x08001f4e   Section        0  stm32l4xx_hal_qspi.o(i.HAL_QSPI_TimeOutCallback)
    i.HAL_QSPI_Transmit                      0x08001f50   Section        0  stm32l4xx_hal_qspi.o(i.HAL_QSPI_Transmit)
    i.HAL_QSPI_TxCpltCallback                0x0800202c   Section        0  stm32l4xx_hal_qspi.o(i.HAL_QSPI_TxCpltCallback)
    i.HAL_RCC_ClockConfig                    0x08002030   Section        0  stm32l4xx_hal_rcc.o(i.HAL_RCC_ClockConfig)
    i.HAL_RCC_GetSysClockFreq                0x080021a8   Section        0  stm32l4xx_hal_rcc.o(i.HAL_RCC_GetSysClockFreq)
    i.HAL_RCC_OscConfig                      0x080022c4   Section        0  stm32l4xx_hal_rcc.o(i.HAL_RCC_OscConfig)
    i.HAL_SYSTICK_Config                     0x080028d0   Section        0  stm32l4xx_hal_cortex.o(i.HAL_SYSTICK_Config)
    i.HAL_TIMEx_Break2Callback               0x08002904   Section        0  stm32l4xx_hal_tim_ex.o(i.HAL_TIMEx_Break2Callback)
    i.HAL_TIMEx_BreakCallback                0x08002906   Section        0  stm32l4xx_hal_tim_ex.o(i.HAL_TIMEx_BreakCallback)
    i.HAL_TIMEx_CommutationCallback          0x08002908   Section        0  stm32l4xx_hal_tim_ex.o(i.HAL_TIMEx_CommutationCallback)
    i.HAL_TIMEx_MasterConfigSynchronization  0x0800290c   Section        0  stm32l4xx_hal_tim_ex.o(i.HAL_TIMEx_MasterConfigSynchronization)
    i.HAL_TIM_Base_Init                      0x08002984   Section        0  stm32l4xx_hal_tim.o(i.HAL_TIM_Base_Init)
    i.HAL_TIM_Base_MspInit                   0x080029b8   Section        0  stm32l4xx_hal_msp.o(i.HAL_TIM_Base_MspInit)
    i.HAL_TIM_Base_Start                     0x080029fc   Section        0  stm32l4xx_hal_tim.o(i.HAL_TIM_Base_Start)
    i.HAL_TIM_IC_CaptureCallback             0x08002a40   Section        0  stm32l4xx_hal_tim.o(i.HAL_TIM_IC_CaptureCallback)
    i.HAL_TIM_IRQHandler                     0x08002a42   Section        0  stm32l4xx_hal_tim.o(i.HAL_TIM_IRQHandler)
    i.HAL_TIM_OC_DelayElapsedCallback        0x08002bfa   Section        0  stm32l4xx_hal_tim.o(i.HAL_TIM_OC_DelayElapsedCallback)
    i.HAL_TIM_PWM_PulseFinishedCallback      0x08002bfc   Section        0  stm32l4xx_hal_tim.o(i.HAL_TIM_PWM_PulseFinishedCallback)
    i.HAL_TIM_PeriodElapsedCallback          0x08002bfe   Section        0  stm32l4xx_hal_tim.o(i.HAL_TIM_PeriodElapsedCallback)
    i.HAL_TIM_TriggerCallback                0x08002c00   Section        0  stm32l4xx_hal_tim.o(i.HAL_TIM_TriggerCallback)
    i.HardFault_Handler                      0x08002c02   Section        0  stm32l4xx_it.o(i.HardFault_Handler)
    i.MX_DAC1_Init                           0x08002c08   Section        0  main.o(i.MX_DAC1_Init)
    MX_DAC1_Init                             0x08002c09   Thumb Code    94  main.o(i.MX_DAC1_Init)
    i.MX_DMA_Init                            0x08002c70   Section        0  main.o(i.MX_DMA_Init)
    MX_DMA_Init                              0x08002c71   Thumb Code    80  main.o(i.MX_DMA_Init)
    i.MX_GPIO_Init                           0x08002cc4   Section        0  main.o(i.MX_GPIO_Init)
    MX_GPIO_Init                             0x08002cc5   Thumb Code   116  main.o(i.MX_GPIO_Init)
    i.MX_QUADSPI_Init                        0x08002d44   Section        0  main.o(i.MX_QUADSPI_Init)
    MX_QUADSPI_Init                          0x08002d45   Thumb Code    50  main.o(i.MX_QUADSPI_Init)
    i.MX_TIM6_Init                           0x08002d80   Section        0  main.o(i.MX_TIM6_Init)
    MX_TIM6_Init                             0x08002d81   Thumb Code    70  main.o(i.MX_TIM6_Init)
    i.MemManage_Handler                      0x08002dd0   Section        0  stm32l4xx_it.o(i.MemManage_Handler)
    i.NMI_Handler                            0x08002dd4   Section        0  stm32l4xx_it.o(i.NMI_Handler)
    i.NVIC_GetPriorityGrouping               0x08002dd8   Section        0  stm32l4xx_hal_cortex.o(i.NVIC_GetPriorityGrouping)
    NVIC_GetPriorityGrouping                 0x08002dd9   Thumb Code    10  stm32l4xx_hal_cortex.o(i.NVIC_GetPriorityGrouping)
    i.NVIC_SetPriority                       0x08002de8   Section        0  stm32l4xx_hal_cortex.o(i.NVIC_SetPriority)
    NVIC_SetPriority                         0x08002de9   Thumb Code    32  stm32l4xx_hal_cortex.o(i.NVIC_SetPriority)
    i.PendSV_Handler                         0x08002e10   Section        0  stm32l4xx_it.o(i.PendSV_Handler)
    i.QSPI_AutoPollingMemReady               0x08002e14   Section        0  stm32l475e_iot01_qspi.o(i.QSPI_AutoPollingMemReady)
    QSPI_AutoPollingMemReady                 0x08002e15   Thumb Code    86  stm32l475e_iot01_qspi.o(i.QSPI_AutoPollingMemReady)
    i.QSPI_Config                            0x08002e70   Section        0  stm32l4xx_hal_qspi.o(i.QSPI_Config)
    QSPI_Config                              0x08002e71   Thumb Code   488  stm32l4xx_hal_qspi.o(i.QSPI_Config)
    i.QSPI_DMAAbortCplt                      0x08003058   Section        0  stm32l4xx_hal_qspi.o(i.QSPI_DMAAbortCplt)
    QSPI_DMAAbortCplt                        0x08003059   Thumb Code    66  stm32l4xx_hal_qspi.o(i.QSPI_DMAAbortCplt)
    i.QSPI_HighPerfMode                      0x0800309c   Section        0  stm32l475e_iot01_qspi.o(i.QSPI_HighPerfMode)
    QSPI_HighPerfMode                        0x0800309d   Thumb Code   310  stm32l475e_iot01_qspi.o(i.QSPI_HighPerfMode)
    i.QSPI_QuadMode                          0x080031d8   Section        0  stm32l475e_iot01_qspi.o(i.QSPI_QuadMode)
    QSPI_QuadMode                            0x080031d9   Thumb Code   252  stm32l475e_iot01_qspi.o(i.QSPI_QuadMode)
    i.QSPI_ResetMemory                       0x080032d8   Section        0  stm32l475e_iot01_qspi.o(i.QSPI_ResetMemory)
    QSPI_ResetMemory                         0x080032d9   Thumb Code    94  stm32l475e_iot01_qspi.o(i.QSPI_ResetMemory)
    i.QSPI_WaitFlagStateUntilTimeout         0x0800333c   Section        0  stm32l4xx_hal_qspi.o(i.QSPI_WaitFlagStateUntilTimeout)
    QSPI_WaitFlagStateUntilTimeout           0x0800333d   Thumb Code    76  stm32l4xx_hal_qspi.o(i.QSPI_WaitFlagStateUntilTimeout)
    i.QSPI_WriteEnable                       0x08003388   Section        0  stm32l475e_iot01_qspi.o(i.QSPI_WriteEnable)
    QSPI_WriteEnable                         0x08003389   Thumb Code   108  stm32l475e_iot01_qspi.o(i.QSPI_WriteEnable)
    i.QUADSPI_IRQHandler                     0x080033f8   Section        0  stm32l4xx_it.o(i.QUADSPI_IRQHandler)
    i.RCC_SetFlashLatencyFromMSIRange        0x08003408   Section        0  stm32l4xx_hal_rcc.o(i.RCC_SetFlashLatencyFromMSIRange)
    RCC_SetFlashLatencyFromMSIRange          0x08003409   Thumb Code   148  stm32l4xx_hal_rcc.o(i.RCC_SetFlashLatencyFromMSIRange)
    i.SVC_Handler                            0x080034a4   Section        0  stm32l4xx_it.o(i.SVC_Handler)
    i.SysTick_Handler                        0x080034a6   Section        0  stm32l4xx_it.o(i.SysTick_Handler)
    i.SystemClock_Config                     0x080034ae   Section        0  main.o(i.SystemClock_Config)
    i.SystemInit                             0x08003528   Section        0  system_stm32l4xx.o(i.SystemInit)
    i.TIM6_DAC_IRQHandler                    0x08003578   Section        0  stm32l4xx_it.o(i.TIM6_DAC_IRQHandler)
    i.TIM_Base_SetConfig                     0x08003590   Section        0  stm32l4xx_hal_tim.o(i.TIM_Base_SetConfig)
    i.UsageFault_Handler                     0x0800365c   Section        0  stm32l4xx_it.o(i.UsageFault_Handler)
    i.__scatterload_copy                     0x08003660   Section       14  handlers.o(i.__scatterload_copy)
    i.__scatterload_null                     0x0800366e   Section        2  handlers.o(i.__scatterload_null)
    i.__scatterload_zeroinit                 0x08003670   Section       14  handlers.o(i.__scatterload_zeroinit)
    i.main                                   0x08003680   Section        0  main.o(i.main)
    .constdata                               0x08003898   Section       72  system_stm32l4xx.o(.constdata)
    .constdata                               0x080038e0   Section     2052  arm_common_tables.o(.constdata)
    .data                                    0x20000000   Section       24  main.o(.data)
    .data                                    0x20000018   Section        4  stm32l4xx_hal.o(.data)
    .data                                    0x2000001c   Section        4  system_stm32l4xx.o(.data)
    .bss                                     0x20000020   Section       68  stm32l475e_iot01_qspi.o(.bss)
    .bss                                     0x20000064   Section     8368  main.o(.bss)
    STACK                                    0x20002118   Section     1024  startup_stm32l475xx.o(STACK)

    Global Symbols

    Symbol Name                              Value     Ov Type        Size  Object(Section)

    BuildAttributes$$THM_ISAv4$E$P$D$K$B$S$7EM$VFPi3$EXTD16$VFPS$VFMA$PE$A:L22UL41UL21$X:L11$S22US41US21$IEEE1$IW$USESV6$~STKCKD$USESV7$~SHL$OTIME$ROPI$IEEEX$EBA8$MICROLIB$REQ8$PRES8$EABIv2 0x00000000   Number         0  anon$$obj.o ABSOLUTE
    __ARM_use_no_argv                        0x00000000   Number         0  main.o ABSOLUTE
    __cpp_initialize__aeabi_                  - Undefined Weak Reference
    __cxa_finalize                            - Undefined Weak Reference
    __decompress                              - Undefined Weak Reference
    _clock_init                               - Undefined Weak Reference
    _microlib_exit                            - Undefined Weak Reference
    __Vectors_Size                           0x00000188   Number         0  startup_stm32l475xx.o ABSOLUTE
    __Vectors                                0x08000000   Data           4  startup_stm32l475xx.o(RESET)
    __Vectors_End                            0x08000188   Data           0  startup_stm32l475xx.o(RESET)
    __main                                   0x08000189   Thumb Code     0  entry.o(.ARM.Collect$$$$00000000)
    _main_stk                                0x08000189   Thumb Code     0  entry2.o(.ARM.Collect$$$$00000001)
    _main_scatterload                        0x0800018d   Thumb Code     0  entry5.o(.ARM.Collect$$$$00000004)
    __main_after_scatterload                 0x08000191   Thumb Code     0  entry5.o(.ARM.Collect$$$$00000004)
    _main_clock                              0x08000191   Thumb Code     0  entry7b.o(.ARM.Collect$$$$00000008)
    _main_cpp_init                           0x08000191   Thumb Code     0  entry8b.o(.ARM.Collect$$$$0000000A)
    _main_init                               0x08000191   Thumb Code     0  entry9a.o(.ARM.Collect$$$$0000000B)
    __rt_final_cpp                           0x08000199   Thumb Code     0  entry10a.o(.ARM.Collect$$$$0000000D)
    __rt_final_exit                          0x08000199   Thumb Code     0  entry11a.o(.ARM.Collect$$$$0000000F)
    Reset_Handler                            0x0800019d   Thumb Code     8  startup_stm32l475xx.o(.text)
    ADC1_2_IRQHandler                        0x080001b7   Thumb Code     0  startup_stm32l475xx.o(.text)
    ADC3_IRQHandler                          0x080001b7   Thumb Code     0  startup_stm32l475xx.o(.text)
    CAN1_RX0_IRQHandler                      0x080001b7   Thumb Code     0  startup_stm32l475xx.o(.text)
    CAN1_RX1_IRQHandler                      0x080001b7   Thumb Code     0  startup_stm32l475xx.o(.text)
    CAN1_SCE_IRQHandler                      0x080001b7   Thumb Code     0  startup_stm32l475xx.o(.text)
    CAN1_TX_IRQHandler                       0x080001b7   Thumb Code     0  startup_stm32l475xx.o(.text)
    COMP_IRQHandler                          0x080001b7   Thumb Code     0  startup_stm32l475xx.o(.text)
    DFSDM1_FLT0_IRQHandler                   0x080001b7   Thumb Code     0  startup_stm32l475xx.o(.text)
    DFSDM1_FLT1_IRQHandler                   0x080001b7   Thumb Code     0  startup_stm32l475xx.o(.text)
    DFSDM1_FLT2_IRQHandler                   0x080001b7   Thumb Code     0  startup_stm32l475xx.o(.text)
    DFSDM1_FLT3_IRQHandler                   0x080001b7   Thumb Code     0  startup_stm32l475xx.o(.text)
    DMA1_Channel1_IRQHandler                 0x080001b7   Thumb Code     0  startup_stm32l475xx.o(.text)
    DMA1_Channel2_IRQHandler                 0x080001b7   Thumb Code     0  startup_stm32l475xx.o(.text)
    DMA1_Channel6_IRQHandler                 0x080001b7   Thumb Code     0  startup_stm32l475xx.o(.text)
    DMA1_Channel7_IRQHandler                 0x080001b7   Thumb Code     0  startup_stm32l475xx.o(.text)
    DMA2_Channel1_IRQHandler                 0x080001b7   Thumb Code     0  startup_stm32l475xx.o(.text)
    DMA2_Channel2_IRQHandler                 0x080001b7   Thumb Code     0  startup_stm32l475xx.o(.text)
    DMA2_Channel3_IRQHandler                 0x080001b7   Thumb Code     0  startup_stm32l475xx.o(.text)
    DMA2_Channel4_IRQHandler                 0x080001b7   Thumb Code     0  startup_stm32l475xx.o(.text)
    DMA2_Channel5_IRQHandler                 0x080001b7   Thumb Code     0  startup_stm32l475xx.o(.text)
    DMA2_Channel6_IRQHandler                 0x080001b7   Thumb Code     0  startup_stm32l475xx.o(.text)
    DMA2_Channel7_IRQHandler                 0x080001b7   Thumb Code     0  startup_stm32l475xx.o(.text)
    EXTI0_IRQHandler                         0x080001b7   Thumb Code     0  startup_stm32l475xx.o(.text)
    EXTI15_10_IRQHandler                     0x080001b7   Thumb Code     0  startup_stm32l475xx.o(.text)
    EXTI1_IRQHandler                         0x080001b7   Thumb Code     0  startup_stm32l475xx.o(.text)
    EXTI2_IRQHandler                         0x080001b7   Thumb Code     0  startup_stm32l475xx.o(.text)
    EXTI3_IRQHandler                         0x080001b7   Thumb Code     0  startup_stm32l475xx.o(.text)
    EXTI4_IRQHandler                         0x080001b7   Thumb Code     0  startup_stm32l475xx.o(.text)
    EXTI9_5_IRQHandler                       0x080001b7   Thumb Code     0  startup_stm32l475xx.o(.text)
    FLASH_IRQHandler                         0x080001b7   Thumb Code     0  startup_stm32l475xx.o(.text)
    FMC_IRQHandler                           0x080001b7   Thumb Code     0  startup_stm32l475xx.o(.text)
    FPU_IRQHandler                           0x080001b7   Thumb Code     0  startup_stm32l475xx.o(.text)
    I2C1_ER_IRQHandler                       0x080001b7   Thumb Code     0  startup_stm32l475xx.o(.text)
    I2C1_EV_IRQHandler                       0x080001b7   Thumb Code     0  startup_stm32l475xx.o(.text)
    I2C2_ER_IRQHandler                       0x080001b7   Thumb Code     0  startup_stm32l475xx.o(.text)
    I2C2_EV_IRQHandler                       0x080001b7   Thumb Code     0  startup_stm32l475xx.o(.text)
    I2C3_ER_IRQHandler                       0x080001b7   Thumb Code     0  startup_stm32l475xx.o(.text)
    I2C3_EV_IRQHandler                       0x080001b7   Thumb Code     0  startup_stm32l475xx.o(.text)
    LPTIM1_IRQHandler                        0x080001b7   Thumb Code     0  startup_stm32l475xx.o(.text)
    LPTIM2_IRQHandler                        0x080001b7   Thumb Code     0  startup_stm32l475xx.o(.text)
    LPUART1_IRQHandler                       0x080001b7   Thumb Code     0  startup_stm32l475xx.o(.text)
    OTG_FS_IRQHandler                        0x080001b7   Thumb Code     0  startup_stm32l475xx.o(.text)
    PVD_PVM_IRQHandler                       0x080001b7   Thumb Code     0  startup_stm32l475xx.o(.text)
    RCC_IRQHandler                           0x080001b7   Thumb Code     0  startup_stm32l475xx.o(.text)
    RNG_IRQHandler                           0x080001b7   Thumb Code     0  startup_stm32l475xx.o(.text)
    RTC_Alarm_IRQHandler                     0x080001b7   Thumb Code     0  startup_stm32l475xx.o(.text)
    RTC_WKUP_IRQHandler                      0x080001b7   Thumb Code     0  startup_stm32l475xx.o(.text)
    SAI1_IRQHandler                          0x080001b7   Thumb Code     0  startup_stm32l475xx.o(.text)
    SAI2_IRQHandler                          0x080001b7   Thumb Code     0  startup_stm32l475xx.o(.text)
    SDMMC1_IRQHandler                        0x080001b7   Thumb Code     0  startup_stm32l475xx.o(.text)
    SPI1_IRQHandler                          0x080001b7   Thumb Code     0  startup_stm32l475xx.o(.text)
    SPI2_IRQHandler                          0x080001b7   Thumb Code     0  startup_stm32l475xx.o(.text)
    SPI3_IRQHandler                          0x080001b7   Thumb Code     0  startup_stm32l475xx.o(.text)
    SWPMI1_IRQHandler                        0x080001b7   Thumb Code     0  startup_stm32l475xx.o(.text)
    TAMP_STAMP_IRQHandler                    0x080001b7   Thumb Code     0  startup_stm32l475xx.o(.text)
    TIM1_BRK_TIM15_IRQHandler                0x080001b7   Thumb Code     0  startup_stm32l475xx.o(.text)
    TIM1_CC_IRQHandler                       0x080001b7   Thumb Code     0  startup_stm32l475xx.o(.text)
    TIM1_TRG_COM_TIM17_IRQHandler            0x080001b7   Thumb Code     0  startup_stm32l475xx.o(.text)
    TIM1_UP_TIM16_IRQHandler                 0x080001b7   Thumb Code     0  startup_stm32l475xx.o(.text)
    TIM2_IRQHandler                          0x080001b7   Thumb Code     0  startup_stm32l475xx.o(.text)
    TIM3_IRQHandler                          0x080001b7   Thumb Code     0  startup_stm32l475xx.o(.text)
    TIM4_IRQHandler                          0x080001b7   Thumb Code     0  startup_stm32l475xx.o(.text)
    TIM5_IRQHandler                          0x080001b7   Thumb Code     0  startup_stm32l475xx.o(.text)
    TIM7_IRQHandler                          0x080001b7   Thumb Code     0  startup_stm32l475xx.o(.text)
    TIM8_BRK_IRQHandler                      0x080001b7   Thumb Code     0  startup_stm32l475xx.o(.text)
    TIM8_CC_IRQHandler                       0x080001b7   Thumb Code     0  startup_stm32l475xx.o(.text)
    TIM8_TRG_COM_IRQHandler                  0x080001b7   Thumb Code     0  startup_stm32l475xx.o(.text)
    TIM8_UP_IRQHandler                       0x080001b7   Thumb Code     0  startup_stm32l475xx.o(.text)
    TSC_IRQHandler                           0x080001b7   Thumb Code     0  startup_stm32l475xx.o(.text)
    UART4_IRQHandler                         0x080001b7   Thumb Code     0  startup_stm32l475xx.o(.text)
    UART5_IRQHandler                         0x080001b7   Thumb Code     0  startup_stm32l475xx.o(.text)
    USART1_IRQHandler                        0x080001b7   Thumb Code     0  startup_stm32l475xx.o(.text)
    USART2_IRQHandler                        0x080001b7   Thumb Code     0  startup_stm32l475xx.o(.text)
    USART3_IRQHandler                        0x080001b7   Thumb Code     0  startup_stm32l475xx.o(.text)
    WWDG_IRQHandler                          0x080001b7   Thumb Code     0  startup_stm32l475xx.o(.text)
    arm_sin_f32                              0x080001c1   Thumb Code   130  arm_sin_f32.o(.text)
    __aeabi_memset                           0x08000255   Thumb Code    14  memseta.o(.text)
    __aeabi_memset4                          0x08000255   Thumb Code     0  memseta.o(.text)
    __aeabi_memset8                          0x08000255   Thumb Code     0  memseta.o(.text)
    __aeabi_memclr                           0x08000263   Thumb Code     4  memseta.o(.text)
    __aeabi_memclr4                          0x08000263   Thumb Code     0  memseta.o(.text)
    __aeabi_memclr8                          0x08000263   Thumb Code     0  memseta.o(.text)
    _memset$wrapper                          0x08000267   Thumb Code    18  memseta.o(.text)
    __aeabi_dmul                             0x08000279   Thumb Code   228  dmul.o(.text)
    __aeabi_i2d                              0x08000363   Thumb Code    34  dflti.o(.text)
    __aeabi_d2iz                             0x08000385   Thumb Code    62  dfixi.o(.text)
    __aeabi_llsr                             0x080003c3   Thumb Code    32  llushr.o(.text)
    _ll_ushift_r                             0x080003c3   Thumb Code     0  llushr.o(.text)
    __I$use$fp                               0x080003e3   Thumb Code     0  iusefp.o(.text)
    _double_round                            0x080003e3   Thumb Code    30  depilogue.o(.text)
    _double_epilogue                         0x08000401   Thumb Code   156  depilogue.o(.text)
    __scatterload                            0x0800049d   Thumb Code    28  init.o(.text)
    __scatterload_rt2                        0x0800049d   Thumb Code     0  init.o(.text)
    __aeabi_llsl                             0x080004c1   Thumb Code    30  llshl.o(.text)
    _ll_shift_l                              0x080004c1   Thumb Code     0  llshl.o(.text)
    BSP_QSPI_Erase_Chip                      0x080004e1   Thumb Code    80  stm32l475e_iot01_qspi.o(i.BSP_QSPI_Erase_Chip)
    BSP_QSPI_Init                            0x08000539   Thumb Code   138  stm32l475e_iot01_qspi.o(i.BSP_QSPI_Init)
    BSP_QSPI_MspInit                         0x080005cd   Thumb Code   112  stm32l475e_iot01_qspi.o(i.BSP_QSPI_MspInit)
    BSP_QSPI_Read                            0x08000645   Thumb Code   110  stm32l475e_iot01_qspi.o(i.BSP_QSPI_Read)
    BSP_QSPI_Write                           0x080006b9   Thumb Code   176  stm32l475e_iot01_qspi.o(i.BSP_QSPI_Write)
    BusFault_Handler                         0x0800076d   Thumb Code     4  stm32l4xx_it.o(i.BusFault_Handler)
    DAC_DMAConvCpltCh2                       0x08000783   Thumb Code    18  stm32l4xx_hal_dac_ex.o(i.DAC_DMAConvCpltCh2)
    DAC_DMAErrorCh2                          0x080007af   Thumb Code    26  stm32l4xx_hal_dac_ex.o(i.DAC_DMAErrorCh2)
    DAC_DMAHalfConvCpltCh2                   0x080007d7   Thumb Code    14  stm32l4xx_hal_dac_ex.o(i.DAC_DMAHalfConvCpltCh2)
    DMA1_Channel3_IRQHandler                 0x080007e5   Thumb Code    10  stm32l4xx_it.o(i.DMA1_Channel3_IRQHandler)
    DMA1_Channel4_IRQHandler                 0x080007f5   Thumb Code    10  stm32l4xx_it.o(i.DMA1_Channel4_IRQHandler)
    DMA1_Channel5_IRQHandler                 0x08000805   Thumb Code    10  stm32l4xx_it.o(i.DMA1_Channel5_IRQHandler)
    DebugMon_Handler                         0x08000845   Thumb Code     2  stm32l4xx_it.o(i.DebugMon_Handler)
    Error_Handler                            0x08000847   Thumb Code     4  main.o(i.Error_Handler)
    HAL_DACEx_ConvCpltCallbackCh2            0x0800084b   Thumb Code     2  stm32l4xx_hal_dac_ex.o(i.HAL_DACEx_ConvCpltCallbackCh2)
    HAL_DACEx_ConvHalfCpltCallbackCh2        0x0800084d   Thumb Code     2  stm32l4xx_hal_dac_ex.o(i.HAL_DACEx_ConvHalfCpltCallbackCh2)
    HAL_DACEx_DMAUnderrunCallbackCh2         0x0800084f   Thumb Code     2  stm32l4xx_hal_dac_ex.o(i.HAL_DACEx_DMAUnderrunCallbackCh2)
    HAL_DACEx_ErrorCallbackCh2               0x08000851   Thumb Code     2  stm32l4xx_hal_dac_ex.o(i.HAL_DACEx_ErrorCallbackCh2)
    HAL_DAC_ConfigChannel                    0x08000853   Thumb Code   398  stm32l4xx_hal_dac.o(i.HAL_DAC_ConfigChannel)
    HAL_DAC_ConvCpltCallbackCh1              0x080009e1   Thumb Code    34  stm32l4xx_it.o(i.HAL_DAC_ConvCpltCallbackCh1)
    HAL_DAC_ConvHalfCpltCallbackCh1          0x08000a0d   Thumb Code    34  stm32l4xx_it.o(i.HAL_DAC_ConvHalfCpltCallbackCh1)
    HAL_DAC_DMAUnderrunCallbackCh1           0x08000a39   Thumb Code     2  stm32l4xx_hal_dac.o(i.HAL_DAC_DMAUnderrunCallbackCh1)
    HAL_DAC_ErrorCallbackCh1                 0x08000a3b   Thumb Code     2  stm32l4xx_hal_dac.o(i.HAL_DAC_ErrorCallbackCh1)
    HAL_DAC_IRQHandler                       0x08000a3d   Thumb Code   138  stm32l4xx_hal_dac.o(i.HAL_DAC_IRQHandler)
    HAL_DAC_Init                             0x08000ac7   Thumb Code    40  stm32l4xx_hal_dac.o(i.HAL_DAC_Init)
    HAL_DAC_MspInit                          0x08000af1   Thumb Code   240  stm32l4xx_hal_msp.o(i.HAL_DAC_MspInit)
    HAL_DAC_Start_DMA                        0x08000bf5   Thumb Code   300  stm32l4xx_hal_dac.o(i.HAL_DAC_Start_DMA)
    HAL_DMA_Abort                            0x08000d39   Thumb Code    70  stm32l4xx_hal_dma.o(i.HAL_DMA_Abort)
    HAL_DMA_Abort_IT                         0x08000d7f   Thumb Code    92  stm32l4xx_hal_dma.o(i.HAL_DMA_Abort_IT)
    HAL_DMA_DeInit                           0x08000ddd   Thumb Code   188  stm32l4xx_hal_dma.o(i.HAL_DMA_DeInit)
    HAL_DMA_IRQHandler                       0x08000ea1   Thumb Code   254  stm32l4xx_hal_dma.o(i.HAL_DMA_IRQHandler)
    HAL_DMA_Init                             0x08000fa1   Thumb Code   258  stm32l4xx_hal_dma.o(i.HAL_DMA_Init)
    HAL_DMA_Start_IT                         0x080010ad   Thumb Code   156  stm32l4xx_hal_dma.o(i.HAL_DMA_Start_IT)
    HAL_Delay                                0x08001149   Thumb Code    32  stm32l4xx_hal.o(i.HAL_Delay)
    HAL_GPIO_DeInit                          0x08001169   Thumb Code   292  stm32l4xx_hal_gpio.o(i.HAL_GPIO_DeInit)
    HAL_GPIO_Init                            0x080012ad   Thumb Code   480  stm32l4xx_hal_gpio.o(i.HAL_GPIO_Init)
    HAL_GetTick                              0x080014b1   Thumb Code     6  stm32l4xx_hal.o(i.HAL_GetTick)
    HAL_IncTick                              0x080014bd   Thumb Code    12  stm32l4xx_hal.o(i.HAL_IncTick)
    HAL_Init                                 0x080014cd   Thumb Code    30  stm32l4xx_hal.o(i.HAL_Init)
    HAL_InitTick                             0x080014ed   Thumb Code    44  stm32l4xx_hal.o(i.HAL_InitTick)
    HAL_MspInit                              0x0800151d   Thumb Code    58  stm32l4xx_hal_msp.o(i.HAL_MspInit)
    HAL_NVIC_DisableIRQ                      0x0800155d   Thumb Code    22  stm32l4xx_hal_cortex.o(i.HAL_NVIC_DisableIRQ)
    HAL_NVIC_EnableIRQ                       0x08001579   Thumb Code    26  stm32l4xx_hal_cortex.o(i.HAL_NVIC_EnableIRQ)
    HAL_NVIC_SetPriority                     0x08001593   Thumb Code   124  stm32l4xx_hal_cortex.o(i.HAL_NVIC_SetPriority)
    HAL_NVIC_SetPriorityGrouping             0x08001615   Thumb Code    32  stm32l4xx_hal_cortex.o(i.HAL_NVIC_SetPriorityGrouping)
    HAL_PWREx_ControlVoltageScaling          0x0800163d   Thumb Code   128  stm32l4xx_hal_pwr_ex.o(i.HAL_PWREx_ControlVoltageScaling)
    HAL_PWREx_GetVoltageRange                0x080016c9   Thumb Code    10  stm32l4xx_hal_pwr_ex.o(i.HAL_PWREx_GetVoltageRange)
    HAL_QSPI_Abort                           0x080016d9   Thumb Code   154  stm32l4xx_hal_qspi.o(i.HAL_QSPI_Abort)
    HAL_QSPI_AbortCpltCallback               0x08001773   Thumb Code     2  stm32l4xx_hal_qspi.o(i.HAL_QSPI_AbortCpltCallback)
    HAL_QSPI_Abort_IT                        0x08001775   Thumb Code   128  stm32l4xx_hal_qspi.o(i.HAL_QSPI_Abort_IT)
    HAL_QSPI_AutoPolling                     0x080017f9   Thumb Code   202  stm32l4xx_hal_qspi.o(i.HAL_QSPI_AutoPolling)
    HAL_QSPI_CmdCpltCallback                 0x080018c3   Thumb Code     2  stm32l4xx_hal_qspi.o(i.HAL_QSPI_CmdCpltCallback)
    HAL_QSPI_Command                         0x080018c5   Thumb Code   164  stm32l4xx_hal_qspi.o(i.HAL_QSPI_Command)
    HAL_QSPI_DeInit                          0x08001969   Thumb Code    70  stm32l4xx_hal_qspi.o(i.HAL_QSPI_DeInit)
    HAL_QSPI_ErrorCallback                   0x080019af   Thumb Code     2  stm32l4xx_hal_qspi.o(i.HAL_QSPI_ErrorCallback)
    HAL_QSPI_FifoThresholdCallback           0x080019b1   Thumb Code     2  stm32l4xx_hal_qspi.o(i.HAL_QSPI_FifoThresholdCallback)
    HAL_QSPI_IRQHandler                      0x080019b5   Thumb Code   648  stm32l4xx_hal_qspi.o(i.HAL_QSPI_IRQHandler)
    HAL_QSPI_Init                            0x08001c41   Thumb Code   190  stm32l4xx_hal_qspi.o(i.HAL_QSPI_Init)
    HAL_QSPI_MspDeInit                       0x08001d09   Thumb Code    56  stm32l4xx_hal_msp.o(i.HAL_QSPI_MspDeInit)
    HAL_QSPI_MspInit                         0x08001d51   Thumb Code   236  stm32l4xx_hal_msp.o(i.HAL_QSPI_MspInit)
    HAL_QSPI_Receive                         0x08001e55   Thumb Code   236  stm32l4xx_hal_qspi.o(i.HAL_QSPI_Receive)
    HAL_QSPI_RxCpltCallback                  0x08001f47   Thumb Code     2  stm32l4xx_hal_qspi.o(i.HAL_QSPI_RxCpltCallback)
    HAL_QSPI_SetTimeout                      0x08001f49   Thumb Code     4  stm32l4xx_hal_qspi.o(i.HAL_QSPI_SetTimeout)
    HAL_QSPI_StatusMatchCallback             0x08001f4d   Thumb Code     2  stm32l4xx_hal_qspi.o(i.HAL_QSPI_StatusMatchCallback)
    HAL_QSPI_TimeOutCallback                 0x08001f4f   Thumb Code     2  stm32l4xx_hal_qspi.o(i.HAL_QSPI_TimeOutCallback)
    HAL_QSPI_Transmit                        0x08001f51   Thumb Code   220  stm32l4xx_hal_qspi.o(i.HAL_QSPI_Transmit)
    HAL_QSPI_TxCpltCallback                  0x0800202d   Thumb Code     2  stm32l4xx_hal_qspi.o(i.HAL_QSPI_TxCpltCallback)
    HAL_RCC_ClockConfig                      0x08002031   Thumb Code   358  stm32l4xx_hal_rcc.o(i.HAL_RCC_ClockConfig)
    HAL_RCC_GetSysClockFreq                  0x080021a9   Thumb Code   266  stm32l4xx_hal_rcc.o(i.HAL_RCC_GetSysClockFreq)
    HAL_RCC_OscConfig                        0x080022c5   Thumb Code  1536  stm32l4xx_hal_rcc.o(i.HAL_RCC_OscConfig)
    HAL_SYSTICK_Config                       0x080028d1   Thumb Code    52  stm32l4xx_hal_cortex.o(i.HAL_SYSTICK_Config)
    HAL_TIMEx_Break2Callback                 0x08002905   Thumb Code     2  stm32l4xx_hal_tim_ex.o(i.HAL_TIMEx_Break2Callback)
    HAL_TIMEx_BreakCallback                  0x08002907   Thumb Code     2  stm32l4xx_hal_tim_ex.o(i.HAL_TIMEx_BreakCallback)
    HAL_TIMEx_CommutationCallback            0x08002909   Thumb Code     2  stm32l4xx_hal_tim_ex.o(i.HAL_TIMEx_CommutationCallback)
    HAL_TIMEx_MasterConfigSynchronization    0x0800290d   Thumb Code   110  stm32l4xx_hal_tim_ex.o(i.HAL_TIMEx_MasterConfigSynchronization)
    HAL_TIM_Base_Init                        0x08002985   Thumb Code    52  stm32l4xx_hal_tim.o(i.HAL_TIM_Base_Init)
    HAL_TIM_Base_MspInit                     0x080029b9   Thumb Code    58  stm32l4xx_hal_msp.o(i.HAL_TIM_Base_MspInit)
    HAL_TIM_Base_Start                       0x080029fd   Thumb Code    62  stm32l4xx_hal_tim.o(i.HAL_TIM_Base_Start)
    HAL_TIM_IC_CaptureCallback               0x08002a41   Thumb Code     2  stm32l4xx_hal_tim.o(i.HAL_TIM_IC_CaptureCallback)
    HAL_TIM_IRQHandler                       0x08002a43   Thumb Code   440  stm32l4xx_hal_tim.o(i.HAL_TIM_IRQHandler)
    HAL_TIM_OC_DelayElapsedCallback          0x08002bfb   Thumb Code     2  stm32l4xx_hal_tim.o(i.HAL_TIM_OC_DelayElapsedCallback)
    HAL_TIM_PWM_PulseFinishedCallback        0x08002bfd   Thumb Code     2  stm32l4xx_hal_tim.o(i.HAL_TIM_PWM_PulseFinishedCallback)
    HAL_TIM_PeriodElapsedCallback            0x08002bff   Thumb Code     2  stm32l4xx_hal_tim.o(i.HAL_TIM_PeriodElapsedCallback)
    HAL_TIM_TriggerCallback                  0x08002c01   Thumb Code     2  stm32l4xx_hal_tim.o(i.HAL_TIM_TriggerCallback)
    HardFault_Handler                        0x08002c03   Thumb Code     4  stm32l4xx_it.o(i.HardFault_Handler)
    MemManage_Handler                        0x08002dd1   Thumb Code     4  stm32l4xx_it.o(i.MemManage_Handler)
    NMI_Handler                              0x08002dd5   Thumb Code     2  stm32l4xx_it.o(i.NMI_Handler)
    PendSV_Handler                           0x08002e11   Thumb Code     2  stm32l4xx_it.o(i.PendSV_Handler)
    QUADSPI_IRQHandler                       0x080033f9   Thumb Code    10  stm32l4xx_it.o(i.QUADSPI_IRQHandler)
    SVC_Handler                              0x080034a5   Thumb Code     2  stm32l4xx_it.o(i.SVC_Handler)
    SysTick_Handler                          0x080034a7   Thumb Code     8  stm32l4xx_it.o(i.SysTick_Handler)
    SystemClock_Config                       0x080034af   Thumb Code   120  main.o(i.SystemClock_Config)
    SystemInit                               0x08003529   Thumb Code    68  system_stm32l4xx.o(i.SystemInit)
    TIM6_DAC_IRQHandler                      0x08003579   Thumb Code    16  stm32l4xx_it.o(i.TIM6_DAC_IRQHandler)
    TIM_Base_SetConfig                       0x08003591   Thumb Code   170  stm32l4xx_hal_tim.o(i.TIM_Base_SetConfig)
    UsageFault_Handler                       0x0800365d   Thumb Code     4  stm32l4xx_it.o(i.UsageFault_Handler)
    __scatterload_copy                       0x08003661   Thumb Code    14  handlers.o(i.__scatterload_copy)
    __scatterload_null                       0x0800366f   Thumb Code     2  handlers.o(i.__scatterload_null)
    __scatterload_zeroinit                   0x08003671   Thumb Code    14  handlers.o(i.__scatterload_zeroinit)
    main                                     0x08003681   Thumb Code   494  main.o(i.main)
    AHBPrescTable                            0x08003898   Data          16  system_stm32l4xx.o(.constdata)
    APBPrescTable                            0x080038a8   Data           8  system_stm32l4xx.o(.constdata)
    MSIRangeTable                            0x080038b0   Data          48  system_stm32l4xx.o(.constdata)
    sinTable_f32                             0x080038e0   Data        2052  arm_common_tables.o(.constdata)
    Region$$Table$$Base                      0x080040e4   Number         0  anon$$obj.o(Region$$Table)
    Region$$Table$$Limit                     0x08004104   Number         0  anon$$obj.o(Region$$Table)
    i                                        0x20000000   Data           4  main.o(.data)
    rx_cplt                                  0x20000004   Data           4  main.o(.data)
    tx_cplt                                  0x20000008   Data           4  main.o(.data)
    cmd_cplt                                 0x2000000c   Data           4  main.o(.data)
    bufferLeftIndex                          0x20000010   Data           4  main.o(.data)
    bufferRightIndex                         0x20000014   Data           4  main.o(.data)
    uwTick                                   0x20000018   Data           4  stm32l4xx_hal.o(.data)
    SystemCoreClock                          0x2000001c   Data           4  system_stm32l4xx.o(.data)
    QSPIHandle                               0x20000020   Data          68  stm32l475e_iot01_qspi.o(.bss)
    hdac1                                    0x20000064   Data          20  main.o(.bss)
    hdma_dac_ch1                             0x20000078   Data          72  main.o(.bss)
    hdma_dac_ch2                             0x200000c0   Data          72  main.o(.bss)
    hqspi                                    0x20000108   Data          68  main.o(.bss)
    hdma_quadspi                             0x2000014c   Data          72  main.o(.bss)
    htim6                                    0x20000194   Data          64  main.o(.bss)
    audioBufferLeft                          0x200001d4   Data        4000  main.o(.bss)
    audioBufferRight                         0x20001174   Data        4000  main.o(.bss)
    __initial_sp                             0x20002518   Data           0  startup_stm32l475xx.o(STACK)



==============================================================================

Memory Map of the image

  Image Entry point : 0x08000189

  Load Region LR_IROM1 (Base: 0x08000000, Size: 0x00004124, Max: 0x00100000, ABSOLUTE)

    Execution Region ER_IROM1 (Exec base: 0x08000000, Load base: 0x08000000, Size: 0x00004104, Max: 0x00100000, ABSOLUTE)

    Exec Addr    Load Addr    Size         Type   Attr      Idx    E Section Name        Object

    0x08000000   0x08000000   0x00000188   Data   RO            3    RESET               startup_stm32l475xx.o
    0x08000188   0x08000188   0x00000000   Code   RO         4082  * .ARM.Collect$$$$00000000  mc_w.l(entry.o)
    0x08000188   0x08000188   0x00000004   Code   RO         4093    .ARM.Collect$$$$00000001  mc_w.l(entry2.o)
    0x0800018c   0x0800018c   0x00000004   Code   RO         4096    .ARM.Collect$$$$00000004  mc_w.l(entry5.o)
    0x08000190   0x08000190   0x00000000   Code   RO         4098    .ARM.Collect$$$$00000008  mc_w.l(entry7b.o)
    0x08000190   0x08000190   0x00000000   Code   RO         4100    .ARM.Collect$$$$0000000A  mc_w.l(entry8b.o)
    0x08000190   0x08000190   0x00000008   Code   RO         4101    .ARM.Collect$$$$0000000B  mc_w.l(entry9a.o)
    0x08000198   0x08000198   0x00000000   Code   RO         4103    .ARM.Collect$$$$0000000D  mc_w.l(entry10a.o)
    0x08000198   0x08000198   0x00000000   Code   RO         4105    .ARM.Collect$$$$0000000F  mc_w.l(entry11a.o)
    0x08000198   0x08000198   0x00000004   Code   RO         4094    .ARM.Collect$$$$00002712  mc_w.l(entry2.o)
    0x0800019c   0x0800019c   0x00000024   Code   RO            4    .text               startup_stm32l475xx.o
    0x080001c0   0x080001c0   0x00000094   Code   RO         3953    .text               arm_cortexM4lf_math.lib(arm_sin_f32.o)
    0x08000254   0x08000254   0x00000024   Code   RO         4085    .text               mc_w.l(memseta.o)
    0x08000278   0x08000278   0x000000ea   Code   RO         4087    .text               mf_w.l(dmul.o)
    0x08000362   0x08000362   0x00000022   Code   RO         4089    .text               mf_w.l(dflti.o)
    0x08000384   0x08000384   0x0000003e   Code   RO         4091    .text               mf_w.l(dfixi.o)
    0x080003c2   0x080003c2   0x00000020   Code   RO         4107    .text               mc_w.l(llushr.o)
    0x080003e2   0x080003e2   0x00000000   Code   RO         4109    .text               mc_w.l(iusefp.o)
    0x080003e2   0x080003e2   0x000000ba   Code   RO         4110    .text               mf_w.l(depilogue.o)
    0x0800049c   0x0800049c   0x00000024   Code   RO         4112    .text               mc_w.l(init.o)
    0x080004c0   0x080004c0   0x0000001e   Code   RO         4114    .text               mc_w.l(llshl.o)
    0x080004de   0x080004de   0x00000002   PAD
    0x080004e0   0x080004e0   0x00000058   Code   RO           17    i.BSP_QSPI_Erase_Chip  stm32l475e_iot01_qspi.o
    0x08000538   0x08000538   0x00000094   Code   RO           21    i.BSP_QSPI_Init     stm32l475e_iot01_qspi.o
    0x080005cc   0x080005cc   0x00000078   Code   RO           24    i.BSP_QSPI_MspInit  stm32l475e_iot01_qspi.o
    0x08000644   0x08000644   0x00000074   Code   RO           25    i.BSP_QSPI_Read     stm32l475e_iot01_qspi.o
    0x080006b8   0x080006b8   0x000000b4   Code   RO           29    i.BSP_QSPI_Write    stm32l475e_iot01_qspi.o
    0x0800076c   0x0800076c   0x00000004   Code   RO          363    i.BusFault_Handler  stm32l4xx_it.o
    0x08000770   0x08000770   0x00000012   Code   RO          554    i.DAC_DMAConvCpltCh1  stm32l4xx_hal_dac.o
    0x08000782   0x08000782   0x00000012   Code   RO          695    i.DAC_DMAConvCpltCh2  stm32l4xx_hal_dac_ex.o
    0x08000794   0x08000794   0x0000001a   Code   RO          555    i.DAC_DMAErrorCh1   stm32l4xx_hal_dac.o
    0x080007ae   0x080007ae   0x0000001a   Code   RO          696    i.DAC_DMAErrorCh2   stm32l4xx_hal_dac_ex.o
    0x080007c8   0x080007c8   0x0000000e   Code   RO          556    i.DAC_DMAHalfConvCpltCh1  stm32l4xx_hal_dac.o
    0x080007d6   0x080007d6   0x0000000e   Code   RO          697    i.DAC_DMAHalfConvCpltCh2  stm32l4xx_hal_dac_ex.o
    0x080007e4   0x080007e4   0x00000010   Code   RO          364    i.DMA1_Channel3_IRQHandler  stm32l4xx_it.o
    0x080007f4   0x080007f4   0x00000010   Code   RO          365    i.DMA1_Channel4_IRQHandler  stm32l4xx_it.o
    0x08000804   0x08000804   0x00000010   Code   RO          366    i.DMA1_Channel5_IRQHandler  stm32l4xx_it.o
    0x08000814   0x08000814   0x00000030   Code   RO         3231    i.DMA_SetConfig     stm32l4xx_hal_dma.o
    0x08000844   0x08000844   0x00000002   Code   RO          367    i.DebugMon_Handler  stm32l4xx_it.o
    0x08000846   0x08000846   0x00000004   Code   RO          273    i.Error_Handler     main.o
    0x0800084a   0x0800084a   0x00000002   Code   RO          698    i.HAL_DACEx_ConvCpltCallbackCh2  stm32l4xx_hal_dac_ex.o
    0x0800084c   0x0800084c   0x00000002   Code   RO          699    i.HAL_DACEx_ConvHalfCpltCallbackCh2  stm32l4xx_hal_dac_ex.o
    0x0800084e   0x0800084e   0x00000002   Code   RO          700    i.HAL_DACEx_DMAUnderrunCallbackCh2  stm32l4xx_hal_dac_ex.o
    0x08000850   0x08000850   0x00000002   Code   RO          703    i.HAL_DACEx_ErrorCallbackCh2  stm32l4xx_hal_dac_ex.o
    0x08000852   0x08000852   0x0000018e   Code   RO          557    i.HAL_DAC_ConfigChannel  stm32l4xx_hal_dac.o
    0x080009e0   0x080009e0   0x0000002c   Code   RO          368    i.HAL_DAC_ConvCpltCallbackCh1  stm32l4xx_it.o
    0x08000a0c   0x08000a0c   0x0000002c   Code   RO          370    i.HAL_DAC_ConvHalfCpltCallbackCh1  stm32l4xx_it.o
    0x08000a38   0x08000a38   0x00000002   Code   RO          560    i.HAL_DAC_DMAUnderrunCallbackCh1  stm32l4xx_hal_dac.o
    0x08000a3a   0x08000a3a   0x00000002   Code   RO          562    i.HAL_DAC_ErrorCallbackCh1  stm32l4xx_hal_dac.o
    0x08000a3c   0x08000a3c   0x0000008a   Code   RO          566    i.HAL_DAC_IRQHandler  stm32l4xx_hal_dac.o
    0x08000ac6   0x08000ac6   0x00000028   Code   RO          567    i.HAL_DAC_Init      stm32l4xx_hal_dac.o
    0x08000aee   0x08000aee   0x00000002   PAD
    0x08000af0   0x08000af0   0x00000104   Code   RO          494    i.HAL_DAC_MspInit   stm32l4xx_hal_msp.o
    0x08000bf4   0x08000bf4   0x00000144   Code   RO          572    i.HAL_DAC_Start_DMA  stm32l4xx_hal_dac.o
    0x08000d38   0x08000d38   0x00000046   Code   RO         3232    i.HAL_DMA_Abort     stm32l4xx_hal_dma.o
    0x08000d7e   0x08000d7e   0x0000005c   Code   RO         3233    i.HAL_DMA_Abort_IT  stm32l4xx_hal_dma.o
    0x08000dda   0x08000dda   0x00000002   PAD
    0x08000ddc   0x08000ddc   0x000000c4   Code   RO         3234    i.HAL_DMA_DeInit    stm32l4xx_hal_dma.o
    0x08000ea0   0x08000ea0   0x000000fe   Code   RO         3237    i.HAL_DMA_IRQHandler  stm32l4xx_hal_dma.o
    0x08000f9e   0x08000f9e   0x00000002   PAD
    0x08000fa0   0x08000fa0   0x0000010c   Code   RO         3238    i.HAL_DMA_Init      stm32l4xx_hal_dma.o
    0x080010ac   0x080010ac   0x0000009c   Code   RO         3242    i.HAL_DMA_Start_IT  stm32l4xx_hal_dma.o
    0x08001148   0x08001148   0x00000020   Code   RO         1969    i.HAL_Delay         stm32l4xx_hal.o
    0x08001168   0x08001168   0x00000144   Code   RO         3165    i.HAL_GPIO_DeInit   stm32l4xx_hal_gpio.o
    0x080012ac   0x080012ac   0x00000204   Code   RO         3168    i.HAL_GPIO_Init     stm32l4xx_hal_gpio.o
    0x080014b0   0x080014b0   0x0000000c   Code   RO         1973    i.HAL_GetTick       stm32l4xx_hal.o
    0x080014bc   0x080014bc   0x00000010   Code   RO         1977    i.HAL_IncTick       stm32l4xx_hal.o
    0x080014cc   0x080014cc   0x0000001e   Code   RO         1978    i.HAL_Init          stm32l4xx_hal.o
    0x080014ea   0x080014ea   0x00000002   PAD
    0x080014ec   0x080014ec   0x00000030   Code   RO         1979    i.HAL_InitTick      stm32l4xx_hal.o
    0x0800151c   0x0800151c   0x00000040   Code   RO          495    i.HAL_MspInit       stm32l4xx_hal_msp.o
    0x0800155c   0x0800155c   0x0000001c   Code   RO         3708    i.HAL_NVIC_DisableIRQ  stm32l4xx_hal_cortex.o
    0x08001578   0x08001578   0x0000001a   Code   RO         3709    i.HAL_NVIC_EnableIRQ  stm32l4xx_hal_cortex.o
    0x08001592   0x08001592   0x00000082   Code   RO         3715    i.HAL_NVIC_SetPriority  stm32l4xx_hal_cortex.o
    0x08001614   0x08001614   0x00000028   Code   RO         3716    i.HAL_NVIC_SetPriorityGrouping  stm32l4xx_hal_cortex.o
    0x0800163c   0x0800163c   0x0000008c   Code   RO         3459    i.HAL_PWREx_ControlVoltageScaling  stm32l4xx_hal_pwr_ex.o
    0x080016c8   0x080016c8   0x00000010   Code   RO         3490    i.HAL_PWREx_GetVoltageRange  stm32l4xx_hal_pwr_ex.o
    0x080016d8   0x080016d8   0x0000009a   Code   RO          797    i.HAL_QSPI_Abort    stm32l4xx_hal_qspi.o
    0x08001772   0x08001772   0x00000002   Code   RO          798    i.HAL_QSPI_AbortCpltCallback  stm32l4xx_hal_qspi.o
    0x08001774   0x08001774   0x00000084   Code   RO          799    i.HAL_QSPI_Abort_IT  stm32l4xx_hal_qspi.o
    0x080017f8   0x080017f8   0x000000ca   Code   RO          800    i.HAL_QSPI_AutoPolling  stm32l4xx_hal_qspi.o
    0x080018c2   0x080018c2   0x00000002   Code   RO          802    i.HAL_QSPI_CmdCpltCallback  stm32l4xx_hal_qspi.o
    0x080018c4   0x080018c4   0x000000a4   Code   RO          803    i.HAL_QSPI_Command  stm32l4xx_hal_qspi.o
    0x08001968   0x08001968   0x00000046   Code   RO          805    i.HAL_QSPI_DeInit   stm32l4xx_hal_qspi.o
    0x080019ae   0x080019ae   0x00000002   Code   RO          806    i.HAL_QSPI_ErrorCallback  stm32l4xx_hal_qspi.o
    0x080019b0   0x080019b0   0x00000002   Code   RO          807    i.HAL_QSPI_FifoThresholdCallback  stm32l4xx_hal_qspi.o
    0x080019b2   0x080019b2   0x00000002   PAD
    0x080019b4   0x080019b4   0x0000028c   Code   RO          811    i.HAL_QSPI_IRQHandler  stm32l4xx_hal_qspi.o
    0x08001c40   0x08001c40   0x000000c8   Code   RO          812    i.HAL_QSPI_Init     stm32l4xx_hal_qspi.o
    0x08001d08   0x08001d08   0x00000048   Code   RO          496    i.HAL_QSPI_MspDeInit  stm32l4xx_hal_msp.o
    0x08001d50   0x08001d50   0x00000104   Code   RO          497    i.HAL_QSPI_MspInit  stm32l4xx_hal_msp.o
    0x08001e54   0x08001e54   0x000000f2   Code   RO          816    i.HAL_QSPI_Receive  stm32l4xx_hal_qspi.o
    0x08001f46   0x08001f46   0x00000002   Code   RO          819    i.HAL_QSPI_RxCpltCallback  stm32l4xx_hal_qspi.o
    0x08001f48   0x08001f48   0x00000004   Code   RO          822    i.HAL_QSPI_SetTimeout  stm32l4xx_hal_qspi.o
    0x08001f4c   0x08001f4c   0x00000002   Code   RO          823    i.HAL_QSPI_StatusMatchCallback  stm32l4xx_hal_qspi.o
    0x08001f4e   0x08001f4e   0x00000002   Code   RO          824    i.HAL_QSPI_TimeOutCallback  stm32l4xx_hal_qspi.o
    0x08001f50   0x08001f50   0x000000dc   Code   RO          825    i.HAL_QSPI_Transmit  stm32l4xx_hal_qspi.o
    0x0800202c   0x0800202c   0x00000002   Code   RO          828    i.HAL_QSPI_TxCpltCallback  stm32l4xx_hal_qspi.o
    0x0800202e   0x0800202e   0x00000002   PAD
    0x08002030   0x08002030   0x00000178   Code   RO         2690    i.HAL_RCC_ClockConfig  stm32l4xx_hal_rcc.o
    0x080021a8   0x080021a8   0x0000011c   Code   RO         2698    i.HAL_RCC_GetSysClockFreq  stm32l4xx_hal_rcc.o
    0x080022c4   0x080022c4   0x0000060c   Code   RO         2701    i.HAL_RCC_OscConfig  stm32l4xx_hal_rcc.o
    0x080028d0   0x080028d0   0x00000034   Code   RO         3720    i.HAL_SYSTICK_Config  stm32l4xx_hal_cortex.o
    0x08002904   0x08002904   0x00000002   Code   RO         1705    i.HAL_TIMEx_Break2Callback  stm32l4xx_hal_tim_ex.o
    0x08002906   0x08002906   0x00000002   Code   RO         1706    i.HAL_TIMEx_BreakCallback  stm32l4xx_hal_tim_ex.o
    0x08002908   0x08002908   0x00000002   Code   RO         1707    i.HAL_TIMEx_CommutationCallback  stm32l4xx_hal_tim_ex.o
    0x0800290a   0x0800290a   0x00000002   PAD
    0x0800290c   0x0800290c   0x00000078   Code   RO         1725    i.HAL_TIMEx_MasterConfigSynchronization  stm32l4xx_hal_tim_ex.o
    0x08002984   0x08002984   0x00000034   Code   RO         1055    i.HAL_TIM_Base_Init  stm32l4xx_hal_tim.o
    0x080029b8   0x080029b8   0x00000044   Code   RO          499    i.HAL_TIM_Base_MspInit  stm32l4xx_hal_msp.o
    0x080029fc   0x080029fc   0x00000044   Code   RO         1058    i.HAL_TIM_Base_Start  stm32l4xx_hal_tim.o
    0x08002a40   0x08002a40   0x00000002   Code   RO         1084    i.HAL_TIM_IC_CaptureCallback  stm32l4xx_hal_tim.o
    0x08002a42   0x08002a42   0x000001b8   Code   RO         1097    i.HAL_TIM_IRQHandler  stm32l4xx_hal_tim.o
    0x08002bfa   0x08002bfa   0x00000002   Code   RO         1100    i.HAL_TIM_OC_DelayElapsedCallback  stm32l4xx_hal_tim.o
    0x08002bfc   0x08002bfc   0x00000002   Code   RO         1127    i.HAL_TIM_PWM_PulseFinishedCallback  stm32l4xx_hal_tim.o
    0x08002bfe   0x08002bfe   0x00000002   Code   RO         1134    i.HAL_TIM_PeriodElapsedCallback  stm32l4xx_hal_tim.o
    0x08002c00   0x08002c00   0x00000002   Code   RO         1138    i.HAL_TIM_TriggerCallback  stm32l4xx_hal_tim.o
    0x08002c02   0x08002c02   0x00000004   Code   RO          372    i.HardFault_Handler  stm32l4xx_it.o
    0x08002c06   0x08002c06   0x00000002   PAD
    0x08002c08   0x08002c08   0x00000068   Code   RO          274    i.MX_DAC1_Init      main.o
    0x08002c70   0x08002c70   0x00000054   Code   RO          275    i.MX_DMA_Init       main.o
    0x08002cc4   0x08002cc4   0x00000080   Code   RO          276    i.MX_GPIO_Init      main.o
    0x08002d44   0x08002d44   0x0000003c   Code   RO          277    i.MX_QUADSPI_Init   main.o
    0x08002d80   0x08002d80   0x00000050   Code   RO          278    i.MX_TIM6_Init      main.o
    0x08002dd0   0x08002dd0   0x00000004   Code   RO          373    i.MemManage_Handler  stm32l4xx_it.o
    0x08002dd4   0x08002dd4   0x00000002   Code   RO          374    i.NMI_Handler       stm32l4xx_it.o
    0x08002dd6   0x08002dd6   0x00000002   PAD
    0x08002dd8   0x08002dd8   0x00000010   Code   RO         3722    i.NVIC_GetPriorityGrouping  stm32l4xx_hal_cortex.o
    0x08002de8   0x08002de8   0x00000028   Code   RO         3723    i.NVIC_SetPriority  stm32l4xx_hal_cortex.o
    0x08002e10   0x08002e10   0x00000002   Code   RO          375    i.PendSV_Handler    stm32l4xx_it.o
    0x08002e12   0x08002e12   0x00000002   PAD
    0x08002e14   0x08002e14   0x0000005c   Code   RO           30    i.QSPI_AutoPollingMemReady  stm32l475e_iot01_qspi.o
    0x08002e70   0x08002e70   0x000001e8   Code   RO          830    i.QSPI_Config       stm32l4xx_hal_qspi.o
    0x08003058   0x08003058   0x00000042   Code   RO          831    i.QSPI_DMAAbortCplt  stm32l4xx_hal_qspi.o
    0x0800309a   0x0800309a   0x00000002   PAD
    0x0800309c   0x0800309c   0x0000013c   Code   RO           31    i.QSPI_HighPerfMode  stm32l475e_iot01_qspi.o
    0x080031d8   0x080031d8   0x00000100   Code   RO           32    i.QSPI_QuadMode     stm32l475e_iot01_qspi.o
    0x080032d8   0x080032d8   0x00000064   Code   RO           33    i.QSPI_ResetMemory  stm32l475e_iot01_qspi.o
    0x0800333c   0x0800333c   0x0000004c   Code   RO          837    i.QSPI_WaitFlagStateUntilTimeout  stm32l4xx_hal_qspi.o
    0x08003388   0x08003388   0x00000070   Code   RO           34    i.QSPI_WriteEnable  stm32l475e_iot01_qspi.o
    0x080033f8   0x080033f8   0x00000010   Code   RO          376    i.QUADSPI_IRQHandler  stm32l4xx_it.o
    0x08003408   0x08003408   0x0000009c   Code   RO         2702    i.RCC_SetFlashLatencyFromMSIRange  stm32l4xx_hal_rcc.o
    0x080034a4   0x080034a4   0x00000002   Code   RO          377    i.SVC_Handler       stm32l4xx_it.o
    0x080034a6   0x080034a6   0x00000008   Code   RO          378    i.SysTick_Handler   stm32l4xx_it.o
    0x080034ae   0x080034ae   0x00000078   Code   RO          281    i.SystemClock_Config  main.o
    0x08003526   0x08003526   0x00000002   PAD
    0x08003528   0x08003528   0x00000050   Code   RO         3917    i.SystemInit        system_stm32l4xx.o
    0x08003578   0x08003578   0x00000018   Code   RO          379    i.TIM6_DAC_IRQHandler  stm32l4xx_it.o
    0x08003590   0x08003590   0x000000cc   Code   RO         1139    i.TIM_Base_SetConfig  stm32l4xx_hal_tim.o
    0x0800365c   0x0800365c   0x00000004   Code   RO          380    i.UsageFault_Handler  stm32l4xx_it.o
    0x08003660   0x08003660   0x0000000e   Code   RO         4118    i.__scatterload_copy  mc_w.l(handlers.o)
    0x0800366e   0x0800366e   0x00000002   Code   RO         4119    i.__scatterload_null  mc_w.l(handlers.o)
    0x08003670   0x08003670   0x0000000e   Code   RO         4120    i.__scatterload_zeroinit  mc_w.l(handlers.o)
    0x0800367e   0x0800367e   0x00000002   PAD
    0x08003680   0x08003680   0x00000218   Code   RO          282    i.main              main.o
    0x08003898   0x08003898   0x00000048   Data   RO         3918    .constdata          system_stm32l4xx.o
    0x080038e0   0x080038e0   0x00000804   Data   RO         4059    .constdata          arm_cortexM4lf_math.lib(arm_common_tables.o)
    0x080040e4   0x080040e4   0x00000020   Data   RO         4116    Region$$Table       anon$$obj.o


    Execution Region RW_IRAM1 (Exec base: 0x20000000, Load base: 0x08004104, Size: 0x00002518, Max: 0x00018000, ABSOLUTE)

    Exec Addr    Load Addr    Size         Type   Attr      Idx    E Section Name        Object

    0x20000000   0x08004104   0x00000018   Data   RW          284    .data               main.o
    0x20000018   0x0800411c   0x00000004   Data   RW         1994    .data               stm32l4xx_hal.o
    0x2000001c   0x08004120   0x00000004   Data   RW         3919    .data               system_stm32l4xx.o
    0x20000020        -       0x00000044   Zero   RW           35    .bss                stm32l475e_iot01_qspi.o
    0x20000064        -       0x000020b0   Zero   RW          283    .bss                main.o
    0x20002114   0x08004124   0x00000004   PAD
    0x20002118        -       0x00000400   Zero   RW            1    STACK               startup_stm32l475xx.o


==============================================================================

Image component sizes


      Code (inc. data)   RO Data    RW Data    ZI Data      Debug   Object Name

      1116         88          0         24       8368      19352   main.o
        36          8        392          0       1024        852   startup_stm32l475xx.o
      1528         62          0          0         68     806587   stm32l475e_iot01_qspi.o
       138         14          0          4          0       4275   stm32l4xx_hal.o
       332         28          0          0          0      31693   stm32l4xx_hal_cortex.o
       962         24          0          0          0       7088   stm32l4xx_hal_dac.o
        66          0          0          0          0       4792   stm32l4xx_hal_dac_ex.o
      1084         18          0          0          0       5791   stm32l4xx_hal_dma.o
       840         68          0          0          0       2562   stm32l4xx_hal_gpio.o
       724         76          0          0          0       3900   stm32l4xx_hal_msp.o
       156         18          0          0          0       1386   stm32l4xx_hal_pwr_ex.o
      2686         18          0          0          0      16952   stm32l4xx_hal_qspi.o
      2364         72          0          0          0       5588   stm32l4xx_hal_rcc.o
       774         40          0          0          0       6500   stm32l4xx_hal_tim.o
       126         10          0          0          0       3145   stm32l4xx_hal_tim_ex.o
       208         52          0          0          0       8824   stm32l4xx_it.o
        80         12         72          4          0       1261   system_stm32l4xx.o

    ----------------------------------------------------------------------
     13244        608        496         32       9464     930548   Object Totals
         0          0         32          0          0          0   (incl. Generated)
        24          0          0          0          4          0   (incl. Padding)

    ----------------------------------------------------------------------

      Code (inc. data)   RO Data    RW Data    ZI Data      Debug   Library Member Name

         0          0       2052          0          0       4704   arm_common_tables.o
       148         18          0          0          0      17238   arm_sin_f32.o
         0          0          0          0          0          0   entry.o
         0          0          0          0          0          0   entry10a.o
         0          0          0          0          0          0   entry11a.o
         8          4          0          0          0          0   entry2.o
         4          0          0          0          0          0   entry5.o
         0          0          0          0          0          0   entry7b.o
         0          0          0          0          0          0   entry8b.o
         8          4          0          0          0          0   entry9a.o
        30          0          0          0          0          0   handlers.o
        36          8          0          0          0         68   init.o
         0          0          0          0          0          0   iusefp.o
        30          0          0          0          0         68   llshl.o
        32          0          0          0          0         68   llushr.o
        36          0          0          0          0        108   memseta.o
       186          0          0          0          0        176   depilogue.o
        62          0          0          0          0         80   dfixi.o
        34          0          0          0          0         76   dflti.o
       234          0          0          0          0         96   dmul.o

    ----------------------------------------------------------------------
       852         34       2052          0          0      22682   Library Totals
         4          0          0          0          0          0   (incl. Padding)

    ----------------------------------------------------------------------

      Code (inc. data)   RO Data    RW Data    ZI Data      Debug   Library Name

       148         18       2052          0          0      21942   arm_cortexM4lf_math.lib
       184         16          0          0          0        312   mc_w.l
       516          0          0          0          0        428   mf_w.l

    ----------------------------------------------------------------------
       852         34       2052          0          0      22682   Library Totals

    ----------------------------------------------------------------------

==============================================================================


      Code (inc. data)   RO Data    RW Data    ZI Data      Debug   

     14096        642       2548         32       9464     942122   Grand Totals
     14096        642       2548         32       9464     942122   ELF Image Totals
     14096        642       2548         32          0          0   ROM Totals

==============================================================================

    Total RO  Size (Code + RO Data)                16644 (  16.25kB)
    Total RW  Size (RW Data + ZI Data)              9496 (   9.27kB)
    Total ROM Size (Code + RO Data + RW Data)      16676 (  16.29kB)

==============================================================================

