Component: ARM Compiler 5.06 update 6 (build 750) Tool: armlink [4d35ed]

==============================================================================

Section Cross References

    startup_stm32l475xx.o(RESET) refers to startup_stm32l475xx.o(STACK) for __initial_sp
    startup_stm32l475xx.o(RESET) refers to startup_stm32l475xx.o(.text) for Reset_Handler
    startup_stm32l475xx.o(RESET) refers to stm32l4xx_it.o(i.NMI_Handler) for NMI_Handler
    startup_stm32l475xx.o(RESET) refers to stm32l4xx_it.o(i.HardFault_Handler) for HardFault_Handler
    startup_stm32l475xx.o(RESET) refers to stm32l4xx_it.o(i.MemManage_Handler) for MemManage_Handler
    startup_stm32l475xx.o(RESET) refers to stm32l4xx_it.o(i.BusFault_Handler) for BusFault_Handler
    startup_stm32l475xx.o(RESET) refers to stm32l4xx_it.o(i.UsageFault_Handler) for UsageFault_Handler
    startup_stm32l475xx.o(RESET) refers to stm32l4xx_it.o(i.SVC_Handler) for SVC_Handler
    startup_stm32l475xx.o(RESET) refers to stm32l4xx_it.o(i.DebugMon_Handler) for DebugMon_Handler
    startup_stm32l475xx.o(RESET) refers to stm32l4xx_it.o(i.PendSV_Handler) for PendSV_Handler
    startup_stm32l475xx.o(RESET) refers to stm32l4xx_it.o(i.SysTick_Handler) for SysTick_Handler
    startup_stm32l475xx.o(RESET) refers to stm32l4xx_it.o(i.DMA1_Channel3_IRQHandler) for DMA1_Channel3_IRQHandler
    startup_stm32l475xx.o(RESET) refers to stm32l4xx_it.o(i.DMA1_Channel4_IRQHandler) for DMA1_Channel4_IRQHandler
    startup_stm32l475xx.o(RESET) refers to stm32l4xx_it.o(i.DMA1_Channel5_IRQHandler) for DMA1_Channel5_IRQHandler
    startup_stm32l475xx.o(RESET) refers to stm32l4xx_it.o(i.EXTI9_5_IRQHandler) for EXTI9_5_IRQHandler
    startup_stm32l475xx.o(RESET) refers to stm32l4xx_it.o(i.TIM6_DAC_IRQHandler) for TIM6_DAC_IRQHandler
    startup_stm32l475xx.o(RESET) refers to stm32l4xx_it.o(i.QUADSPI_IRQHandler) for QUADSPI_IRQHandler
    startup_stm32l475xx.o(.text) refers to system_stm32l4xx.o(i.SystemInit) for SystemInit
    startup_stm32l475xx.o(.text) refers to entry.o(.ARM.Collect$$$$00000000) for __main
    stm32l475e_iot01_qspi.o(i.BSP_QSPI_DeInit) refers to stm32l4xx_hal_qspi.o(i.HAL_QSPI_DeInit) for HAL_QSPI_DeInit
    stm32l475e_iot01_qspi.o(i.BSP_QSPI_DeInit) refers to stm32l475e_iot01_qspi.o(i.BSP_QSPI_MspDeInit) for BSP_QSPI_MspDeInit
    stm32l475e_iot01_qspi.o(i.BSP_QSPI_DeInit) refers to main.o(.bss) for hqspi
    stm32l475e_iot01_qspi.o(i.BSP_QSPI_EnableMemoryMappedMode) refers to stm32l4xx_hal_qspi.o(i.HAL_QSPI_MemoryMapped) for HAL_QSPI_MemoryMapped
    stm32l475e_iot01_qspi.o(i.BSP_QSPI_EnableMemoryMappedMode) refers to main.o(.bss) for hqspi
    stm32l475e_iot01_qspi.o(i.BSP_QSPI_EnterDeepPowerDown) refers to stm32l4xx_hal_qspi.o(i.HAL_QSPI_Command) for HAL_QSPI_Command
    stm32l475e_iot01_qspi.o(i.BSP_QSPI_EnterDeepPowerDown) refers to main.o(.bss) for hqspi
    stm32l475e_iot01_qspi.o(i.BSP_QSPI_Erase_Block) refers to stm32l475e_iot01_qspi.o(i.QSPI_WriteEnable) for QSPI_WriteEnable
    stm32l475e_iot01_qspi.o(i.BSP_QSPI_Erase_Block) refers to stm32l4xx_hal_qspi.o(i.HAL_QSPI_Command) for HAL_QSPI_Command
    stm32l475e_iot01_qspi.o(i.BSP_QSPI_Erase_Block) refers to stm32l475e_iot01_qspi.o(i.QSPI_AutoPollingMemReady) for QSPI_AutoPollingMemReady
    stm32l475e_iot01_qspi.o(i.BSP_QSPI_Erase_Block) refers to main.o(.bss) for hqspi
    stm32l475e_iot01_qspi.o(i.BSP_QSPI_Erase_Chip) refers to stm32l475e_iot01_qspi.o(i.QSPI_WriteEnable) for QSPI_WriteEnable
    stm32l475e_iot01_qspi.o(i.BSP_QSPI_Erase_Chip) refers to stm32l4xx_hal_qspi.o(i.HAL_QSPI_Command) for HAL_QSPI_Command
    stm32l475e_iot01_qspi.o(i.BSP_QSPI_Erase_Chip) refers to stm32l475e_iot01_qspi.o(i.QSPI_AutoPollingMemReady) for QSPI_AutoPollingMemReady
    stm32l475e_iot01_qspi.o(i.BSP_QSPI_Erase_Chip) refers to main.o(.bss) for hqspi
    stm32l475e_iot01_qspi.o(i.BSP_QSPI_Erase_Sector) refers to stm32l475e_iot01_qspi.o(i.QSPI_WriteEnable) for QSPI_WriteEnable
    stm32l475e_iot01_qspi.o(i.BSP_QSPI_Erase_Sector) refers to stm32l4xx_hal_qspi.o(i.HAL_QSPI_Command) for HAL_QSPI_Command
    stm32l475e_iot01_qspi.o(i.BSP_QSPI_Erase_Sector) refers to main.o(.bss) for hqspi
    stm32l475e_iot01_qspi.o(i.BSP_QSPI_GetStatus) refers to stm32l4xx_hal_qspi.o(i.HAL_QSPI_Command) for HAL_QSPI_Command
    stm32l475e_iot01_qspi.o(i.BSP_QSPI_GetStatus) refers to stm32l4xx_hal_qspi.o(i.HAL_QSPI_Receive) for HAL_QSPI_Receive
    stm32l475e_iot01_qspi.o(i.BSP_QSPI_GetStatus) refers to main.o(.bss) for hqspi
    stm32l475e_iot01_qspi.o(i.BSP_QSPI_Init) refers to stm32l4xx_hal_qspi.o(i.HAL_QSPI_DeInit) for HAL_QSPI_DeInit
    stm32l475e_iot01_qspi.o(i.BSP_QSPI_Init) refers to stm32l475e_iot01_qspi.o(i.BSP_QSPI_MspInit) for BSP_QSPI_MspInit
    stm32l475e_iot01_qspi.o(i.BSP_QSPI_Init) refers to stm32l4xx_hal_qspi.o(i.HAL_QSPI_Init) for HAL_QSPI_Init
    stm32l475e_iot01_qspi.o(i.BSP_QSPI_Init) refers to stm32l475e_iot01_qspi.o(i.QSPI_ResetMemory) for QSPI_ResetMemory
[...]
    Removing arm_common_tables.o(.constdata), (2048 bytes).
    Removing arm_common_tables.o(.constdata), (4096 bytes).
    Removing arm_common_tables.o(.constdata), (8192 bytes).
    Removing arm_common_tables.o(.constdata), (16384 bytes).
    Removing arm_common_tables.o(.constdata), (2052 bytes).
    Removing arm_common_tables.o(.constdata), (1026 bytes).

619 unused section(s) (total 264524 bytes) removed from the image.

==============================================================================

Image Symbol Table

    Local Symbols

    Symbol Name                              Value     Ov Type        Size  Object(Section)

    ../Drivers/STM32L4xx_HAL_Driver/Src/stm32l4xx_hal.c 0x00000000   Number         0  stm32l4xx_hal.o ABSOLUTE
    ../Drivers/STM32L4xx_HAL_Driver/Src/stm32l4xx_hal_cortex.c 0x00000000   Number         0  stm32l4xx_hal_cortex.o ABSOLUTE
    ../Drivers/STM32L4xx_HAL_Driver/Src/stm32l4xx_hal_dac.c 0x00000000   Number         0  stm32l4xx_hal_dac.o ABSOLUTE
    ../Drivers/STM32L4xx_HAL_Driver/Src/stm32l4xx_hal_dac_ex.c 0x00000000   Number         0  stm32l4xx_hal_dac_ex.o ABSOLUTE
    ../Drivers/STM32L4xx_HAL_Driver/Src/stm32l4xx_hal_dma.c 0x00000000   Number         0  stm32l4xx_hal_dma.o ABSOLUTE
    ../Drivers/STM32L4xx_HAL_Driver/Src/stm32l4xx_hal_dma_ex.c 0x00000000   Number         0  stm32l4xx_hal_dma_ex.o ABSOLUTE
    ../Drivers/STM32L4xx_HAL_Driver/Src/stm32l4xx_hal_exti.c 0x00000000   Number         0  stm32l4xx_hal_exti.o ABSOLUTE
    ../Drivers/STM32L4xx_HAL_Driver/Src/stm32l4xx_hal_flash.c 0x00000000   Number         0  stm32l4xx_hal_flash.o ABSOLUTE
    ../Drivers/STM32L4xx_HAL_Driver/Src/stm32l4xx_hal_flash_ex.c 0x00000000   Number         0  stm32l4xx_hal_flash_ex.o ABSOLUTE
    ../Drivers/STM32L4xx_HAL_Driver/Src/stm32l4xx_hal_flash_ramfunc.c 0x00000000   Number         0  stm32l4xx_hal_flash_ramfunc.o ABSOLUTE
    ../Drivers/STM32L4xx_HAL_Driver/Src/stm32l4xx_hal_gpio.c 0x00000000   Number         0  stm32l4xx_hal_gpio.o ABSOLUTE
    ../Drivers/STM32L4xx_HAL_Driver/Src/stm32l4xx_hal_i2c.c 0x00000000   Number         0  stm32l4xx_hal_i2c.o ABSOLUTE
    ../Drivers/STM32L4xx_HAL_Driver/Src/stm32l4xx_hal_i2c_ex.c 0x00000000   Number         0  stm32l4xx_hal_i2c_ex.o ABSOLUTE
    ../Drivers/STM32L4xx_HAL_Driver/Src/stm32l4xx_hal_pwr.c 0x00000000   Number         0  stm32l4xx_hal_pwr.o ABSOLUTE
    ../Drivers/STM32L4xx_HAL_Driver/Src/stm32l4xx_hal_pwr_ex.c 0x00000000   Number         0  stm32l4xx_hal_pwr_ex.o ABSOLUTE
    ../Drivers/STM32L4xx_HAL_Driver/Src/stm32l4xx_hal_qspi.c 0x00000000   Number         0  stm32l4xx_hal_qspi.o ABSOLUTE
    ../Drivers/STM32L4xx_HAL_Driver/Src/stm32l4xx_hal_rcc.c 0x00000000   Number         0  stm32l4xx_hal_rcc.o ABSOLUTE
    ../Drivers/STM32L4xx_HAL_Driver/Src/stm32l4xx_hal_rcc_ex.c 0x00000000   Number         0  stm32l4xx_hal_rcc_ex.o ABSOLUTE
    ../Drivers/STM32L4xx_HAL_Driver/Src/stm32l4xx_hal_tim.c 0x00000000   Number         0  stm32l4xx_hal_tim.o ABSOLUTE
    ../Drivers/STM32L4xx_HAL_Driver/Src/stm32l4xx_hal_tim_ex.c 0x00000000   Number         0  stm32l4xx_hal_tim_ex.o ABSOLUTE
    ../Src/main.c                            0x00000000   Number         0  main.o ABSOLUTE
    ../Src/stm32l4xx_hal_msp.c               0x00000000   Number         0  stm32l4xx_hal_msp.o ABSOLUTE
    ../Src/stm32l4xx_it.c                    0x00000000   Number         0  stm32l4xx_it.o ABSOLUTE
    ../Src/system_stm32l4xx.c                0x00000000   Number         0  system_stm32l4xx.o ABSOLUTE
    ../clib/microlib/init/entry.s            0x00000000   Number         0  entry.o ABSOLUTE
    ../clib/microlib/init/entry.s            0x00000000   Number         0  entry11b.o ABSOLUTE
    ../clib/microlib/init/entry.s            0x00000000   Number         0  entry10b.o ABSOLUTE
    ../clib/microlib/init/entry.s            0x00000000   Number         0  entry10a.o ABSOLUTE
    ../clib/microlib/init/entry.s            0x00000000   Number         0  entry9b.o ABSOLUTE
    ../clib/microlib/init/entry.s            0x00000000   Number         0  entry9a.o ABSOLUTE
    ../clib/microlib/init/entry.s            0x00000000   Number         0  entry8b.o ABSOLUTE
    ../clib/microlib/init/entry.s            0x00000000   Number         0  entry8a.o ABSOLUTE
    ../clib/microlib/init/entry.s            0x00000000   Number         0  entry7b.o ABSOLUTE
    ../clib/microlib/init/entry.s            0x00000000   Number         0  entry7a.o ABSOLUTE
    ../clib/microlib/init/entry.s            0x00000000   Number         0  entry11a.o ABSOLUTE
    ../clib/microlib/init/entry.s            0x00000000   Number         0  entry5.o ABSOLUTE
    ../clib/microlib/init/entry.s            0x00000000   Number         0  entry2.o ABSOLUTE
    ../clib/microlib/longlong.c              0x00000000   Number         0  llshl.o ABSOLUTE
    ../clib/microlib/longlong.c              0x00000000   Number         0  llushr.o ABSOLUTE
    ../clib/microlib/stdlib/rand.c           0x00000000   Number         0  rand.o ABSOLUTE
    ../clib/microlib/string/memset.c         0x00000000   Number         0  memseta.o ABSOLUTE
    ../clib/microlib/stubs.s                 0x00000000   Number         0  iusefp.o ABSOLUTE
    ../fplib/microlib/d2f.c                  0x00000000   Number         0  d2f.o ABSOLUTE
    ../fplib/microlib/f2d.c                  0x00000000   Number         0  f2d.o ABSOLUTE
    ../fplib/microlib/fpepilogue.c           0x00000000   Number         0  fepilogue.o ABSOLUTE
    ../fplib/microlib/fpepilogue.c           0x00000000   Number         0  depilogue.o ABSOLUTE
    ../fplib/microlib/fpflt.c                0x00000000   Number         0  dflti.o ABSOLUTE
    ../fplib/microlib/fpmul.c                0x00000000   Number         0  dmul.o ABSOLUTE
    ..\..\Source\BasicMathFunctions\arm_add_f32.c 0x00000000   Number         0  arm_add_f32.o ABSOLUTE
    ..\..\Source\BasicMathFunctions\arm_mult_f32.c 0x00000000   Number         0  arm_mult_f32.o ABSOLUTE
    ..\..\Source\BasicMathFunctions\arm_scale_f32.c 0x00000000   Number         0  arm_scale_f32.o ABSOLUTE
    ..\..\Source\BasicMathFunctions\arm_sub_f32.c 0x00000000   Number         0  arm_sub_f32.o ABSOLUTE
    ..\..\Source\CommonTables\arm_common_tables.c 0x00000000   Number         0  arm_common_tables.o ABSOLUTE
    ..\..\Source\FastMathFunctions\arm_sin_f32.c 0x00000000   Number         0  arm_sin_f32.o ABSOLUTE
    ..\..\Source\MatrixFunctions\arm_mat_add_f32.c 0x00000000   Number         0  arm_mat_add_f32.o ABSOLUTE
    ..\..\Source\MatrixFunctions\arm_mat_init_f32.c 0x00000000   Number         0  arm_mat_init_f32.o ABSOLUTE
    ..\..\Source\MatrixFunctions\arm_mat_inverse_f32.c 0x00000000   Number         0  arm_mat_inverse_f32.o ABSOLUTE
    ..\..\Source\MatrixFunctions\arm_mat_mult_f32.c 0x00000000   Number         0  arm_mat_mult_f32.o ABSOLUTE
    ..\..\Source\MatrixFunctions\arm_mat_scale_f32.c 0x00000000   Number         0  arm_mat_scale_f32.o ABSOLUTE
    ..\..\Source\MatrixFunctions\arm_mat_sub_f32.c 0x00000000   Number         0  arm_mat_sub_f32.o ABSOLUTE
    ..\..\Source\MatrixFunctions\arm_mat_trans_f32.c 0x00000000   Number         0  arm_mat_trans_f32.o ABSOLUTE
    ..\Drivers\B-L475E-IOT01\Src\stm32l475e_iot01_qspi.c 0x00000000   Number         0  stm32l475e_iot01_qspi.o ABSOLUTE
    ..\Drivers\STM32L4xx_HAL_Driver\Src\stm32l4xx_hal.c 0x00000000   Number         0  stm32l4xx_hal.o ABSOLUTE
    ..\Drivers\STM32L4xx_HAL_Driver\Src\stm32l4xx_hal_cortex.c 0x00000000   Number         0  stm32l4xx_hal_cortex.o ABSOLUTE
    ..\Drivers\STM32L4xx_HAL_Driver\Src\stm32l4xx_hal_dac.c 0x00000000   Number         0  stm32l4xx_hal_dac.o ABSOLUTE
    ..\Drivers\STM32L4xx_HAL_Driver\Src\stm32l4xx_hal_dac_ex.c 0x00000000   Number         0  stm32l4xx_hal_dac_ex.o ABSOLUTE
    ..\Drivers\STM32L4xx_HAL_Driver\Src\stm32l4xx_hal_dma.c 0x00000000   Number         0  stm32l4xx_hal_dma.o ABSOLUTE
    ..\Drivers\STM32L4xx_HAL_Driver\Src\stm32l4xx_hal_dma_ex.c 0x00000000   Number         0  stm32l4xx_hal_dma_ex.o ABSOLUTE
    ..\Drivers\STM32L4xx_HAL_Driver\Src\stm32l4xx_hal_exti.c 0x00000000   Number         0  stm32l4xx_hal_exti.o ABSOLUTE
    ..\Drivers\STM32L4xx_HAL_Driver\Src\stm32l4xx_hal_flash.c 0x00000000   Number         0  stm32l4xx_hal_flash.o ABSOLUTE
    ..\Drivers\STM32L4xx_HAL_Driver\Src\stm32l4xx_hal_flash_ex.c 0x00000000   Number         0  stm32l4xx_hal_flash_ex.o ABSOLUTE
    ..\Drivers\STM32L4xx_HAL_Driver\Src\stm32l4xx_hal_flash_ramfunc.c 0x00000000   Number         0  stm32l4xx_hal_flash_ramfunc.o ABSOLUTE
    ..\Drivers\STM32L4xx_HAL_Driver\Src\stm32l4xx_hal_gpio.c 0x00000000   Number         0  stm32l4xx_hal_gpio.o ABSOLUTE
    ..\Drivers\STM32L4xx_HAL_Driver\Src\stm32l4xx_hal_i2c.c 0x00000000   Number         0  stm32l4xx_hal_i2c.o ABSOLUTE
    ..\Drivers\STM32L4xx_HAL_Driver\Src\stm32l4xx_hal_i2c_ex.c 0x00000000   Number         0  stm32l4xx_hal_i2c_ex.o ABSOLUTE
    ..\Drivers\STM32L4xx_HAL_Driver\Src\stm32l4xx_hal_pwr.c 0x00000000   Number         0  stm32l4xx_hal_pwr.o ABSOLUTE
    ..\Drivers\STM32L4xx_HAL_Driver\Src\stm32l4xx_hal_pwr_ex.c 0x00000000   Number         0  stm32l4xx_hal_pwr_ex.o ABSOLUTE
    ..\Drivers\STM32L4xx_HAL_Driver\Src\stm32l4xx_hal_qspi.c 0x00000000   Number         0  stm32l4xx_hal_qspi.o ABSOLUTE
    ..\Drivers\STM32L4xx_HAL_Driver\Src\stm32l4xx_hal_rcc.c 0x00000000   Number         0  stm32l4xx_hal_rcc.o ABSOLUTE
    ..\Drivers\STM32L4xx_HAL_Driver\Src\stm32l4xx_hal_rcc_ex.c 0x00000000   Number         0  stm32l4xx_hal_rcc_ex.o ABSOLUTE
    ..\Drivers\STM32L4xx_HAL_Driver\Src\stm32l4xx_hal_tim.c 0x00000000   Number         0  stm32l4xx_hal_tim.o ABSOLUTE
    ..\Drivers\STM32L4xx_HAL_Driver\Src\stm32l4xx_hal_tim_ex.c 0x00000000   Number         0  stm32l4xx_hal_tim_ex.o ABSOLUTE
    ..\Src\main.c                            0x00000000   Number         0  main.o ABSOLUTE
    ..\Src\stm32l4xx_hal_msp.c               0x00000000   Number         0  stm32l4xx_hal_msp.o ABSOLUTE
    ..\Src\stm32l4xx_it.c                    0x00000000   Number         0  stm32l4xx_it.o ABSOLUTE
    ..\Src\system_stm32l4xx.c                0x00000000   Number         0  system_stm32l4xx.o ABSOLUTE
    ..\\..\\Source\\BasicMathFunctions\\arm_add_f32.c 0x00000000   Number         0  arm_add_f32.o ABSOLUTE
    ..\\..\\Source\\BasicMathFunctions\\arm_mult_f32.c 0x00000000   Number         0  arm_mult_f32.o ABSOLUTE
    ..\\..\\Source\\BasicMathFunctions\\arm_scale_f32.c 0x00000000   Number         0  arm_scale_f32.o ABSOLUTE
    ..\\..\\Source\\BasicMathFunctions\\arm_sub_f32.c 0x00000000   Number         0  arm_sub_f32.o ABSOLUTE
    ..\\..\\Source\\CommonTables\\arm_common_tables.c 0x00000000   Number         0  arm_common_tables.o ABSOLUTE
    ..\\..\\Source\\FastMathFunctions\\arm_sin_f32.c 0x00000000   Number         0  arm_sin_f32.o ABSOLUTE
    ..\\..\\Source\\MatrixFunctions\\arm_mat_add_f32.c 0x00000000   Number         0  arm_mat_add_f32.o ABSOLUTE
    ..\\..\\Source\\MatrixFunctions\\arm_mat_init_f32.c 0x00000000   Number         0  arm_mat_init_f32.o ABSOLUTE
    ..\\..\\Source\\MatrixFunctions\\arm_mat_inverse_f32.c 0x00000000   Number         0  arm_mat_inverse_f32.o ABSOLUTE
    ..\\..\\Source\\MatrixFunctions\\arm_mat_mult_f32.c 0x00000000   Number         0  arm_mat_mult_f32.o ABSOLUTE
    ..\\..\\Source\\MatrixFunctions\\arm_mat_scale_f32.c 0x00000000   Number         0  arm_mat_scale_f32.o ABSOLUTE
    ..\\..\\Source\\MatrixFunctions\\arm_mat_sub_f32.c 0x00000000   Number         0  arm_mat_sub_f32.o ABSOLUTE
    ..\\..\\Source\\MatrixFunctions\\arm_mat_trans_f32.c 0x00000000   Number         0  arm_mat_trans_f32.o ABSOLUTE
    ..\\Drivers\\B-L475E-IOT01\\Src\\stm32l475e_iot01_qspi.c 0x00000000   Number         0  stm32l475e_iot01_qspi.o ABSOLUTE
    cdcmple.s                                0x00000000   Number         0  cdcmple.o ABSOLUTE
    dc.s                                     0x00000000   Number         0  dc.o ABSOLUTE
    handlers.s                               0x00000000   Number         0  handlers.o ABSOLUTE
    init.s                                   0x00000000   Number         0  init.o ABSOLUTE
    startup_stm32l475xx.s                    0x00000000   Number         0  startup_stm32l475xx.o ABSOLUTE
    RESET                                    0x08000000   Section      392  startup_stm32l475xx.o(RESET)
    .ARM.Collect$$$$00000000                 0x08000188   Section        0  entry.o(.ARM.Collect$$$$00000000)
    .ARM.Collect$$$$00000001                 0x08000188   Section        4  entry2.o(.ARM.Collect$$$$00000001)
    .ARM.Collect$$$$00000004                 0x0800018c   Section        4  entry5.o(.ARM.Collect$$$$00000004)
    .ARM.Collect$$$$00000008                 0x08000190   Section        0  entry7b.o(.ARM.Collect$$$$00000008)
    .ARM.Collect$$$$0000000A                 0x08000190   Section        0  entry8b.o(.ARM.Collect$$$$0000000A)
    .ARM.Collect$$$$0000000B                 0x08000190   Section        8  entry9a.o(.ARM.Collect$$$$0000000B)
    .ARM.Collect$$$$0000000D                 0x08000198   Section        0  entry10a.o(.ARM.Collect$$$$0000000D)
    .ARM.Collect$$$$0000000F                 0x08000198   Section        0  entry11a.o(.ARM.Collect$$$$0000000F)
    .ARM.Collect$$$$00002712                 0x08000198   Section        4  entry2.o(.ARM.Collect$$$$00002712)
    __lit__00000000                          0x08000198   Data           4  entry2.o(.ARM.Collect$$$$00002712)
    .text                                    0x0800019c   Section       36  startup_stm32l475xx.o(.text)
    $v0                                      0x0800019c   Number         0  startup_stm32l475xx.o(.text)
    .text                                    0x080001c0   Section        0  arm_add_f32.o(.text)
    .text                                    0x08000294   Section        0  arm_mult_f32.o(.text)
    .text                                    0x08000368   Section        0  arm_scale_f32.o(.text)
    .text                                    0x08000400   Section        0  arm_sub_f32.o(.text)
    .text                                    0x080004d4   Section        0  arm_sin_f32.o(.text)
    .text                                    0x08000568   Section        0  arm_mat_add_f32.o(.text)
    .text                                    0x08000670   Section        0  arm_mat_init_f32.o(.text)
    .text                                    0x08000678   Section        0  arm_mat_inverse_f32.o(.text)
    .text                                    0x08000bb0   Section        0  arm_mat_mult_f32.o(.text)
    .text                                    0x08000cf4   Section        0  arm_mat_scale_f32.o(.text)
    .text                                    0x08000dc4   Section        0  arm_mat_sub_f32.o(.text)
    .text                                    0x08000ecc   Section        0  arm_mat_trans_f32.o(.text)
    .text                                    0x08000fe8   Section        0  rand.o(.text)
    .text                                    0x0800100c   Section        0  memseta.o(.text)
    .text                                    0x08001030   Section        0  dmul.o(.text)
    .text                                    0x0800111a   Section        0  dflti.o(.text)
    .text                                    0x0800113c   Section        0  f2d.o(.text)
    .text                                    0x08001164   Section       48  cdcmple.o(.text)
    .text                                    0x08001194   Section        0  d2f.o(.text)
    .text                                    0x080011cc   Section        0  iusefp.o(.text)
    .text                                    0x080011cc   Section        0  fepilogue.o(.text)
    .text                                    0x0800123a   Section        0  depilogue.o(.text)
    .text                                    0x080012f4   Section       36  init.o(.text)
    .text                                    0x08001318   Section        0  llshl.o(.text)
    .text                                    0x08001336   Section        0  llushr.o(.text)
    i.BSP_QSPI_Erase_Chip                    0x08001358   Section        0  stm32l475e_iot01_qspi.o(i.BSP_QSPI_Erase_Chip)
    i.BSP_QSPI_Init                          0x080013b0   Section        0  stm32l475e_iot01_qspi.o(i.BSP_QSPI_Init)
    i.BSP_QSPI_MspInit                       0x08001444   Section        0  stm32l475e_iot01_qspi.o(i.BSP_QSPI_MspInit)
    i.BSP_QSPI_Read                          0x080014bc   Section        0  stm32l475e_iot01_qspi.o(i.BSP_QSPI_Read)
    i.BSP_QSPI_Write                         0x08001530   Section        0  stm32l475e_iot01_qspi.o(i.BSP_QSPI_Write)
    i.BusFault_Handler                       0x080015e4   Section        0  stm32l4xx_it.o(i.BusFault_Handler)
    i.DAC_DMAConvCpltCh1                     0x080015e8   Section        0  stm32l4xx_hal_dac.o(i.DAC_DMAConvCpltCh1)
    DAC_DMAConvCpltCh1                       0x080015e9   Thumb Code    18  stm32l4xx_hal_dac.o(i.DAC_DMAConvCpltCh1)
    i.DAC_DMAConvCpltCh2                     0x080015fa   Section        0  stm32l4xx_hal_dac_ex.o(i.DAC_DMAConvCpltCh2)
    i.DAC_DMAErrorCh1                        0x0800160c   Section        0  stm32l4xx_hal_dac.o(i.DAC_DMAErrorCh1)
    DAC_DMAErrorCh1                          0x0800160d   Thumb Code    26  stm32l4xx_hal_dac.o(i.DAC_DMAErrorCh1)
    i.DAC_DMAErrorCh2                        0x08001626   Section        0  stm32l4xx_hal_dac_ex.o(i.DAC_DMAErrorCh2)
    i.DAC_DMAHalfConvCpltCh1                 0x08001640   Section        0  stm32l4xx_hal_dac.o(i.DAC_DMAHalfConvCpltCh1)
    DAC_DMAHalfConvCpltCh1                   0x08001641   Thumb Code    14  stm32l4xx_hal_dac.o(i.DAC_DMAHalfConvCpltCh1)
    i.DAC_DMAHalfConvCpltCh2                 0x0800164e   Section        0  stm32l4xx_hal_dac_ex.o(i.DAC_DMAHalfConvCpltCh2)
    i.DMA1_Channel3_IRQHandler               0x0800165c   Section        0  stm32l4xx_it.o(i.DMA1_Channel3_IRQHandler)
    i.DMA1_Channel4_IRQHandler               0x0800166c   Section        0  stm32l4xx_it.o(i.DMA1_Channel4_IRQHandler)
    i.DMA1_Channel5_IRQHandler               0x0800167c   Section        0  stm32l4xx_it.o(i.DMA1_Channel5_IRQHandler)
    i.DMA_SetConfig                          0x0800168c   Section        0  stm32l4xx_hal_dma.o(i.DMA_SetConfig)
    DMA_SetConfig                            0x0800168d   Thumb Code    48  stm32l4xx_hal_dma.o(i.DMA_SetConfig)
    i.DebugMon_Handler                       0x080016bc   Section        0  stm32l4xx_it.o(i.DebugMon_Handler)
    i.EXTI9_5_IRQHandler                     0x080016be   Section        0  stm32l4xx_it.o(i.EXTI9_5_IRQHandler)
    i.Error_Handler                          0x080016ca   Section        0  main.o(i.Error_Handler)
    i.HAL_DACEx_ConvCpltCallbackCh2          0x080016ce   Section        0  stm32l4xx_hal_dac_ex.o(i.HAL_DACEx_ConvCpltCallbackCh2)
    i.HAL_DACEx_ConvHalfCpltCallbackCh2      0x080016d0   Section        0  stm32l4xx_hal_dac_ex.o(i.HAL_DACEx_ConvHalfCpltCallbackCh2)
    i.HAL_DACEx_DMAUnderrunCallbackCh2       0x080016d2   Section        0  stm32l4xx_hal_dac_ex.o(i.HAL_DACEx_DMAUnderrunCallbackCh2)
    i.HAL_DACEx_ErrorCallbackCh2             0x080016d4   Section        0  stm32l4xx_hal_dac_ex.o(i.HAL_DACEx_ErrorCallbackCh2)
    i.HAL_DAC_ConfigChannel                  0x080016d6   Section        0  stm32l4xx_hal_dac.o(i.HAL_DAC_ConfigChannel)
    i.HAL_DAC_ConvCpltCallbackCh1            0x08001864   Section        0  stm32l4xx_hal_dac.o(i.HAL_DAC_ConvCpltCallbackCh1)
    i.HAL_DAC_ConvHalfCpltCallbackCh1        0x08001866   Section        0  stm32l4xx_hal_dac.o(i.HAL_DAC_ConvHalfCpltCallbackCh1)
    i.HAL_DAC_DMAUnderrunCallbackCh1         0x08001868   Section        0  stm32l4xx_hal_dac.o(i.HAL_DAC_DMAUnderrunCallbackCh1)
    i.HAL_DAC_ErrorCallbackCh1               0x0800186a   Section        0  stm32l4xx_hal_dac.o(i.HAL_DAC_ErrorCallbackCh1)
    i.HAL_DAC_IRQHandler                     0x0800186c   Section        0  stm32l4xx_hal_dac.o(i.HAL_DAC_IRQHandler)
    i.HAL_DAC_Init                           0x080018f6   Section        0  stm32l4xx_hal_dac.o(i.HAL_DAC_Init)
    i.HAL_DAC_MspInit                        0x08001920   Section        0  stm32l4xx_hal_msp.o(i.HAL_DAC_MspInit)
    i.HAL_DAC_Start_DMA                      0x08001a24   Section        0  stm32l4xx_hal_dac.o(i.HAL_DAC_Start_DMA)
    i.HAL_DMA_Abort                          0x08001b68   Section        0  stm32l4xx_hal_dma.o(i.HAL_DMA_Abort)
    i.HAL_DMA_Abort_IT                       0x08001bae   Section        0  stm32l4xx_hal_dma.o(i.HAL_DMA_Abort_IT)
    i.HAL_DMA_DeInit                         0x08001c0c   Section        0  stm32l4xx_hal_dma.o(i.HAL_DMA_DeInit)
    i.HAL_DMA_IRQHandler                     0x08001cd0   Section        0  stm32l4xx_hal_dma.o(i.HAL_DMA_IRQHandler)
    i.HAL_DMA_Init                           0x08001dd0   Section        0  stm32l4xx_hal_dma.o(i.HAL_DMA_Init)
    i.HAL_DMA_Start_IT                       0x08001edc   Section        0  stm32l4xx_hal_dma.o(i.HAL_DMA_Start_IT)
    i.HAL_Delay                              0x08001f78   Section        0  stm32l4xx_hal.o(i.HAL_Delay)
    i.HAL_GPIO_DeInit                        0x08001f98   Section        0  stm32l4xx_hal_gpio.o(i.HAL_GPIO_DeInit)
    i.HAL_GPIO_EXTI_Callback                 0x080020dc   Section        0  stm32l4xx_hal_gpio.o(i.HAL_GPIO_EXTI_Callback)
    i.HAL_GPIO_EXTI_IRQHandler               0x080020e0   Section        0  stm32l4xx_hal_gpio.o(i.HAL_GPIO_EXTI_IRQHandler)
    i.HAL_GPIO_Init                          0x080020fc   Section        0  stm32l4xx_hal_gpio.o(i.HAL_GPIO_Init)
    i.HAL_GetTick                            0x08002300   Section        0  stm32l4xx_hal.o(i.HAL_GetTick)
    i.HAL_IncTick                            0x0800230c   Section        0  stm32l4xx_hal.o(i.HAL_IncTick)
    i.HAL_Init                               0x0800231c   Section        0  stm32l4xx_hal.o(i.HAL_Init)
    i.HAL_InitTick                           0x0800233c   Section        0  stm32l4xx_hal.o(i.HAL_InitTick)
    i.HAL_MspInit                            0x0800236c   Section        0  stm32l4xx_hal_msp.o(i.HAL_MspInit)
    i.HAL_NVIC_DisableIRQ                    0x080023ac   Section        0  stm32l4xx_hal_cortex.o(i.HAL_NVIC_DisableIRQ)
    i.HAL_NVIC_EnableIRQ                     0x080023c8   Section        0  stm32l4xx_hal_cortex.o(i.HAL_NVIC_EnableIRQ)
    i.HAL_NVIC_SetPriority                   0x080023e2   Section        0  stm32l4xx_hal_cortex.o(i.HAL_NVIC_SetPriority)
    i.HAL_NVIC_SetPriorityGrouping           0x08002464   Section        0  stm32l4xx_hal_cortex.o(i.HAL_NVIC_SetPriorityGrouping)
    i.HAL_PWREx_ControlVoltageScaling        0x0800248c   Section        0  stm32l4xx_hal_pwr_ex.o(i.HAL_PWREx_ControlVoltageScaling)
    i.HAL_PWREx_GetVoltageRange              0x08002518   Section        0  stm32l4xx_hal_pwr_ex.o(i.HAL_PWREx_GetVoltageRange)
    i.HAL_QSPI_Abort                         0x08002528   Section        0  stm32l4xx_hal_qspi.o(i.HAL_QSPI_Abort)
    i.HAL_QSPI_AbortCpltCallback             0x080025c2   Section        0  stm32l4xx_hal_qspi.o(i.HAL_QSPI_AbortCpltCallback)
    i.HAL_QSPI_Abort_IT                      0x080025c4   Section        0  stm32l4xx_hal_qspi.o(i.HAL_QSPI_Abort_IT)
    i.HAL_QSPI_AutoPolling                   0x08002648   Section        0  stm32l4xx_hal_qspi.o(i.HAL_QSPI_AutoPolling)
    i.HAL_QSPI_CmdCpltCallback               0x08002712   Section        0  stm32l4xx_hal_qspi.o(i.HAL_QSPI_CmdCpltCallback)
    i.HAL_QSPI_Command                       0x08002714   Section        0  stm32l4xx_hal_qspi.o(i.HAL_QSPI_Command)
    i.HAL_QSPI_DeInit                        0x080027b8   Section        0  stm32l4xx_hal_qspi.o(i.HAL_QSPI_DeInit)
    i.HAL_QSPI_ErrorCallback                 0x080027fe   Section        0  stm32l4xx_hal_qspi.o(i.HAL_QSPI_ErrorCallback)
    i.HAL_QSPI_FifoThresholdCallback         0x08002800   Section        0  stm32l4xx_hal_qspi.o(i.HAL_QSPI_FifoThresholdCallback)
    i.HAL_QSPI_IRQHandler                    0x08002804   Section        0  stm32l4xx_hal_qspi.o(i.HAL_QSPI_IRQHandler)
    i.HAL_QSPI_Init                          0x08002a90   Section        0  stm32l4xx_hal_qspi.o(i.HAL_QSPI_Init)
    i.HAL_QSPI_MspDeInit                     0x08002b58   Section        0  stm32l4xx_hal_msp.o(i.HAL_QSPI_MspDeInit)
    i.HAL_QSPI_MspInit                       0x08002ba0   Section        0  stm32l4xx_hal_msp.o(i.HAL_QSPI_MspInit)
    i.HAL_QSPI_Receive                       0x08002ca4   Section        0  stm32l4xx_hal_qspi.o(i.HAL_QSPI_Receive)
    i.HAL_QSPI_RxCpltCallback                0x08002d96   Section        0  stm32l4xx_hal_qspi.o(i.HAL_QSPI_RxCpltCallback)
    i.HAL_QSPI_SetTimeout                    0x08002d98   Section        0  stm32l4xx_hal_qspi.o(i.HAL_QSPI_SetTimeout)
    i.HAL_QSPI_StatusMatchCallback           0x08002d9c   Section        0  stm32l4xx_hal_qspi.o(i.HAL_QSPI_StatusMatchCallback)
    i.HAL_QSPI_TimeOutCallback               0x08002d9e   Section        0  stm32l4xx_hal_qspi.o(i.HAL_QSPI_TimeOutCallback)
    i.HAL_QSPI_Transmit                      0x08002da0   Section        0  stm32l4xx_hal_qspi.o(i.HAL_QSPI_Transmit)
    i.HAL_QSPI_TxCpltCallback                0x08002e7c   Section        0  stm32l4xx_hal_qspi.o(i.HAL_QSPI_TxCpltCallback)
    i.HAL_RCC_ClockConfig                    0x08002e80   Section        0  stm32l4xx_hal_rcc.o(i.HAL_RCC_ClockConfig)
    i.HAL_RCC_GetSysClockFreq                0x08002ff8   Section        0  stm32l4xx_hal_rcc.o(i.HAL_RCC_GetSysClockFreq)
    i.HAL_RCC_OscConfig                      0x08003114   Section        0  stm32l4xx_hal_rcc.o(i.HAL_RCC_OscConfig)
    i.HAL_SYSTICK_Config                     0x08003720   Section        0  stm32l4xx_hal_cortex.o(i.HAL_SYSTICK_Config)
    i.HAL_TIMEx_Break2Callback               0x08003754   Section        0  stm32l4xx_hal_tim_ex.o(i.HAL_TIMEx_Break2Callback)
    i.HAL_TIMEx_BreakCallback                0x08003756   Section        0  stm32l4xx_hal_tim_ex.o(i.HAL_TIMEx_BreakCallback)
    i.HAL_TIMEx_CommutationCallback          0x08003758   Section        0  stm32l4xx_hal_tim_ex.o(i.HAL_TIMEx_CommutationCallback)
    i.HAL_TIMEx_MasterConfigSynchronization  0x0800375c   Section        0  stm32l4xx_hal_tim_ex.o(i.HAL_TIMEx_MasterConfigSynchronization)
    i.HAL_TIM_Base_Init                      0x080037d4   Section        0  stm32l4xx_hal_tim.o(i.HAL_TIM_Base_Init)
    i.HAL_TIM_Base_MspInit                   0x08003808   Section        0  stm32l4xx_hal_msp.o(i.HAL_TIM_Base_MspInit)
    i.HAL_TIM_Base_Start                     0x0800384c   Section        0  stm32l4xx_hal_tim.o(i.HAL_TIM_Base_Start)
    i.HAL_TIM_IC_CaptureCallback             0x08003890   Section        0  stm32l4xx_hal_tim.o(i.HAL_TIM_IC_CaptureCallback)
    i.HAL_TIM_IRQHandler                     0x08003892   Section        0  stm32l4xx_hal_tim.o(i.HAL_TIM_IRQHandler)
    i.HAL_TIM_OC_DelayElapsedCallback        0x08003a4a   Section        0  stm32l4xx_hal_tim.o(i.HAL_TIM_OC_DelayElapsedCallback)
    i.HAL_TIM_PWM_PulseFinishedCallback      0x08003a4c   Section        0  stm32l4xx_hal_tim.o(i.HAL_TIM_PWM_PulseFinishedCallback)
    i.HAL_TIM_PeriodElapsedCallback          0x08003a4e   Section        0  stm32l4xx_hal_tim.o(i.HAL_TIM_PeriodElapsedCallback)
    i.HAL_TIM_TriggerCallback                0x08003a50   Section        0  stm32l4xx_hal_tim.o(i.HAL_TIM_TriggerCallback)
    i.HardFault_Handler                      0x08003a52   Section        0  stm32l4xx_it.o(i.HardFault_Handler)
    i.MX_DAC1_Init                           0x08003a58   Section        0  main.o(i.MX_DAC1_Init)
    MX_DAC1_Init                             0x08003a59   Thumb Code    90  main.o(i.MX_DAC1_Init)
    i.MX_DMA_Init                            0x08003abc   Section        0  main.o(i.MX_DMA_Init)
    MX_DMA_Init                              0x08003abd   Thumb Code    80  main.o(i.MX_DMA_Init)
    i.MX_GPIO_Init                           0x08003b10   Section        0  main.o(i.MX_GPIO_Init)
    MX_GPIO_Init                             0x08003b11   Thumb Code   132  main.o(i.MX_GPIO_Init)
    i.MX_QUADSPI_Init                        0x08003ba0   Section        0  main.o(i.MX_QUADSPI_Init)
    MX_QUADSPI_Init                          0x08003ba1   Thumb Code    50  main.o(i.MX_QUADSPI_Init)
    i.MX_TIM6_Init                           0x08003bdc   Section        0  main.o(i.MX_TIM6_Init)
    MX_TIM6_Init                             0x08003bdd   Thumb Code    70  main.o(i.MX_TIM6_Init)
    i.MemManage_Handler                      0x08003c2c   Section        0  stm32l4xx_it.o(i.MemManage_Handler)
    i.NMI_Handler                            0x08003c30   Section        0  stm32l4xx_it.o(i.NMI_Handler)
    i.NVIC_GetPriorityGrouping               0x08003c34   Section        0  stm32l4xx_hal_cortex.o(i.NVIC_GetPriorityGrouping)
    NVIC_GetPriorityGrouping                 0x08003c35   Thumb Code    10  stm32l4xx_hal_cortex.o(i.NVIC_GetPriorityGrouping)
    i.NVIC_SetPriority                       0x08003c44   Section        0  stm32l4xx_hal_cortex.o(i.NVIC_SetPriority)
    NVIC_SetPriority                         0x08003c45   Thumb Code    32  stm32l4xx_hal_cortex.o(i.NVIC_SetPriority)
    i.PendSV_Handler                         0x08003c6c   Section        0  stm32l4xx_it.o(i.PendSV_Handler)
    i.QSPI_AutoPollingMemReady               0x08003c70   Section        0  stm32l475e_iot01_qspi.o(i.QSPI_AutoPollingMemReady)
    QSPI_AutoPollingMemReady                 0x08003c71   Thumb Code    86  stm32l475e_iot01_qspi.o(i.QSPI_AutoPollingMemReady)
    i.QSPI_Config                            0x08003ccc   Section        0  stm32l4xx_hal_qspi.o(i.QSPI_Config)
    QSPI_Config                              0x08003ccd   Thumb Code   488  stm32l4xx_hal_qspi.o(i.QSPI_Config)
    i.QSPI_DMAAbortCplt                      0x08003eb4   Section        0  stm32l4xx_hal_qspi.o(i.QSPI_DMAAbortCplt)
    QSPI_DMAAbortCplt                        0x08003eb5   Thumb Code    66  stm32l4xx_hal_qspi.o(i.QSPI_DMAAbortCplt)
    i.QSPI_HighPerfMode                      0x08003ef8   Section        0  stm32l475e_iot01_qspi.o(i.QSPI_HighPerfMode)
    QSPI_HighPerfMode                        0x08003ef9   Thumb Code   310  stm32l475e_iot01_qspi.o(i.QSPI_HighPerfMode)
    i.QSPI_QuadMode                          0x08004034   Section        0  stm32l475e_iot01_qspi.o(i.QSPI_QuadMode)
    QSPI_QuadMode                            0x08004035   Thumb Code   252  stm32l475e_iot01_qspi.o(i.QSPI_QuadMode)
    i.QSPI_ResetMemory                       0x08004134   Section        0  stm32l475e_iot01_qspi.o(i.QSPI_ResetMemory)
    QSPI_ResetMemory                         0x08004135   Thumb Code    94  stm32l475e_iot01_qspi.o(i.QSPI_ResetMemory)
    i.QSPI_WaitFlagStateUntilTimeout         0x08004198   Section        0  stm32l4xx_hal_qspi.o(i.QSPI_WaitFlagStateUntilTimeout)
    QSPI_WaitFlagStateUntilTimeout           0x08004199   Thumb Code    76  stm32l4xx_hal_qspi.o(i.QSPI_WaitFlagStateUntilTimeout)
    i.QSPI_WriteEnable                       0x080041e4   Section        0  stm32l475e_iot01_qspi.o(i.QSPI_WriteEnable)
    QSPI_WriteEnable                         0x080041e5   Thumb Code   108  stm32l475e_iot01_qspi.o(i.QSPI_WriteEnable)
    i.QUADSPI_IRQHandler                     0x08004254   Section        0  stm32l4xx_it.o(i.QUADSPI_IRQHandler)
    i.RCC_SetFlashLatencyFromMSIRange        0x08004264   Section        0  stm32l4xx_hal_rcc.o(i.RCC_SetFlashLatencyFromMSIRange)
    RCC_SetFlashLatencyFromMSIRange          0x08004265   Thumb Code   148  stm32l4xx_hal_rcc.o(i.RCC_SetFlashLatencyFromMSIRange)
    i.SVC_Handler                            0x08004300   Section        0  stm32l4xx_it.o(i.SVC_Handler)
    i.SysTick_Handler                        0x08004302   Section        0  stm32l4xx_it.o(i.SysTick_Handler)
    i.SystemClock_Config                     0x0800430a   Section        0  main.o(i.SystemClock_Config)
    i.SystemInit                             0x08004384   Section        0  system_stm32l4xx.o(i.SystemInit)
    i.TIM6_DAC_IRQHandler                    0x080043d4   Section        0  stm32l4xx_it.o(i.TIM6_DAC_IRQHandler)
    i.TIM_Base_SetConfig                     0x080043ec   Section        0  stm32l4xx_hal_tim.o(i.TIM_Base_SetConfig)
    i.UsageFault_Handler                     0x080044b8   Section        0  stm32l4xx_it.o(i.UsageFault_Handler)
    i.__scatterload_copy                     0x080044bc   Section       14  handlers.o(i.__scatterload_copy)
    i.__scatterload_null                     0x080044ca   Section        2  handlers.o(i.__scatterload_null)
    i.__scatterload_zeroinit                 0x080044cc   Section       14  handlers.o(i.__scatterload_zeroinit)
    i.arm_sqrt_f32                           0x080044dc   Section        0  main.o(i.arm_sqrt_f32)
    arm_sqrt_f32                             0x080044dd   Thumb Code    38  main.o(i.arm_sqrt_f32)
    i.calculateEigen                         0x08004508   Section        0  main.o(i.calculateEigen)
    i.getNorm                                0x0800466c   Section        0  main.o(i.getNorm)
    i.main                                   0x080046b0   Section        0  main.o(i.main)
    .constdata                               0x08005230   Section       72  system_stm32l4xx.o(.constdata)
    .constdata                               0x08005278   Section     2052  arm_common_tables.o(.constdata)
    .data                                    0x20000000   Section      280  main.o(.data)
    .data                                    0x20000118   Section        4  stm32l4xx_hal.o(.data)
    .data                                    0x2000011c   Section        4  system_stm32l4xx.o(.data)
    .data                                    0x20000120   Section        4  rand.o(.data)
    _rand_state                              0x20000120   Data           4  rand.o(.data)
    .bss                                     0x20000124   Section    80496  main.o(.bss)
    STACK                                    0x20013b98   Section     1024  startup_stm32l475xx.o(STACK)

    Global Symbols

    Symbol Name                              Value     Ov Type        Size  Object(Section)

    BuildAttributes$$THM_ISAv4$E$P$D$K$B$S$7EM$VFPi3$EXTD16$VFPS$VFMA$PE$A:L22UL41UL21$X:L11$S22US41US21$IEEE1$IW$USESV6$~STKCKD$USESV7$~SHL$OTIME$ROPI$IEEEX$EBA8$MICROLIB$REQ8$PRES8$EABIv2 0x00000000   Number         0  anon$$obj.o ABSOLUTE
    __ARM_use_no_argv                        0x00000000   Number         0  main.o ABSOLUTE
    __cpp_initialize__aeabi_                  - Undefined Weak Reference
    __cxa_finalize                            - Undefined Weak Reference
    __decompress                              - Undefined Weak Reference
    _clock_init                               - Undefined Weak Reference
    _microlib_exit                            - Undefined Weak Reference
    __Vectors_Size                           0x00000188   Number         0  startup_stm32l475xx.o ABSOLUTE
    __Vectors                                0x08000000   Data           4  startup_stm32l475xx.o(RESET)
    __Vectors_End                            0x08000188   Data           0  startup_stm32l475xx.o(RESET)
    __main                                   0x08000189   Thumb Code     0  entry.o(.ARM.Collect$$$$00000000)
    _main_stk                                0x08000189   Thumb Code     0  entry2.o(.ARM.Collect$$$$00000001)
    _main_scatterload                        0x0800018d   Thumb Code     0  entry5.o(.ARM.Collect$$$$00000004)
    __main_after_scatterload                 0x08000191   Thumb Code     0  entry5.o(.ARM.Collect$$$$00000004)
    _main_clock                              0x08000191   Thumb Code     0  entry7b.o(.ARM.Collect$$$$00000008)
    _main_cpp_init                           0x08000191   Thumb Code     0  entry8b.o(.ARM.Collect$$$$0000000A)
    _main_init                               0x08000191   Thumb Code     0  entry9a.o(.ARM.Collect$$$$0000000B)
    __rt_final_cpp                           0x08000199   Thumb Code     0  entry10a.o(.ARM.Collect$$$$0000000D)
    __rt_final_exit                          0x08000199   Thumb Code     0  entry11a.o(.ARM.Collect$$$$0000000F)
    Reset_Handler                            0x0800019d   Thumb Code     8  startup_stm32l475xx.o(.text)
    ADC1_2_IRQHandler                        0x080001b7   Thumb Code     0  startup_stm32l475xx.o(.text)
    ADC3_IRQHandler                          0x080001b7   Thumb Code     0  startup_stm32l475xx.o(.text)
    CAN1_RX0_IRQHandler                      0x080001b7   Thumb Code     0  startup_stm32l475xx.o(.text)
    CAN1_RX1_IRQHandler                      0x080001b7   Thumb Code     0  startup_stm32l475xx.o(.text)
    CAN1_SCE_IRQHandler                      0x080001b7   Thumb Code     0  startup_stm32l475xx.o(.text)
    CAN1_TX_IRQHandler                       0x080001b7   Thumb Code     0  startup_stm32l475xx.o(.text)
    COMP_IRQHandler                          0x080001b7   Thumb Code     0  startup_stm32l475xx.o(.text)
    DFSDM1_FLT0_IRQHandler                   0x080001b7   Thumb Code     0  startup_stm32l475xx.o(.text)
    DFSDM1_FLT1_IRQHandler                   0x080001b7   Thumb Code     0  startup_stm32l475xx.o(.text)
    DFSDM1_FLT2_IRQHandler                   0x080001b7   Thumb Code     0  startup_stm32l475xx.o(.text)
    DFSDM1_FLT3_IRQHandler                   0x080001b7   Thumb Code     0  startup_stm32l475xx.o(.text)
    DMA1_Channel1_IRQHandler                 0x080001b7   Thumb Code     0  startup_stm32l475xx.o(.text)
    DMA1_Channel2_IRQHandler                 0x080001b7   Thumb Code     0  startup_stm32l475xx.o(.text)
    DMA1_Channel6_IRQHandler                 0x080001b7   Thumb Code     0  startup_stm32l475xx.o(.text)
    DMA1_Channel7_IRQHandler                 0x080001b7   Thumb Code     0  startup_stm32l475xx.o(.text)
    DMA2_Channel1_IRQHandler                 0x080001b7   Thumb Code     0  startup_stm32l475xx.o(.text)
    DMA2_Channel2_IRQHandler                 0x080001b7   Thumb Code     0  startup_stm32l475xx.o(.text)
    DMA2_Channel3_IRQHandler                 0x080001b7   Thumb Code     0  startup_stm32l475xx.o(.text)
    DMA2_Channel4_IRQHandler                 0x080001b7   Thumb Code     0  startup_stm32l475xx.o(.text)
    DMA2_Channel5_IRQHandler                 0x080001b7   Thumb Code     0  startup_stm32l475xx.o(.text)
    DMA2_Channel6_IRQHandler                 0x080001b7   Thumb Code     0  startup_stm32l475xx.o(.text)
    DMA2_Channel7_IRQHandler                 0x080001b7   Thumb Code     0  startup_stm32l475xx.o(.text)
    EXTI0_IRQHandler                         0x080001b7   Thumb Code     0  startup_stm32l475xx.o(.text)
    EXTI15_10_IRQHandler                     0x080001b7   Thumb Code     0  startup_stm32l475xx.o(.text)
    EXTI1_IRQHandler                         0x080001b7   Thumb Code     0  startup_stm32l475xx.o(.text)
    EXTI2_IRQHandler                         0x080001b7   Thumb Code     0  startup_stm32l475xx.o(.text)
    EXTI3_IRQHandler                         0x080001b7   Thumb Code     0  startup_stm32l475xx.o(.text)
    EXTI4_IRQHandler                         0x080001b7   Thumb Code     0  startup_stm32l475xx.o(.text)
    FLASH_IRQHandler                         0x080001b7   Thumb Code     0  startup_stm32l475xx.o(.text)
    FMC_IRQHandler                           0x080001b7   Thumb Code     0  startup_stm32l475xx.o(.text)
    FPU_IRQHandler                           0x080001b7   Thumb Code     0  startup_stm32l475xx.o(.text)
    I2C1_ER_IRQHandler                       0x080001b7   Thumb Code     0  startup_stm32l475xx.o(.text)
    I2C1_EV_IRQHandler                       0x080001b7   Thumb Code     0  startup_stm32l475xx.o(.text)
    I2C2_ER_IRQHandler                       0x080001b7   Thumb Code     0  startup_stm32l475xx.o(.text)
    I2C2_EV_IRQHandler                       0x080001b7   Thumb Code     0  startup_stm32l475xx.o(.text)
    I2C3_ER_IRQHandler                       0x080001b7   Thumb Code     0  startup_stm32l475xx.o(.text)
    I2C3_EV_IRQHandler                       0x080001b7   Thumb Code     0  startup_stm32l475xx.o(.text)
    LPTIM1_IRQHandler                        0x080001b7   Thumb Code     0  startup_stm32l475xx.o(.text)
    LPTIM2_IRQHandler                        0x080001b7   Thumb Code     0  startup_stm32l475xx.o(.text)
    LPUART1_IRQHandler                       0x080001b7   Thumb Code     0  startup_stm32l475xx.o(.text)
    OTG_FS_IRQHandler                        0x080001b7   Thumb Code     0  startup_stm32l475xx.o(.text)
    PVD_PVM_IRQHandler                       0x080001b7   Thumb Code     0  startup_stm32l475xx.o(.text)
    RCC_IRQHandler                           0x080001b7   Thumb Code     0  startup_stm32l475xx.o(.text)
    RNG_IRQHandler                           0x080001b7   Thumb Code     0  startup_stm32l475xx.o(.text)
    RTC_Alarm_IRQHandler                     0x080001b7   Thumb Code     0  startup_stm32l475xx.o(.text)
    RTC_WKUP_IRQHandler                      0x080001b7   Thumb Code     0  startup_stm32l475xx.o(.text)
    SAI1_IRQHandler                          0x080001b7   Thumb Code     0  startup_stm32l475xx.o(.text)
    SAI2_IRQHandler                          0x080001b7   Thumb Code     0  startup_stm32l475xx.o(.text)
    SDMMC1_IRQHandler                        0x080001b7   Thumb Code     0  startup_stm32l475xx.o(.text)
    SPI1_IRQHandler                          0x080001b7   Thumb Code     0  startup_stm32l475xx.o(.text)
    SPI2_IRQHandler                          0x080001b7   Thumb Code     0  startup_stm32l475xx.o(.text)
    SPI3_IRQHandler                          0x080001b7   Thumb Code     0  startup_stm32l475xx.o(.text)
    SWPMI1_IRQHandler                        0x080001b7   Thumb Code     0  startup_stm32l475xx.o(.text)
    TAMP_STAMP_IRQHandler                    0x080001b7   Thumb Code     0  startup_stm32l475xx.o(.text)
    TIM1_BRK_TIM15_IRQHandler                0x080001b7   Thumb Code     0  startup_stm32l475xx.o(.text)
    TIM1_CC_IRQHandler                       0x080001b7   Thumb Code     0  startup_stm32l475xx.o(.text)
    TIM1_TRG_COM_TIM17_IRQHandler            0x080001b7   Thumb Code     0  startup_stm32l475xx.o(.text)
    TIM1_UP_TIM16_IRQHandler                 0x080001b7   Thumb Code     0  startup_stm32l475xx.o(.text)
    TIM2_IRQHandler                          0x080001b7   Thumb Code     0  startup_stm32l475xx.o(.text)
    TIM3_IRQHandler                          0x080001b7   Thumb Code     0  startup_stm32l475xx.o(.text)
    TIM4_IRQHandler                          0x080001b7   Thumb Code     0  startup_stm32l475xx.o(.text)
    TIM5_IRQHandler                          0x080001b7   Thumb Code     0  startup_stm32l475xx.o(.text)
    TIM7_IRQHandler                          0x080001b7   Thumb Code     0  startup_stm32l475xx.o(.text)
    TIM8_BRK_IRQHandler                      0x080001b7   Thumb Code     0  startup_stm32l475xx.o(.text)
    TIM8_CC_IRQHandler                       0x080001b7   Thumb Code     0  startup_stm32l475xx.o(.text)
    TIM8_TRG_COM_IRQHandler                  0x080001b7   Thumb Code     0  startup_stm32l475xx.o(.text)
    TIM8_UP_IRQHandler                       0x080001b7   Thumb Code     0  startup_stm32l475xx.o(.text)
    TSC_IRQHandler                           0x080001b7   Thumb Code     0  startup_stm32l475xx.o(.text)
    UART4_IRQHandler                         0x080001b7   Thumb Code     0  startup_stm32l475xx.o(.text)
    UART5_IRQHandler                         0x080001b7   Thumb Code     0  startup_stm32l475xx.o(.text)
    USART1_IRQHandler                        0x080001b7   Thumb Code     0  startup_stm32l475xx.o(.text)
    USART2_IRQHandler                        0x080001b7   Thumb Code     0  startup_stm32l475xx.o(.text)
    USART3_IRQHandler                        0x080001b7   Thumb Code     0  startup_stm32l475xx.o(.text)
    WWDG_IRQHandler                          0x080001b7   Thumb Code     0  startup_stm32l475xx.o(.text)
    arm_add_f32                              0x080001c1   Thumb Code   210  arm_add_f32.o(.text)
    arm_mult_f32                             0x08000295   Thumb Code   210  arm_mult_f32.o(.text)
    arm_scale_f32                            0x08000369   Thumb Code   152  arm_scale_f32.o(.text)
    arm_sub_f32                              0x08000401   Thumb Code   210  arm_sub_f32.o(.text)
    arm_sin_f32                              0x080004d5   Thumb Code   130  arm_sin_f32.o(.text)
    arm_mat_add_f32                          0x08000569   Thumb Code   264  arm_mat_add_f32.o(.text)
    arm_mat_init_f32                         0x08000671   Thumb Code     8  arm_mat_init_f32.o(.text)
    arm_mat_inverse_f32                      0x08000679   Thumb Code  1328  arm_mat_inverse_f32.o(.text)
    arm_mat_mult_f32                         0x08000bb1   Thumb Code   312  arm_mat_mult_f32.o(.text)
    arm_mat_scale_f32                        0x08000cf5   Thumb Code   208  arm_mat_scale_f32.o(.text)
    arm_mat_sub_f32                          0x08000dc5   Thumb Code   264  arm_mat_sub_f32.o(.text)
    arm_mat_trans_f32                        0x08000ecd   Thumb Code   276  arm_mat_trans_f32.o(.text)
    rand                                     0x08000fe9   Thumb Code    20  rand.o(.text)
    srand                                    0x08000ffd   Thumb Code     6  rand.o(.text)
    __aeabi_memset                           0x0800100d   Thumb Code    14  memseta.o(.text)
    __aeabi_memset4                          0x0800100d   Thumb Code     0  memseta.o(.text)
    __aeabi_memset8                          0x0800100d   Thumb Code     0  memseta.o(.text)
    __aeabi_memclr                           0x0800101b   Thumb Code     4  memseta.o(.text)
    __aeabi_memclr4                          0x0800101b   Thumb Code     0  memseta.o(.text)
    __aeabi_memclr8                          0x0800101b   Thumb Code     0  memseta.o(.text)
    _memset$wrapper                          0x0800101f   Thumb Code    18  memseta.o(.text)
    __aeabi_dmul                             0x08001031   Thumb Code   228  dmul.o(.text)
    __aeabi_i2d                              0x0800111b   Thumb Code    34  dflti.o(.text)
    __aeabi_f2d                              0x0800113d   Thumb Code    38  f2d.o(.text)
    __aeabi_cdcmpeq                          0x08001165   Thumb Code     0  cdcmple.o(.text)
    __aeabi_cdcmple                          0x08001165   Thumb Code    48  cdcmple.o(.text)
    __aeabi_d2f                              0x08001195   Thumb Code    56  d2f.o(.text)
    __I$use$fp                               0x080011cd   Thumb Code     0  iusefp.o(.text)
    _float_round                             0x080011cd   Thumb Code    18  fepilogue.o(.text)
    _float_epilogue                          0x080011df   Thumb Code    92  fepilogue.o(.text)
    _double_round                            0x0800123b   Thumb Code    30  depilogue.o(.text)
    _double_epilogue                         0x08001259   Thumb Code   156  depilogue.o(.text)
    __scatterload                            0x080012f5   Thumb Code    28  init.o(.text)
    __scatterload_rt2                        0x080012f5   Thumb Code     0  init.o(.text)
    __aeabi_llsl                             0x08001319   Thumb Code    30  llshl.o(.text)
    _ll_shift_l                              0x08001319   Thumb Code     0  llshl.o(.text)
    __aeabi_llsr                             0x08001337   Thumb Code    32  llushr.o(.text)
    _ll_ushift_r                             0x08001337   Thumb Code     0  llushr.o(.text)
    BSP_QSPI_Erase_Chip                      0x08001359   Thumb Code    80  stm32l475e_iot01_qspi.o(i.BSP_QSPI_Erase_Chip)
    BSP_QSPI_Init                            0x080013b1   Thumb Code   138  stm32l475e_iot01_qspi.o(i.BSP_QSPI_Init)
    BSP_QSPI_MspInit                         0x08001445   Thumb Code   112  stm32l475e_iot01_qspi.o(i.BSP_QSPI_MspInit)
    BSP_QSPI_Read                            0x080014bd   Thumb Code   110  stm32l475e_iot01_qspi.o(i.BSP_QSPI_Read)
    BSP_QSPI_Write                           0x08001531   Thumb Code   176  stm32l475e_iot01_qspi.o(i.BSP_QSPI_Write)
    BusFault_Handler                         0x080015e5   Thumb Code     4  stm32l4xx_it.o(i.BusFault_Handler)
    DAC_DMAConvCpltCh2                       0x080015fb   Thumb Code    18  stm32l4xx_hal_dac_ex.o(i.DAC_DMAConvCpltCh2)
    DAC_DMAErrorCh2                          0x08001627   Thumb Code    26  stm32l4xx_hal_dac_ex.o(i.DAC_DMAErrorCh2)
    DAC_DMAHalfConvCpltCh2                   0x0800164f   Thumb Code    14  stm32l4xx_hal_dac_ex.o(i.DAC_DMAHalfConvCpltCh2)
    DMA1_Channel3_IRQHandler                 0x0800165d   Thumb Code    10  stm32l4xx_it.o(i.DMA1_Channel3_IRQHandler)
    DMA1_Channel4_IRQHandler                 0x0800166d   Thumb Code    10  stm32l4xx_it.o(i.DMA1_Channel4_IRQHandler)
    DMA1_Channel5_IRQHandler                 0x0800167d   Thumb Code    10  stm32l4xx_it.o(i.DMA1_Channel5_IRQHandler)
    DebugMon_Handler                         0x080016bd   Thumb Code     2  stm32l4xx_it.o(i.DebugMon_Handler)
    EXTI9_5_IRQHandler                       0x080016bf   Thumb Code    12  stm32l4xx_it.o(i.EXTI9_5_IRQHandler)
    Error_Handler                            0x080016cb   Thumb Code     4  main.o(i.Error_Handler)
    HAL_DACEx_ConvCpltCallbackCh2            0x080016cf   Thumb Code     2  stm32l4xx_hal_dac_ex.o(i.HAL_DACEx_ConvCpltCallbackCh2)
    HAL_DACEx_ConvHalfCpltCallbackCh2        0x080016d1   Thumb Code     2  stm32l4xx_hal_dac_ex.o(i.HAL_DACEx_ConvHalfCpltCallbackCh2)
    HAL_DACEx_DMAUnderrunCallbackCh2         0x080016d3   Thumb Code     2  stm32l4xx_hal_dac_ex.o(i.HAL_DACEx_DMAUnderrunCallbackCh2)
    HAL_DACEx_ErrorCallbackCh2               0x080016d5   Thumb Code     2  stm32l4xx_hal_dac_ex.o(i.HAL_DACEx_ErrorCallbackCh2)
    HAL_DAC_ConfigChannel                    0x080016d7   Thumb Code   398  stm32l4xx_hal_dac.o(i.HAL_DAC_ConfigChannel)
    HAL_DAC_ConvCpltCallbackCh1              0x08001865   Thumb Code     2  stm32l4xx_hal_dac.o(i.HAL_DAC_ConvCpltCallbackCh1)
    HAL_DAC_ConvHalfCpltCallbackCh1          0x08001867   Thumb Code     2  stm32l4xx_hal_dac.o(i.HAL_DAC_ConvHalfCpltCallbackCh1)
    HAL_DAC_DMAUnderrunCallbackCh1           0x08001869   Thumb Code     2  stm32l4xx_hal_dac.o(i.HAL_DAC_DMAUnderrunCallbackCh1)
    HAL_DAC_ErrorCallbackCh1                 0x0800186b   Thumb Code     2  stm32l4xx_hal_dac.o(i.HAL_DAC_ErrorCallbackCh1)
    HAL_DAC_IRQHandler                       0x0800186d   Thumb Code   138  stm32l4xx_hal_dac.o(i.HAL_DAC_IRQHandler)
    HAL_DAC_Init                             0x080018f7   Thumb Code    40  stm32l4xx_hal_dac.o(i.HAL_DAC_Init)
    HAL_DAC_MspInit                          0x08001921   Thumb Code   240  stm32l4xx_hal_msp.o(i.HAL_DAC_MspInit)
    HAL_DAC_Start_DMA                        0x08001a25   Thumb Code   300  stm32l4xx_hal_dac.o(i.HAL_DAC_Start_DMA)
    HAL_DMA_Abort                            0x08001b69   Thumb Code    70  stm32l4xx_hal_dma.o(i.HAL_DMA_Abort)
    HAL_DMA_Abort_IT                         0x08001baf   Thumb Code    92  stm32l4xx_hal_dma.o(i.HAL_DMA_Abort_IT)
    HAL_DMA_DeInit                           0x08001c0d   Thumb Code   188  stm32l4xx_hal_dma.o(i.HAL_DMA_DeInit)
    HAL_DMA_IRQHandler                       0x08001cd1   Thumb Code   254  stm32l4xx_hal_dma.o(i.HAL_DMA_IRQHandler)
    HAL_DMA_Init                             0x08001dd1   Thumb Code   258  stm32l4xx_hal_dma.o(i.HAL_DMA_Init)
    HAL_DMA_Start_IT                         0x08001edd   Thumb Code   156  stm32l4xx_hal_dma.o(i.HAL_DMA_Start_IT)
    HAL_Delay                                0x08001f79   Thumb Code    32  stm32l4xx_hal.o(i.HAL_Delay)
    HAL_GPIO_DeInit                          0x08001f99   Thumb Code   292  stm32l4xx_hal_gpio.o(i.HAL_GPIO_DeInit)
    HAL_GPIO_EXTI_Callback                   0x080020dd   Thumb Code     2  stm32l4xx_hal_gpio.o(i.HAL_GPIO_EXTI_Callback)
    HAL_GPIO_EXTI_IRQHandler                 0x080020e1   Thumb Code    24  stm32l4xx_hal_gpio.o(i.HAL_GPIO_EXTI_IRQHandler)
    HAL_GPIO_Init                            0x080020fd   Thumb Code   480  stm32l4xx_hal_gpio.o(i.HAL_GPIO_Init)
    HAL_GetTick                              0x08002301   Thumb Code     6  stm32l4xx_hal.o(i.HAL_GetTick)
    HAL_IncTick                              0x0800230d   Thumb Code    12  stm32l4xx_hal.o(i.HAL_IncTick)
    HAL_Init                                 0x0800231d   Thumb Code    30  stm32l4xx_hal.o(i.HAL_Init)
    HAL_InitTick                             0x0800233d   Thumb Code    44  stm32l4xx_hal.o(i.HAL_InitTick)
    HAL_MspInit                              0x0800236d   Thumb Code    58  stm32l4xx_hal_msp.o(i.HAL_MspInit)
    HAL_NVIC_DisableIRQ                      0x080023ad   Thumb Code    22  stm32l4xx_hal_cortex.o(i.HAL_NVIC_DisableIRQ)
    HAL_NVIC_EnableIRQ                       0x080023c9   Thumb Code    26  stm32l4xx_hal_cortex.o(i.HAL_NVIC_EnableIRQ)
    HAL_NVIC_SetPriority                     0x080023e3   Thumb Code   124  stm32l4xx_hal_cortex.o(i.HAL_NVIC_SetPriority)
    HAL_NVIC_SetPriorityGrouping             0x08002465   Thumb Code    32  stm32l4xx_hal_cortex.o(i.HAL_NVIC_SetPriorityGrouping)
    HAL_PWREx_ControlVoltageScaling          0x0800248d   Thumb Code   128  stm32l4xx_hal_pwr_ex.o(i.HAL_PWREx_ControlVoltageScaling)
    HAL_PWREx_GetVoltageRange                0x08002519   Thumb Code    10  stm32l4xx_hal_pwr_ex.o(i.HAL_PWREx_GetVoltageRange)
    HAL_QSPI_Abort                           0x08002529   Thumb Code   154  stm32l4xx_hal_qspi.o(i.HAL_QSPI_Abort)
    HAL_QSPI_AbortCpltCallback               0x080025c3   Thumb Code     2  stm32l4xx_hal_qspi.o(i.HAL_QSPI_AbortCpltCallback)
    HAL_QSPI_Abort_IT                        0x080025c5   Thumb Code   128  stm32l4xx_hal_qspi.o(i.HAL_QSPI_Abort_IT)
    HAL_QSPI_AutoPolling                     0x08002649   Thumb Code   202  stm32l4xx_hal_qspi.o(i.HAL_QSPI_AutoPolling)
    HAL_QSPI_CmdCpltCallback                 0x08002713   Thumb Code     2  stm32l4xx_hal_qspi.o(i.HAL_QSPI_CmdCpltCallback)
    HAL_QSPI_Command                         0x08002715   Thumb Code   164  stm32l4xx_hal_qspi.o(i.HAL_QSPI_Command)
    HAL_QSPI_DeInit                          0x080027b9   Thumb Code    70  stm32l4xx_hal_qspi.o(i.HAL_QSPI_DeInit)
    HAL_QSPI_ErrorCallback                   0x080027ff   Thumb Code     2  stm32l4xx_hal_qspi.o(i.HAL_QSPI_ErrorCallback)
    HAL_QSPI_FifoThresholdCallback           0x08002801   Thumb Code     2  stm32l4xx_hal_qspi.o(i.HAL_QSPI_FifoThresholdCallback)
    HAL_QSPI_IRQHandler                      0x08002805   Thumb Code   648  stm32l4xx_hal_qspi.o(i.HAL_QSPI_IRQHandler)
    HAL_QSPI_Init                            0x08002a91   Thumb Code   190  stm32l4xx_hal_qspi.o(i.HAL_QSPI_Init)
    HAL_QSPI_MspDeInit                       0x08002b59   Thumb Code    56  stm32l4xx_hal_msp.o(i.HAL_QSPI_MspDeInit)
    HAL_QSPI_MspInit                         0x08002ba1   Thumb Code   236  stm32l4xx_hal_msp.o(i.HAL_QSPI_MspInit)
    HAL_QSPI_Receive                         0x08002ca5   Thumb Code   236  stm32l4xx_hal_qspi.o(i.HAL_QSPI_Receive)
    HAL_QSPI_RxCpltCallback                  0x08002d97   Thumb Code     2  stm32l4xx_hal_qspi.o(i.HAL_QSPI_RxCpltCallback)
    HAL_QSPI_SetTimeout                      0x08002d99   Thumb Code     4  stm32l4xx_hal_qspi.o(i.HAL_QSPI_SetTimeout)
    HAL_QSPI_StatusMatchCallback             0x08002d9d   Thumb Code     2  stm32l4xx_hal_qspi.o(i.HAL_QSPI_StatusMatchCallback)
    HAL_QSPI_TimeOutCallback                 0x08002d9f   Thumb Code     2  stm32l4xx_hal_qspi.o(i.HAL_QSPI_TimeOutCallback)
    HAL_QSPI_Transmit                        0x08002da1   Thumb Code   220  stm32l4xx_hal_qspi.o(i.HAL_QSPI_Transmit)
    HAL_QSPI_TxCpltCallback                  0x08002e7d   Thumb Code     2  stm32l4xx_hal_qspi.o(i.HAL_QSPI_TxCpltCallback)
    HAL_RCC_ClockConfig                      0x08002e81   Thumb Code   358  stm32l4xx_hal_rcc.o(i.HAL_RCC_ClockConfig)
    HAL_RCC_GetSysClockFreq                  0x08002ff9   Thumb Code   266  stm32l4xx_hal_rcc.o(i.HAL_RCC_GetSysClockFreq)
    HAL_RCC_OscConfig                        0x08003115   Thumb Code  1536  stm32l4xx_hal_rcc.o(i.HAL_RCC_OscConfig)
    HAL_SYSTICK_Config                       0x08003721   Thumb Code    52  stm32l4xx_hal_cortex.o(i.HAL_SYSTICK_Config)
    HAL_TIMEx_Break2Callback                 0x08003755   Thumb Code     2  stm32l4xx_hal_tim_ex.o(i.HAL_TIMEx_Break2Callback)
    HAL_TIMEx_BreakCallback                  0x08003757   Thumb Code     2  stm32l4xx_hal_tim_ex.o(i.HAL_TIMEx_BreakCallback)
    HAL_TIMEx_CommutationCallback            0x08003759   Thumb Code     2  stm32l4xx_hal_tim_ex.o(i.HAL_TIMEx_CommutationCallback)
    HAL_TIMEx_MasterConfigSynchronization    0x0800375d   Thumb Code   110  stm32l4xx_hal_tim_ex.o(i.HAL_TIMEx_MasterConfigSynchronization)
    HAL_TIM_Base_Init                        0x080037d5   Thumb Code    52  stm32l4xx_hal_tim.o(i.HAL_TIM_Base_Init)
    HAL_TIM_Base_MspInit                     0x08003809   Thumb Code    58  stm32l4xx_hal_msp.o(i.HAL_TIM_Base_MspInit)
    HAL_TIM_Base_Start                       0x0800384d   Thumb Code    62  stm32l4xx_hal_tim.o(i.HAL_TIM_Base_Start)
    HAL_TIM_IC_CaptureCallback               0x08003891   Thumb Code     2  stm32l4xx_hal_tim.o(i.HAL_TIM_IC_CaptureCallback)
    HAL_TIM_IRQHandler                       0x08003893   Thumb Code   440  stm32l4xx_hal_tim.o(i.HAL_TIM_IRQHandler)
    HAL_TIM_OC_DelayElapsedCallback          0x08003a4b   Thumb Code     2  stm32l4xx_hal_tim.o(i.HAL_TIM_OC_DelayElapsedCallback)
    HAL_TIM_PWM_PulseFinishedCallback        0x08003a4d   Thumb Code     2  stm32l4xx_hal_tim.o(i.HAL_TIM_PWM_PulseFinishedCallback)
    HAL_TIM_PeriodElapsedCallback            0x08003a4f   Thumb Code     2  stm32l4xx_hal_tim.o(i.HAL_TIM_PeriodElapsedCallback)
    HAL_TIM_TriggerCallback                  0x08003a51   Thumb Code     2  stm32l4xx_hal_tim.o(i.HAL_TIM_TriggerCallback)
    HardFault_Handler                        0x08003a53   Thumb Code     4  stm32l4xx_it.o(i.HardFault_Handler)
    MemManage_Handler                        0x08003c2d   Thumb Code     4  stm32l4xx_it.o(i.MemManage_Handler)
    NMI_Handler                              0x08003c31   Thumb Code     2  stm32l4xx_it.o(i.NMI_Handler)
    PendSV_Handler                           0x08003c6d   Thumb Code     2  stm32l4xx_it.o(i.PendSV_Handler)
    QUADSPI_IRQHandler                       0x08004255   Thumb Code    10  stm32l4xx_it.o(i.QUADSPI_IRQHandler)
    SVC_Handler                              0x08004301   Thumb Code     2  stm32l4xx_it.o(i.SVC_Handler)
    SysTick_Handler                          0x08004303   Thumb Code     8  stm32l4xx_it.o(i.SysTick_Handler)
    SystemClock_Config                       0x0800430b   Thumb Code   120  main.o(i.SystemClock_Config)
    SystemInit                               0x08004385   Thumb Code    68  system_stm32l4xx.o(i.SystemInit)
    TIM6_DAC_IRQHandler                      0x080043d5   Thumb Code    16  stm32l4xx_it.o(i.TIM6_DAC_IRQHandler)
    TIM_Base_SetConfig                       0x080043ed   Thumb Code   170  stm32l4xx_hal_tim.o(i.TIM_Base_SetConfig)
    UsageFault_Handler                       0x080044b9   Thumb Code     4  stm32l4xx_it.o(i.UsageFault_Handler)
    __scatterload_copy                       0x080044bd   Thumb Code    14  handlers.o(i.__scatterload_copy)
    __scatterload_null                       0x080044cb   Thumb Code     2  handlers.o(i.__scatterload_null)
    __scatterload_zeroinit                   0x080044cd   Thumb Code    14  handlers.o(i.__scatterload_zeroinit)
    calculateEigen                           0x08004509   Thumb Code   328  main.o(i.calculateEigen)
    getNorm                                  0x0800466d   Thumb Code    66  main.o(i.getNorm)
    main                                     0x080046b1   Thumb Code  2878  main.o(i.main)
    AHBPrescTable                            0x08005230   Data          16  system_stm32l4xx.o(.constdata)
    APBPrescTable                            0x08005240   Data           8  system_stm32l4xx.o(.constdata)
    MSIRangeTable                            0x08005248   Data          48  system_stm32l4xx.o(.constdata)
    sinTable_f32                             0x08005278   Data        2052  arm_common_tables.o(.constdata)
    Region$$Table$$Base                      0x08005a7c   Number         0  anon$$obj.o(Region$$Table)
    Region$$Table$$Limit                     0x08005a9c   Number         0  anon$$obj.o(Region$$Table)
    i                                        0x20000000   Data           4  main.o(.data)
    matrix                                   0x20000004   Data           8  main.o(.data)
    matrix2                                  0x2000000c   Data           8  main.o(.data)
    transposeMatrix                          0x20000014   Data           8  main.o(.data)
    meanMatrix                               0x2000001c   Data           8  main.o(.data)
    whiteMatrix                              0x20000024   Data           8  main.o(.data)
    singleRowMatrix                          0x2000002c   Data           8  main.o(.data)
    singleColMatrix                          0x20000034   Data           8  main.o(.data)
    singleCol2Matrix                         0x2000003c   Data           8  main.o(.data)
    singleCol3Matrix                         0x20000044   Data           8  main.o(.data)
    eigValueMatrix                           0x2000004c   Data           8  main.o(.data)
    temp2by2Matrix                           0x20000054   Data           8  main.o(.data)
    icaFilterMatrix                          0x2000005c   Data           8  main.o(.data)
    eigVectorMatrix                          0x20000064   Data           8  main.o(.data)
    whiteningMatrix                          0x2000006c   Data           8  main.o(.data)
    weightMatrixBuffer                       0x20000074   Data           8  main.o(.data)
    weightMatrix                             0x2000007c   Data           8  main.o(.data)
    weightOldMatrixBuffer                    0x20000084   Data           8  main.o(.data)
    weightOldMatrix                          0x2000008c   Data           8  main.o(.data)
    temp2by1MatrixBuffer                     0x20000094   Data           8  main.o(.data)
    temp2by1Matrix                           0x2000009c   Data           8  main.o(.data)
    secondTemp2by1MatrixBuffer               0x200000a4   Data           8  main.o(.data)
    secondTemp2by1Matrix                     0x200000ac   Data           8  main.o(.data)
    thirdTemp2by1MatrixBuffer                0x200000b4   Data           8  main.o(.data)
    thirdTemp2by1Matrix                      0x200000bc   Data           8  main.o(.data)
    tempMatrix                               0x200000c4   Data           8  main.o(.data)
    temp2Matrix                              0x200000cc   Data           8  main.o(.data)
    covarianceMatrix                         0x200000d4   Data           8  main.o(.data)
    read_flash_find_min_max                  0x200000dc   Data           4  main.o(.data)
    read_flash                               0x200000e0   Data           4  main.o(.data)
    rx_cplt                                  0x200000e4   Data           4  main.o(.data)
    tx_cplt                                  0x200000e8   Data           4  main.o(.data)
    cmd_cplt                                 0x200000ec   Data           4  main.o(.data)
    left_qspi                                0x200000f0   Data           4  main.o(.data)
    right_qspi                               0x200000f4   Data           4  main.o(.data)
    get_mean                                 0x200000f8   Data           4  main.o(.data)
    flashAddr                                0x200000fc   Data           4  main.o(.data)
    mu1                                      0x20000100   Data           4  main.o(.data)
    mu2                                      0x20000104   Data           4  main.o(.data)
    maxVal1                                  0x20000108   Data           4  main.o(.data)
    minVal1                                  0x2000010c   Data           4  main.o(.data)
    maxVal2                                  0x20000110   Data           4  main.o(.data)
    minVal2                                  0x20000114   Data           4  main.o(.data)
    uwTick                                   0x20000118   Data           4  stm32l4xx_hal.o(.data)
    SystemCoreClock                          0x2000011c   Data           4  system_stm32l4xx.o(.data)
    audioBufferLeft                          0x20000124   Data        4000  main.o(.bss)
    audioBufferRight                         0x200010c4   Data        4000  main.o(.bss)
    matrixBuffer                             0x20002064   Data        8000  main.o(.bss)
    matrix2Buffer                            0x20003fa4   Data        8000  main.o(.bss)
    transposeMatrixBuffer                    0x20005ee4   Data        8000  main.o(.bss)
    meanMatrixBuffer                         0x20007e24   Data        8000  main.o(.bss)
    whiteMatrixBuffer                        0x20009d64   Data        8000  main.o(.bss)
    singleRowMatrixBuffer                    0x2000bca4   Data        8000  main.o(.bss)
    singleColMatrixBuffer                    0x2000dbe4   Data        8000  main.o(.bss)
    singleCol2MatrixBuffer                   0x2000fb24   Data        8000  main.o(.bss)
    singleCol3MatrixBuffer                   0x20011a64   Data        8000  main.o(.bss)
    eigValueMatrixBuffer                     0x200139a4   Data          16  main.o(.bss)
    temp2by2MatrixBuffer                     0x200139b4   Data          16  main.o(.bss)
    icaFilterMatrixBuffer                    0x200139c4   Data          16  main.o(.bss)
    eigVectorMatrixBuffer                    0x200139d4   Data          16  main.o(.bss)
    whiteningMatrixBuffer                    0x200139e4   Data          16  main.o(.bss)
    tempMatrixBuffer                         0x200139f4   Data          16  main.o(.bss)
    temp2MatrixBuffer                        0x20013a04   Data          16  main.o(.bss)
    covarianceMatrixBuffer                   0x20013a14   Data          16  main.o(.bss)
    hdac1                                    0x20013a24   Data          20  main.o(.bss)
    hdma_dac_ch1                             0x20013a38   Data          72  main.o(.bss)
    hdma_dac_ch2                             0x20013a80   Data          72  main.o(.bss)
    hqspi                                    0x20013ac8   Data          68  main.o(.bss)
    hdma_quadspi                             0x20013b0c   Data          72  main.o(.bss)
    htim6                                    0x20013b54   Data          64  main.o(.bss)
    __initial_sp                             0x20013f98   Data           0  startup_stm32l475xx.o(STACK)



==============================================================================

Memory Map of the image

  Image Entry point : 0x08000189

  Load Region LR_IROM1 (Base: 0x08000000, Size: 0x00005bc0, Max: 0x00100000, ABSOLUTE)

    Execution Region ER_IROM1 (Exec base: 0x08000000, Load base: 0x08000000, Size: 0x00005a9c, Max: 0x00100000, ABSOLUTE)

    Exec Addr    Load Addr    Size         Type   Attr      Idx    E Section Name        Object

    0x08000000   0x08000000   0x00000188   Data   RO            3    RESET               startup_stm32l475xx.o
    0x08000188   0x08000188   0x00000000   Code   RO         4340  * .ARM.Collect$$$$00000000  mc_w.l(entry.o)
    0x08000188   0x08000188   0x00000004   Code   RO         4358    .ARM.Collect$$$$00000001  mc_w.l(entry2.o)
    0x0800018c   0x0800018c   0x00000004   Code   RO         4361    .ARM.Collect$$$$00000004  mc_w.l(entry5.o)
    0x08000190   0x08000190   0x00000000   Code   RO         4363    .ARM.Collect$$$$00000008  mc_w.l(entry7b.o)
    0x08000190   0x08000190   0x00000000   Code   RO         4365    .ARM.Collect$$$$0000000A  mc_w.l(entry8b.o)
    0x08000190   0x08000190   0x00000008   Code   RO         4366    .ARM.Collect$$$$0000000B  mc_w.l(entry9a.o)
    0x08000198   0x08000198   0x00000000   Code   RO         4368    .ARM.Collect$$$$0000000D  mc_w.l(entry10a.o)
    0x08000198   0x08000198   0x00000000   Code   RO         4370    .ARM.Collect$$$$0000000F  mc_w.l(entry11a.o)
    0x08000198   0x08000198   0x00000004   Code   RO         4359    .ARM.Collect$$$$00002712  mc_w.l(entry2.o)
    0x0800019c   0x0800019c   0x00000024   Code   RO            4    .text               startup_stm32l475xx.o
    0x080001c0   0x080001c0   0x000000d2   Code   RO         3947    .text               arm_cortexM4lf_math.lib(arm_add_f32.o)
    0x08000292   0x08000292   0x00000002   PAD
    0x08000294   0x08000294   0x000000d2   Code   RO         3993    .text               arm_cortexM4lf_math.lib(arm_mult_f32.o)
    0x08000366   0x08000366   0x00000002   PAD
    0x08000368   0x08000368   0x00000098   Code   RO         4017    .text               arm_cortexM4lf_math.lib(arm_scale_f32.o)
    0x08000400   0x08000400   0x000000d2   Code   RO         4041    .text               arm_cortexM4lf_math.lib(arm_sub_f32.o)
    0x080004d2   0x080004d2   0x00000002   PAD
    0x080004d4   0x080004d4   0x00000094   Code   RO         4065    .text               arm_cortexM4lf_math.lib(arm_sin_f32.o)
    0x08000568   0x08000568   0x00000108   Code   RO         4093    .text               arm_cortexM4lf_math.lib(arm_mat_add_f32.o)
    0x08000670   0x08000670   0x00000008   Code   RO         4117    .text               arm_cortexM4lf_math.lib(arm_mat_init_f32.o)
    0x08000678   0x08000678   0x00000536   Code   RO         4141    .text               arm_cortexM4lf_math.lib(arm_mat_inverse_f32.o)
    0x08000bae   0x08000bae   0x00000002   PAD
    0x08000bb0   0x08000bb0   0x00000142   Code   RO         4165    .text               arm_cortexM4lf_math.lib(arm_mat_mult_f32.o)
    0x08000cf2   0x08000cf2   0x00000002   PAD
    0x08000cf4   0x08000cf4   0x000000d0   Code   RO         4189    .text               arm_cortexM4lf_math.lib(arm_mat_scale_f32.o)
    0x08000dc4   0x08000dc4   0x00000108   Code   RO         4213    .text               arm_cortexM4lf_math.lib(arm_mat_sub_f32.o)
    0x08000ecc   0x08000ecc   0x0000011a   Code   RO         4237    .text               arm_cortexM4lf_math.lib(arm_mat_trans_f32.o)
    0x08000fe6   0x08000fe6   0x00000002   PAD
    0x08000fe8   0x08000fe8   0x00000024   Code   RO         4343    .text               mc_w.l(rand.o)
    0x0800100c   0x0800100c   0x00000024   Code   RO         4346    .text               mc_w.l(memseta.o)
    0x08001030   0x08001030   0x000000ea   Code   RO         4348    .text               mf_w.l(dmul.o)
    0x0800111a   0x0800111a   0x00000022   Code   RO         4350    .text               mf_w.l(dflti.o)
    0x0800113c   0x0800113c   0x00000026   Code   RO         4352    .text               mf_w.l(f2d.o)
    0x08001162   0x08001162   0x00000002   PAD
    0x08001164   0x08001164   0x00000030   Code   RO         4354    .text               mf_w.l(cdcmple.o)
    0x08001194   0x08001194   0x00000038   Code   RO         4356    .text               mf_w.l(d2f.o)
    0x080011cc   0x080011cc   0x00000000   Code   RO         4372    .text               mc_w.l(iusefp.o)
    0x080011cc   0x080011cc   0x0000006e   Code   RO         4373    .text               mf_w.l(fepilogue.o)
    0x0800123a   0x0800123a   0x000000ba   Code   RO         4375    .text               mf_w.l(depilogue.o)
    0x080012f4   0x080012f4   0x00000024   Code   RO         4377    .text               mc_w.l(init.o)
    0x08001318   0x08001318   0x0000001e   Code   RO         4379    .text               mc_w.l(llshl.o)
    0x08001336   0x08001336   0x00000020   Code   RO         4381    .text               mc_w.l(llushr.o)
    0x08001356   0x08001356   0x00000002   PAD
    0x08001358   0x08001358   0x00000058   Code   RO           17    i.BSP_QSPI_Erase_Chip  stm32l475e_iot01_qspi.o
    0x080013b0   0x080013b0   0x00000094   Code   RO           21    i.BSP_QSPI_Init     stm32l475e_iot01_qspi.o
    0x08001444   0x08001444   0x00000078   Code   RO           24    i.BSP_QSPI_MspInit  stm32l475e_iot01_qspi.o
    0x080014bc   0x080014bc   0x00000074   Code   RO           25    i.BSP_QSPI_Read     stm32l475e_iot01_qspi.o
    0x08001530   0x08001530   0x000000b4   Code   RO           29    i.BSP_QSPI_Write    stm32l475e_iot01_qspi.o
    0x080015e4   0x080015e4   0x00000004   Code   RO          369    i.BusFault_Handler  stm32l4xx_it.o
    0x080015e8   0x080015e8   0x00000012   Code   RO          548    i.DAC_DMAConvCpltCh1  stm32l4xx_hal_dac.o
    0x080015fa   0x080015fa   0x00000012   Code   RO          689    i.DAC_DMAConvCpltCh2  stm32l4xx_hal_dac_ex.o
    0x0800160c   0x0800160c   0x0000001a   Code   RO          549    i.DAC_DMAErrorCh1   stm32l4xx_hal_dac.o
    0x08001626   0x08001626   0x0000001a   Code   RO          690    i.DAC_DMAErrorCh2   stm32l4xx_hal_dac_ex.o
    0x08001640   0x08001640   0x0000000e   Code   RO          550    i.DAC_DMAHalfConvCpltCh1  stm32l4xx_hal_dac.o
    0x0800164e   0x0800164e   0x0000000e   Code   RO          691    i.DAC_DMAHalfConvCpltCh2  stm32l4xx_hal_dac_ex.o
    0x0800165c   0x0800165c   0x00000010   Code   RO          370    i.DMA1_Channel3_IRQHandler  stm32l4xx_it.o
    0x0800166c   0x0800166c   0x00000010   Code   RO          371    i.DMA1_Channel4_IRQHandler  stm32l4xx_it.o
    0x0800167c   0x0800167c   0x00000010   Code   RO          372    i.DMA1_Channel5_IRQHandler  stm32l4xx_it.o
    0x0800168c   0x0800168c   0x00000030   Code   RO         3225    i.DMA_SetConfig     stm32l4xx_hal_dma.o
    0x080016bc   0x080016bc   0x00000002   Code   RO          373    i.DebugMon_Handler  stm32l4xx_it.o
    0x080016be   0x080016be   0x0000000c   Code   RO          374    i.EXTI9_5_IRQHandler  stm32l4xx_it.o
    0x080016ca   0x080016ca   0x00000004   Code   RO          271    i.Error_Handler     main.o
    0x080016ce   0x080016ce   0x00000002   Code   RO          692    i.HAL_DACEx_ConvCpltCallbackCh2  stm32l4xx_hal_dac_ex.o
    0x080016d0   0x080016d0   0x00000002   Code   RO          693    i.HAL_DACEx_ConvHalfCpltCallbackCh2  stm32l4xx_hal_dac_ex.o
    0x080016d2   0x080016d2   0x00000002   Code   RO          694    i.HAL_DACEx_DMAUnderrunCallbackCh2  stm32l4xx_hal_dac_ex.o
    0x080016d4   0x080016d4   0x00000002   Code   RO          697    i.HAL_DACEx_ErrorCallbackCh2  stm32l4xx_hal_dac_ex.o
    0x080016d6   0x080016d6   0x0000018e   Code   RO          551    i.HAL_DAC_ConfigChannel  stm32l4xx_hal_dac.o
    0x08001864   0x08001864   0x00000002   Code   RO          552    i.HAL_DAC_ConvCpltCallbackCh1  stm32l4xx_hal_dac.o
    0x08001866   0x08001866   0x00000002   Code   RO          553    i.HAL_DAC_ConvHalfCpltCallbackCh1  stm32l4xx_hal_dac.o
    0x08001868   0x08001868   0x00000002   Code   RO          554    i.HAL_DAC_DMAUnderrunCallbackCh1  stm32l4xx_hal_dac.o
    0x0800186a   0x0800186a   0x00000002   Code   RO          556    i.HAL_DAC_ErrorCallbackCh1  stm32l4xx_hal_dac.o
    0x0800186c   0x0800186c   0x0000008a   Code   RO          560    i.HAL_DAC_IRQHandler  stm32l4xx_hal_dac.o
    0x080018f6   0x080018f6   0x00000028   Code   RO          561    i.HAL_DAC_Init      stm32l4xx_hal_dac.o
    0x0800191e   0x0800191e   0x00000002   PAD
    0x08001920   0x08001920   0x00000104   Code   RO          488    i.HAL_DAC_MspInit   stm32l4xx_hal_msp.o
    0x08001a24   0x08001a24   0x00000144   Code   RO          566    i.HAL_DAC_Start_DMA  stm32l4xx_hal_dac.o
    0x08001b68   0x08001b68   0x00000046   Code   RO         3226    i.HAL_DMA_Abort     stm32l4xx_hal_dma.o
    0x08001bae   0x08001bae   0x0000005c   Code   RO         3227    i.HAL_DMA_Abort_IT  stm32l4xx_hal_dma.o
    0x08001c0a   0x08001c0a   0x00000002   PAD
    0x08001c0c   0x08001c0c   0x000000c4   Code   RO         3228    i.HAL_DMA_DeInit    stm32l4xx_hal_dma.o
    0x08001cd0   0x08001cd0   0x000000fe   Code   RO         3231    i.HAL_DMA_IRQHandler  stm32l4xx_hal_dma.o
    0x08001dce   0x08001dce   0x00000002   PAD
    0x08001dd0   0x08001dd0   0x0000010c   Code   RO         3232    i.HAL_DMA_Init      stm32l4xx_hal_dma.o
    0x08001edc   0x08001edc   0x0000009c   Code   RO         3236    i.HAL_DMA_Start_IT  stm32l4xx_hal_dma.o
    0x08001f78   0x08001f78   0x00000020   Code   RO         1963    i.HAL_Delay         stm32l4xx_hal.o
    0x08001f98   0x08001f98   0x00000144   Code   RO         3159    i.HAL_GPIO_DeInit   stm32l4xx_hal_gpio.o
    0x080020dc   0x080020dc   0x00000002   Code   RO         3160    i.HAL_GPIO_EXTI_Callback  stm32l4xx_hal_gpio.o
    0x080020de   0x080020de   0x00000002   PAD
    0x080020e0   0x080020e0   0x0000001c   Code   RO         3161    i.HAL_GPIO_EXTI_IRQHandler  stm32l4xx_hal_gpio.o
    0x080020fc   0x080020fc   0x00000204   Code   RO         3162    i.HAL_GPIO_Init     stm32l4xx_hal_gpio.o
    0x08002300   0x08002300   0x0000000c   Code   RO         1967    i.HAL_GetTick       stm32l4xx_hal.o
    0x0800230c   0x0800230c   0x00000010   Code   RO         1971    i.HAL_IncTick       stm32l4xx_hal.o
    0x0800231c   0x0800231c   0x0000001e   Code   RO         1972    i.HAL_Init          stm32l4xx_hal.o
    0x0800233a   0x0800233a   0x00000002   PAD
    0x0800233c   0x0800233c   0x00000030   Code   RO         1973    i.HAL_InitTick      stm32l4xx_hal.o
    0x0800236c   0x0800236c   0x00000040   Code   RO          489    i.HAL_MspInit       stm32l4xx_hal_msp.o
    0x080023ac   0x080023ac   0x0000001c   Code   RO         3702    i.HAL_NVIC_DisableIRQ  stm32l4xx_hal_cortex.o
    0x080023c8   0x080023c8   0x0000001a   Code   RO         3703    i.HAL_NVIC_EnableIRQ  stm32l4xx_hal_cortex.o
    0x080023e2   0x080023e2   0x00000082   Code   RO         3709    i.HAL_NVIC_SetPriority  stm32l4xx_hal_cortex.o
    0x08002464   0x08002464   0x00000028   Code   RO         3710    i.HAL_NVIC_SetPriorityGrouping  stm32l4xx_hal_cortex.o
    0x0800248c   0x0800248c   0x0000008c   Code   RO         3453    i.HAL_PWREx_ControlVoltageScaling  stm32l4xx_hal_pwr_ex.o
    0x08002518   0x08002518   0x00000010   Code   RO         3484    i.HAL_PWREx_GetVoltageRange  stm32l4xx_hal_pwr_ex.o
    0x08002528   0x08002528   0x0000009a   Code   RO          791    i.HAL_QSPI_Abort    stm32l4xx_hal_qspi.o
    0x080025c2   0x080025c2   0x00000002   Code   RO          792    i.HAL_QSPI_AbortCpltCallback  stm32l4xx_hal_qspi.o
    0x080025c4   0x080025c4   0x00000084   Code   RO          793    i.HAL_QSPI_Abort_IT  stm32l4xx_hal_qspi.o
    0x08002648   0x08002648   0x000000ca   Code   RO          794    i.HAL_QSPI_AutoPolling  stm32l4xx_hal_qspi.o
    0x08002712   0x08002712   0x00000002   Code   RO          796    i.HAL_QSPI_CmdCpltCallback  stm32l4xx_hal_qspi.o
    0x08002714   0x08002714   0x000000a4   Code   RO          797    i.HAL_QSPI_Command  stm32l4xx_hal_qspi.o
    0x080027b8   0x080027b8   0x00000046   Code   RO          799    i.HAL_QSPI_DeInit   stm32l4xx_hal_qspi.o
    0x080027fe   0x080027fe   0x00000002   Code   RO          800    i.HAL_QSPI_ErrorCallback  stm32l4xx_hal_qspi.o
    0x08002800   0x08002800   0x00000002   Code   RO          801    i.HAL_QSPI_FifoThresholdCallback  stm32l4xx_hal_qspi.o
    0x08002802   0x08002802   0x00000002   PAD
    0x08002804   0x08002804   0x0000028c   Code   RO          805    i.HAL_QSPI_IRQHandler  stm32l4xx_hal_qspi.o
    0x08002a90   0x08002a90   0x000000c8   Code   RO          806    i.HAL_QSPI_Init     stm32l4xx_hal_qspi.o
    0x08002b58   0x08002b58   0x00000048   Code   RO          490    i.HAL_QSPI_MspDeInit  stm32l4xx_hal_msp.o
    0x08002ba0   0x08002ba0   0x00000104   Code   RO          491    i.HAL_QSPI_MspInit  stm32l4xx_hal_msp.o
    0x08002ca4   0x08002ca4   0x000000f2   Code   RO          810    i.HAL_QSPI_Receive  stm32l4xx_hal_qspi.o
    0x08002d96   0x08002d96   0x00000002   Code   RO          813    i.HAL_QSPI_RxCpltCallback  stm32l4xx_hal_qspi.o
    0x08002d98   0x08002d98   0x00000004   Code   RO          816    i.HAL_QSPI_SetTimeout  stm32l4xx_hal_qspi.o
    0x08002d9c   0x08002d9c   0x00000002   Code   RO          817    i.HAL_QSPI_StatusMatchCallback  stm32l4xx_hal_qspi.o
    0x08002d9e   0x08002d9e   0x00000002   Code   RO          818    i.HAL_QSPI_TimeOutCallback  stm32l4xx_hal_qspi.o
    0x08002da0   0x08002da0   0x000000dc   Code   RO          819    i.HAL_QSPI_Transmit  stm32l4xx_hal_qspi.o
    0x08002e7c   0x08002e7c   0x00000002   Code   RO          822    i.HAL_QSPI_TxCpltCallback  stm32l4xx_hal_qspi.o
    0x08002e7e   0x08002e7e   0x00000002   PAD
    0x08002e80   0x08002e80   0x00000178   Code   RO         2684    i.HAL_RCC_ClockConfig  stm32l4xx_hal_rcc.o
    0x08002ff8   0x08002ff8   0x0000011c   Code   RO         2692    i.HAL_RCC_GetSysClockFreq  stm32l4xx_hal_rcc.o
    0x08003114   0x08003114   0x0000060c   Code   RO         2695    i.HAL_RCC_OscConfig  stm32l4xx_hal_rcc.o
    0x08003720   0x08003720   0x00000034   Code   RO         3714    i.HAL_SYSTICK_Config  stm32l4xx_hal_cortex.o
    0x08003754   0x08003754   0x00000002   Code   RO         1699    i.HAL_TIMEx_Break2Callback  stm32l4xx_hal_tim_ex.o
    0x08003756   0x08003756   0x00000002   Code   RO         1700    i.HAL_TIMEx_BreakCallback  stm32l4xx_hal_tim_ex.o
    0x08003758   0x08003758   0x00000002   Code   RO         1701    i.HAL_TIMEx_CommutationCallback  stm32l4xx_hal_tim_ex.o
    0x0800375a   0x0800375a   0x00000002   PAD
    0x0800375c   0x0800375c   0x00000078   Code   RO         1719    i.HAL_TIMEx_MasterConfigSynchronization  stm32l4xx_hal_tim_ex.o
    0x080037d4   0x080037d4   0x00000034   Code   RO         1049    i.HAL_TIM_Base_Init  stm32l4xx_hal_tim.o
    0x08003808   0x08003808   0x00000044   Code   RO          493    i.HAL_TIM_Base_MspInit  stm32l4xx_hal_msp.o
    0x0800384c   0x0800384c   0x00000044   Code   RO         1052    i.HAL_TIM_Base_Start  stm32l4xx_hal_tim.o
    0x08003890   0x08003890   0x00000002   Code   RO         1078    i.HAL_TIM_IC_CaptureCallback  stm32l4xx_hal_tim.o
    0x08003892   0x08003892   0x000001b8   Code   RO         1091    i.HAL_TIM_IRQHandler  stm32l4xx_hal_tim.o
    0x08003a4a   0x08003a4a   0x00000002   Code   RO         1094    i.HAL_TIM_OC_DelayElapsedCallback  stm32l4xx_hal_tim.o
    0x08003a4c   0x08003a4c   0x00000002   Code   RO         1121    i.HAL_TIM_PWM_PulseFinishedCallback  stm32l4xx_hal_tim.o
    0x08003a4e   0x08003a4e   0x00000002   Code   RO         1128    i.HAL_TIM_PeriodElapsedCallback  stm32l4xx_hal_tim.o
    0x08003a50   0x08003a50   0x00000002   Code   RO         1132    i.HAL_TIM_TriggerCallback  stm32l4xx_hal_tim.o
    0x08003a52   0x08003a52   0x00000004   Code   RO          375    i.HardFault_Handler  stm32l4xx_it.o
    0x08003a56   0x08003a56   0x00000002   PAD
    0x08003a58   0x08003a58   0x00000064   Code   RO          272    i.MX_DAC1_Init      main.o
    0x08003abc   0x08003abc   0x00000054   Code   RO          273    i.MX_DMA_Init       main.o
    0x08003b10   0x08003b10   0x00000090   Code   RO          274    i.MX_GPIO_Init      main.o
    0x08003ba0   0x08003ba0   0x0000003c   Code   RO          275    i.MX_QUADSPI_Init   main.o
    0x08003bdc   0x08003bdc   0x00000050   Code   RO          276    i.MX_TIM6_Init      main.o
    0x08003c2c   0x08003c2c   0x00000004   Code   RO          376    i.MemManage_Handler  stm32l4xx_it.o
    0x08003c30   0x08003c30   0x00000002   Code   RO          377    i.NMI_Handler       stm32l4xx_it.o
    0x08003c32   0x08003c32   0x00000002   PAD
    0x08003c34   0x08003c34   0x00000010   Code   RO         3716    i.NVIC_GetPriorityGrouping  stm32l4xx_hal_cortex.o
    0x08003c44   0x08003c44   0x00000028   Code   RO         3717    i.NVIC_SetPriority  stm32l4xx_hal_cortex.o
    0x08003c6c   0x08003c6c   0x00000002   Code   RO          378    i.PendSV_Handler    stm32l4xx_it.o
    0x08003c6e   0x08003c6e   0x00000002   PAD
    0x08003c70   0x08003c70   0x0000005c   Code   RO           30    i.QSPI_AutoPollingMemReady  stm32l475e_iot01_qspi.o
    0x08003ccc   0x08003ccc   0x000001e8   Code   RO          824    i.QSPI_Config       stm32l4xx_hal_qspi.o
    0x08003eb4   0x08003eb4   0x00000042   Code   RO          825    i.QSPI_DMAAbortCplt  stm32l4xx_hal_qspi.o
    0x08003ef6   0x08003ef6   0x00000002   PAD
    0x08003ef8   0x08003ef8   0x0000013c   Code   RO           31    i.QSPI_HighPerfMode  stm32l475e_iot01_qspi.o
    0x08004034   0x08004034   0x00000100   Code   RO           32    i.QSPI_QuadMode     stm32l475e_iot01_qspi.o
    0x08004134   0x08004134   0x00000064   Code   RO           33    i.QSPI_ResetMemory  stm32l475e_iot01_qspi.o
    0x08004198   0x08004198   0x0000004c   Code   RO          831    i.QSPI_WaitFlagStateUntilTimeout  stm32l4xx_hal_qspi.o
    0x080041e4   0x080041e4   0x00000070   Code   RO           34    i.QSPI_WriteEnable  stm32l475e_iot01_qspi.o
    0x08004254   0x08004254   0x00000010   Code   RO          379    i.QUADSPI_IRQHandler  stm32l4xx_it.o
    0x08004264   0x08004264   0x0000009c   Code   RO         2696    i.RCC_SetFlashLatencyFromMSIRange  stm32l4xx_hal_rcc.o
    0x08004300   0x08004300   0x00000002   Code   RO          380    i.SVC_Handler       stm32l4xx_it.o
    0x08004302   0x08004302   0x00000008   Code   RO          381    i.SysTick_Handler   stm32l4xx_it.o
    0x0800430a   0x0800430a   0x00000078   Code   RO          277    i.SystemClock_Config  main.o
    0x08004382   0x08004382   0x00000002   PAD
    0x08004384   0x08004384   0x00000050   Code   RO         3911    i.SystemInit        system_stm32l4xx.o
    0x080043d4   0x080043d4   0x00000018   Code   RO          382    i.TIM6_DAC_IRQHandler  stm32l4xx_it.o
    0x080043ec   0x080043ec   0x000000cc   Code   RO         1133    i.TIM_Base_SetConfig  stm32l4xx_hal_tim.o
    0x080044b8   0x080044b8   0x00000004   Code   RO          383    i.UsageFault_Handler  stm32l4xx_it.o
    0x080044bc   0x080044bc   0x0000000e   Code   RO         4385    i.__scatterload_copy  mc_w.l(handlers.o)
    0x080044ca   0x080044ca   0x00000002   Code   RO         4386    i.__scatterload_null  mc_w.l(handlers.o)
    0x080044cc   0x080044cc   0x0000000e   Code   RO         4387    i.__scatterload_zeroinit  mc_w.l(handlers.o)
    0x080044da   0x080044da   0x00000002   PAD
    0x080044dc   0x080044dc   0x0000002c   Code   RO          278    i.arm_sqrt_f32      main.o
    0x08004508   0x08004508   0x00000164   Code   RO          279    i.calculateEigen    main.o
    0x0800466c   0x0800466c   0x00000042   Code   RO          280    i.getNorm           main.o
    0x080046ae   0x080046ae   0x00000002   PAD
    0x080046b0   0x080046b0   0x00000b80   Code   RO          281    i.main              main.o
    0x08005230   0x08005230   0x00000048   Data   RO         3912    .constdata          system_stm32l4xx.o
    0x08005278   0x08005278   0x00000804   Data   RO         4317    .constdata          arm_cortexM4lf_math.lib(arm_common_tables.o)
    0x08005a7c   0x08005a7c   0x00000020   Data   RO         4383    Region$$Table       anon$$obj.o


    Execution Region RW_IRAM1 (Exec base: 0x20000000, Load base: 0x08005a9c, Size: 0x00013f98, Max: 0x00018000, ABSOLUTE)

    Exec Addr    Load Addr    Size         Type   Attr      Idx    E Section Name        Object

    0x20000000   0x08005a9c   0x00000118   Data   RW          283    .data               main.o
    0x20000118   0x08005bb4   0x00000004   Data   RW         1988    .data               stm32l4xx_hal.o
    0x2000011c   0x08005bb8   0x00000004   Data   RW         3913    .data               system_stm32l4xx.o
    0x20000120   0x08005bbc   0x00000004   Data   RW         4344    .data               mc_w.l(rand.o)
    0x20000124        -       0x00013a70   Zero   RW          282    .bss                main.o
    0x20013b94   0x08005bc0   0x00000004   PAD
    0x20013b98        -       0x00000400   Zero   RW            1    STACK               startup_stm32l475xx.o


==============================================================================

Image component sizes


      Code (inc. data)   RO Data    RW Data    ZI Data      Debug   Object Name

      4002        500          0        280      80496      25247   main.o
        36          8        392          0       1024        852   startup_stm32l475xx.o
      1528         62          0          0          0     806398   stm32l475e_iot01_qspi.o
       138         14          0          4          0       4275   stm32l4xx_hal.o
       332         28          0          0          0      31693   stm32l4xx_hal_cortex.o
       966         24          0          0          0       8284   stm32l4xx_hal_dac.o
        66          0          0          0          0       4792   stm32l4xx_hal_dac_ex.o
      1084         18          0          0          0       5791   stm32l4xx_hal_dma.o
       870         72          0          0          0       3802   stm32l4xx_hal_gpio.o
       724         76          0          0          0       3900   stm32l4xx_hal_msp.o
       156         18          0          0          0       1386   stm32l4xx_hal_pwr_ex.o
      2686         18          0          0          0      16952   stm32l4xx_hal_qspi.o
      2364         72          0          0          0       5588   stm32l4xx_hal_rcc.o
       774         40          0          0          0       6500   stm32l4xx_hal_tim.o
       126         10          0          0          0       3145   stm32l4xx_hal_tim_ex.o
       132         32          0          0          0       7319   stm32l4xx_it.o
        80         12         72          4          0       1261   system_stm32l4xx.o

    ----------------------------------------------------------------------
     16092       1004        496        288      81524     937185   Object Totals
         0          0         32          0          0          0   (incl. Generated)
        28          0          0          0          4          0   (incl. Padding)

    ----------------------------------------------------------------------

      Code (inc. data)   RO Data    RW Data    ZI Data      Debug   Library Member Name

       210          0          0          0          0      17566   arm_add_f32.o
         0          0       2052          0          0       4704   arm_common_tables.o
       264          0          0          0          0       1826   arm_mat_add_f32.o
         8          0          0          0          0        999   arm_mat_init_f32.o
      1334          4          0          0          0       4782   arm_mat_inverse_f32.o
       322          4          0          0          0       2375   arm_mat_mult_f32.o
       208          0          0          0          0       1804   arm_mat_scale_f32.o
       264          0          0          0          0       1826   arm_mat_sub_f32.o
       282          0          0          0          0       2240   arm_mat_trans_f32.o
       210          0          0          0          0       1199   arm_mult_f32.o
       152          0          0          0          0       1084   arm_scale_f32.o
       148         18          0          0          0        814   arm_sin_f32.o
       210          0          0          0          0       1142   arm_sub_f32.o
         0          0          0          0          0          0   entry.o
         0          0          0          0          0          0   entry10a.o
         0          0          0          0          0          0   entry11a.o
         8          4          0          0          0          0   entry2.o
         4          0          0          0          0          0   entry5.o
         0          0          0          0          0          0   entry7b.o
         0          0          0          0          0          0   entry8b.o
         8          4          0          0          0          0   entry9a.o
        30          0          0          0          0          0   handlers.o
        36          8          0          0          0         68   init.o
         0          0          0          0          0          0   iusefp.o
        30          0          0          0          0         68   llshl.o
        32          0          0          0          0         68   llushr.o
        36          0          0          0          0        108   memseta.o
        36         10          0          4          0        136   rand.o
        48          0          0          0          0         68   cdcmple.o
        56          0          0          0          0         88   d2f.o
       186          0          0          0          0        176   depilogue.o
        34          0          0          0          0         76   dflti.o
       234          0          0          0          0         96   dmul.o
        38          0          0          0          0         68   f2d.o
       110          0          0          0          0        168   fepilogue.o

    ----------------------------------------------------------------------
      4556         52       2052          4          0      43549   Library Totals
        18          0          0          0          0          0   (incl. Padding)

    ----------------------------------------------------------------------

      Code (inc. data)   RO Data    RW Data    ZI Data      Debug   Library Name

      3612         26       2052          0          0      42361   arm_cortexM4lf_math.lib
       220         26          0          4          0        448   mc_w.l
       706          0          0          0          0        740   mf_w.l

    ----------------------------------------------------------------------
      4556         52       2052          4          0      43549   Library Totals

    ----------------------------------------------------------------------

==============================================================================


      Code (inc. data)   RO Data    RW Data    ZI Data      Debug   

     20648       1056       2548        292      81524     968318   Grand Totals
     20648       1056       2548        292      81524     968318   ELF Image Totals
     20648       1056       2548        292          0          0   ROM Totals

==============================================================================

    Total RO  Size (Code + RO Data)                23196 (  22.65kB)
    Total RW  Size (RW Data + ZI Data)             81816 (  79.90kB)
    Total ROM Size (Code + RO Data + RW Data)      23488 (  22.94kB)

==============================================================================

